/home/virgilio/lib/minconda3/envs/MT/lib/python3.10/site-packages/torch/cuda/__init__.py:51: FutureWarning: The pynvml package is deprecated. Please install nvidia-ml-py instead. If you did not install pynvml directly, please report this to the maintainers of the package that installed pynvml for you.
  import pynvml  # type: ignore[import]
/home/virgilio/contrastive_learning/PCLens-spectral-explainability-in-CLIP-ViT-encoder/scripts_paper/exp_concept.py:316: FutureWarning: DataFrameGroupBy.apply operated on the grouping columns. This behavior is deprecated, and in a future version of pandas the grouping columns will be excluded from the operation. Either pass `include_groups=False` to exclude the groupings or explicitly select the grouping columns after groupby to silence this warning.
  .apply(lambda g: g.nlargest(min(kk, len(g)), col)).idx)
/home/virgilio/contrastive_learning/PCLens-spectral-explainability-in-CLIP-ViT-encoder/scripts_paper/exp_concept.py:316: FutureWarning: DataFrameGroupBy.apply operated on the grouping columns. This behavior is deprecated, and in a future version of pandas the grouping columns will be excluded from the operation. Either pass `include_groups=False` to exclude the groupings or explicitly select the grouping columns after groupby to silence this warning.
  .apply(lambda g: g.nlargest(min(kk, len(g)), col)).idx)
/home/virgilio/contrastive_learning/PCLens-spectral-explainability-in-CLIP-ViT-encoder/scripts_paper/exp_concept.py:316: FutureWarning: DataFrameGroupBy.apply operated on the grouping columns. This behavior is deprecated, and in a future version of pandas the grouping columns will be excluded from the operation. Either pass `include_groups=False` to exclude the groupings or explicitly select the grouping columns after groupby to silence this warning.
  .apply(lambda g: g.nlargest(min(kk, len(g)), col)).idx)
/home/virgilio/contrastive_learning/PCLens-spectral-explainability-in-CLIP-ViT-encoder/scripts_paper/exp_concept.py:316: FutureWarning: DataFrameGroupBy.apply operated on the grouping columns. This behavior is deprecated, and in a future version of pandas the grouping columns will be excluded from the operation. Either pass `include_groups=False` to exclude the groupings or explicitly select the grouping columns after groupby to silence this warning.
  .apply(lambda g: g.nlargest(min(kk, len(g)), col)).idx)
/home/virgilio/contrastive_learning/PCLens-spectral-explainability-in-CLIP-ViT-encoder/scripts_paper/exp_concept.py:316: FutureWarning: DataFrameGroupBy.apply operated on the grouping columns. This behavior is deprecated, and in a future version of pandas the grouping columns will be excluded from the operation. Either pass `include_groups=False` to exclude the groupings or explicitly select the grouping columns after groupby to silence this warning.
  .apply(lambda g: g.nlargest(min(kk, len(g)), col)).idx)
/home/virgilio/contrastive_learning/PCLens-spectral-explainability-in-CLIP-ViT-encoder/scripts_paper/exp_concept.py:316: FutureWarning: DataFrameGroupBy.apply operated on the grouping columns. This behavior is deprecated, and in a future version of pandas the grouping columns will be excluded from the operation. Either pass `include_groups=False` to exclude the groupings or explicitly select the grouping columns after groupby to silence this warning.
  .apply(lambda g: g.nlargest(min(kk, len(g)), col)).idx)
/home/virgilio/contrastive_learning/PCLens-spectral-explainability-in-CLIP-ViT-encoder/scripts_paper/exp_concept.py:316: FutureWarning: DataFrameGroupBy.apply operated on the grouping columns. This behavior is deprecated, and in a future version of pandas the grouping columns will be excluded from the operation. Either pass `include_groups=False` to exclude the groupings or explicitly select the grouping columns after groupby to silence this warning.
  .apply(lambda g: g.nlargest(min(kk, len(g)), col)).idx)
/home/virgilio/contrastive_learning/PCLens-spectral-explainability-in-CLIP-ViT-encoder/scripts_paper/exp_concept.py:316: FutureWarning: DataFrameGroupBy.apply operated on the grouping columns. This behavior is deprecated, and in a future version of pandas the grouping columns will be excluded from the operation. Either pass `include_groups=False` to exclude the groupings or explicitly select the grouping columns after groupby to silence this warning.
  .apply(lambda g: g.nlargest(min(kk, len(g)), col)).idx)
/home/virgilio/contrastive_learning/PCLens-spectral-explainability-in-CLIP-ViT-encoder/scripts_paper/exp_concept.py:316: FutureWarning: DataFrameGroupBy.apply operated on the grouping columns. This behavior is deprecated, and in a future version of pandas the grouping columns will be excluded from the operation. Either pass `include_groups=False` to exclude the groupings or explicitly select the grouping columns after groupby to silence this warning.
  .apply(lambda g: g.nlargest(min(kk, len(g)), col)).idx)
/home/virgilio/contrastive_learning/PCLens-spectral-explainability-in-CLIP-ViT-encoder/scripts_paper/exp_concept.py:316: FutureWarning: DataFrameGroupBy.apply operated on the grouping columns. This behavior is deprecated, and in a future version of pandas the grouping columns will be excluded from the operation. Either pass `include_groups=False` to exclude the groupings or explicitly select the grouping columns after groupby to silence this warning.
  .apply(lambda g: g.nlargest(min(kk, len(g)), col)).idx)
/home/virgilio/lib/minconda3/envs/MT/lib/python3.10/site-packages/torch/cuda/__init__.py:51: FutureWarning: The pynvml package is deprecated. Please install nvidia-ml-py instead. If you did not install pynvml directly, please report this to the maintainers of the package that installed pynvml for you.
  import pynvml  # type: ignore[import]
/home/virgilio/contrastive_learning/PCLens-spectral-explainability-in-CLIP-ViT-encoder/scripts_paper/exp_concept.py:316: FutureWarning: DataFrameGroupBy.apply operated on the grouping columns. This behavior is deprecated, and in a future version of pandas the grouping columns will be excluded from the operation. Either pass `include_groups=False` to exclude the groupings or explicitly select the grouping columns after groupby to silence this warning.
  .apply(lambda g: g.nlargest(min(kk, len(g)), col)).idx)
/home/virgilio/contrastive_learning/PCLens-spectral-explainability-in-CLIP-ViT-encoder/scripts_paper/exp_concept.py:316: FutureWarning: DataFrameGroupBy.apply operated on the grouping columns. This behavior is deprecated, and in a future version of pandas the grouping columns will be excluded from the operation. Either pass `include_groups=False` to exclude the groupings or explicitly select the grouping columns after groupby to silence this warning.
  .apply(lambda g: g.nlargest(min(kk, len(g)), col)).idx)
/home/virgilio/contrastive_learning/PCLens-spectral-explainability-in-CLIP-ViT-encoder/scripts_paper/exp_concept.py:316: FutureWarning: DataFrameGroupBy.apply operated on the grouping columns. This behavior is deprecated, and in a future version of pandas the grouping columns will be excluded from the operation. Either pass `include_groups=False` to exclude the groupings or explicitly select the grouping columns after groupby to silence this warning.
  .apply(lambda g: g.nlargest(min(kk, len(g)), col)).idx)
/home/virgilio/contrastive_learning/PCLens-spectral-explainability-in-CLIP-ViT-encoder/scripts_paper/exp_concept.py:316: FutureWarning: DataFrameGroupBy.apply operated on the grouping columns. This behavior is deprecated, and in a future version of pandas the grouping columns will be excluded from the operation. Either pass `include_groups=False` to exclude the groupings or explicitly select the grouping columns after groupby to silence this warning.
  .apply(lambda g: g.nlargest(min(kk, len(g)), col)).idx)
/home/virgilio/contrastive_learning/PCLens-spectral-explainability-in-CLIP-ViT-encoder/scripts_paper/exp_concept.py:316: FutureWarning: DataFrameGroupBy.apply operated on the grouping columns. This behavior is deprecated, and in a future version of pandas the grouping columns will be excluded from the operation. Either pass `include_groups=False` to exclude the groupings or explicitly select the grouping columns after groupby to silence this warning.
  .apply(lambda g: g.nlargest(min(kk, len(g)), col)).idx)
/home/virgilio/contrastive_learning/PCLens-spectral-explainability-in-CLIP-ViT-encoder/scripts_paper/exp_concept.py:316: FutureWarning: DataFrameGroupBy.apply operated on the grouping columns. This behavior is deprecated, and in a future version of pandas the grouping columns will be excluded from the operation. Either pass `include_groups=False` to exclude the groupings or explicitly select the grouping columns after groupby to silence this warning.
  .apply(lambda g: g.nlargest(min(kk, len(g)), col)).idx)
/home/virgilio/contrastive_learning/PCLens-spectral-explainability-in-CLIP-ViT-encoder/scripts_paper/exp_concept.py:316: FutureWarning: DataFrameGroupBy.apply operated on the grouping columns. This behavior is deprecated, and in a future version of pandas the grouping columns will be excluded from the operation. Either pass `include_groups=False` to exclude the groupings or explicitly select the grouping columns after groupby to silence this warning.
  .apply(lambda g: g.nlargest(min(kk, len(g)), col)).idx)
/home/virgilio/contrastive_learning/PCLens-spectral-explainability-in-CLIP-ViT-encoder/scripts_paper/exp_concept.py:316: FutureWarning: DataFrameGroupBy.apply operated on the grouping columns. This behavior is deprecated, and in a future version of pandas the grouping columns will be excluded from the operation. Either pass `include_groups=False` to exclude the groupings or explicitly select the grouping columns after groupby to silence this warning.
  .apply(lambda g: g.nlargest(min(kk, len(g)), col)).idx)
/home/virgilio/contrastive_learning/PCLens-spectral-explainability-in-CLIP-ViT-encoder/scripts_paper/exp_concept.py:316: FutureWarning: DataFrameGroupBy.apply operated on the grouping columns. This behavior is deprecated, and in a future version of pandas the grouping columns will be excluded from the operation. Either pass `include_groups=False` to exclude the groupings or explicitly select the grouping columns after groupby to silence this warning.
  .apply(lambda g: g.nlargest(min(kk, len(g)), col)).idx)
/home/virgilio/contrastive_learning/PCLens-spectral-explainability-in-CLIP-ViT-encoder/scripts_paper/exp_concept.py:316: FutureWarning: DataFrameGroupBy.apply operated on the grouping columns. This behavior is deprecated, and in a future version of pandas the grouping columns will be excluded from the operation. Either pass `include_groups=False` to exclude the groupings or explicitly select the grouping columns after groupby to silence this warning.
  .apply(lambda g: g.nlargest(min(kk, len(g)), col)).idx)
slurmstepd-ncc-gpu1: error: *** JOB 4190 ON ncc-gpu1 CANCELLED AT 2026-08-14T17:52:00 ***
