######## component level, both towers
Using local files
[ViT-B-32/comp] 266 units (157 vision, 109 text); full model total=59.50 worst-group=28.50
  [text] top 3 by KEEP strength (the class axis):
    L11H5     PC-1  keep=0.1319 remove=0.0550  share_keep=+0.149
    L11H0     PC-1  keep=0.0836 remove=0.0198  share_keep=+0.094
    MLP 12    PC-1  keep=0.0367 remove=0.0242  share_keep=-0.041
  [text] top 3 by REMOVE strength (the spurious axis):
    L11H5     PC-1  remove=0.0550 keep=0.1319  share_remove=+0.108
    L6H1      PC-1  remove=0.0281 keep=0.0152  share_remove=+0.055
    L11H2     PC-1  remove=0.0260 keep=0.0198  share_remove=+0.051
  [vision] top 3 by KEEP strength (the class axis):
    L11H7     PC-1  keep=0.0231 remove=0.0060  share_keep=+0.258
    MLP 12    PC-1  keep=0.0122 remove=0.0096  share_keep=-0.083
    L11H9     PC-1  keep=0.0101 remove=0.0156  share_keep=+0.117
  [vision] top 3 by REMOVE strength (the spurious axis):
    L11H9     PC-1  remove=0.0156 keep=0.0101  share_remove=+0.184
    MLP 12    PC-1  remove=0.0096 keep=0.0122  share_remove=-0.029
    MLP 11    PC-1  remove=0.0093 keep=0.0074  share_remove=+0.066
  [greedy all units          forward ] kept=  150/266 total=52.35 worst-group=28.10
  [greedy all units          forward+swap] kept=  150/266 total=52.35 worst-group=28.10
  [greedy all units          backward] kept=  154/266 total=52.10 worst-group=25.36
  [greedy all units          backward+swap] kept=  154/266 total=52.10 worst-group=25.36
  [greedy query pool M=60    forward ] kept=   77/266 total=55.55 worst-group=35.69
  [greedy query pool M=60    forward+swap] kept=   77/266 total=55.55 worst-group=35.69
  [greedy query pool M=60    backward] kept=  215/266 total=54.55 worst-group=29.67
  [greedy query pool M=60    backward+swap] kept=  215/266 total=54.55 worst-group=29.67
[ViT-B-32/comp] wrote concept_{rank,eval,trace}
######## PC level, both towers
Using local files
[ViT-B-32/pc] 2112 units (1241 vision, 871 text); full model total=59.50 worst-group=28.50
  [text] top 3 by KEEP strength (the class axis):
    L11H5     PC3   keep=0.0111 remove=0.0027  share_keep=+0.013
    L6H1      PC3   keep=0.0081 remove=0.0125  share_keep=+0.009
    L9H3      PC1   keep=0.0067 remove=0.0039  share_keep=+0.008
  [text] top 3 by REMOVE strength (the spurious axis):
    L6H1      PC3   remove=0.0125 keep=0.0081  share_remove=+0.025
    L6H1      PC1   remove=0.0068 keep=0.0038  share_remove=+0.013
    L8H1      PC2   remove=0.0066 keep=0.0038  share_remove=+0.013
  [vision] top 3 by KEEP strength (the class axis):
    L11H7     PC0   keep=0.0168 remove=0.0030  share_keep=+0.153
    L11H9     PC0   keep=0.0088 remove=0.0129  share_keep=+0.099
    L11H7     PC1   keep=0.0078 remove=0.0000  share_keep=+0.010
  [vision] top 3 by REMOVE strength (the spurious axis):
    L11H9     PC0   remove=0.0129 keep=0.0088  share_remove=+0.137
    L10H1     PC0   remove=0.0085 keep=0.0058  share_remove=+0.098
    MLP 11    PC3   remove=0.0061 keep=0.0036  share_remove=+0.037
  [greedy all units          forward ] kept= 1036/2112 total=54.60 worst-group=22.22
  [greedy all units          forward+swap] kept= 1035/2112 total=54.75 worst-group=20.92
  [greedy all units          backward] kept= 1045/2112 total=52.80 worst-group=21.18
  [greedy all units          backward+swap] kept= 1039/2112 total=54.45 worst-group=20.13
  [greedy query pool M=200   forward ] kept=  275/2112 total=53.00 worst-group=27.32
  [greedy query pool M=200   forward+swap] kept=  275/2112 total=53.00 worst-group=27.32
  [greedy query pool M=200   backward] kept= 1846/2112 total=53.45 worst-group=27.45
  [greedy query pool M=200   backward+swap] kept= 1853/2112 total=54.90 worst-group=29.15
[ViT-B-32/pc] wrote concept_{rank,eval,trace}
SMOKE_CONCEPT_OK
