[ViT-B-32/fairface] 7 classes, calibration 7 pairs, 3500 images total
  seed pair ('vision', ('attn', 11, 1)) + ('text', ('attn', 10, 5))  loss=1.4491
  +('text', ('mlp', 7, -1)) -> loss=1.3264 (|pool|=3)
  +('vision', ('attn', 4, 6)) -> loss=1.2909 (|pool|=4)
  +('text', ('mlp', 11, -1)) -> loss=1.2554 (|pool|=5)
  +('vision', ('attn', 11, 5)) -> loss=1.1898 (|pool|=6)
  +('vision', ('attn', 9, 6)) -> loss=1.1530 (|pool|=7)
  +('text', ('attn', 7, 1)) -> loss=1.1116 (|pool|=8)
  +('vision', ('attn', 11, 6)) -> loss=1.0800 (|pool|=9)
  +('vision', ('attn', 11, 0)) -> loss=1.0527 (|pool|=10)
  +('text', ('attn', 8, 7)) -> loss=1.0253 (|pool|=11)
  +('text', ('attn', 5, 7)) -> loss=1.0031 (|pool|=12)
  +('vision', ('attn', 10, 1)) -> loss=0.9797 (|pool|=13)
  +('vision', ('attn', 11, 8)) -> loss=0.9567 (|pool|=14)
  +('vision', ('attn', 10, 8)) -> loss=0.9332 (|pool|=15)
  +('vision', ('attn', 9, 7)) -> loss=0.9171 (|pool|=16)
  +('vision', ('attn', 8, 6)) -> loss=0.8965 (|pool|=17)
  +('vision', ('attn', 5, 6)) -> loss=0.8817 (|pool|=18)
  +('vision', ('attn', 11, 9)) -> loss=0.8661 (|pool|=19)
  +('text', ('attn', 11, 4)) -> loss=0.8497 (|pool|=20)
  +('text', ('mlp', 4, -1)) -> loss=0.8300 (|pool|=21)
  +('text', ('attn', 3, 4)) -> loss=0.8090 (|pool|=22)
  +('vision', ('attn', 10, 0)) -> loss=0.7828 (|pool|=23)
  +('text', ('attn', 4, 5)) -> loss=0.7666 (|pool|=24)
  +('vision', ('attn', 8, 5)) -> loss=0.7536 (|pool|=25)
  +('text', ('attn', 4, 6)) -> loss=0.7420 (|pool|=26)
  +('text', ('attn', 9, 7)) -> loss=0.7320 (|pool|=27)
  +('vision', ('attn', 8, 1)) -> loss=0.7230 (|pool|=28)
  +('vision', ('attn', 10, 7)) -> loss=0.7143 (|pool|=29)
  +('vision', ('attn', 5, 5)) -> loss=0.7050 (|pool|=30)
  +('text', ('attn', 9, 0)) -> loss=0.6971 (|pool|=31)
  +('text', ('attn', 8, 4)) -> loss=0.6900 (|pool|=32)
  +('vision', ('attn', 5, 3)) -> loss=0.6834 (|pool|=33)
  +('text', ('attn', 11, 7)) -> loss=0.6760 (|pool|=34)
  +('vision', ('attn', 10, 10)) -> loss=0.6690 (|pool|=35)
  +('text', ('attn', 6, 5)) -> loss=0.6630 (|pool|=36)
  +('vision', ('attn', 5, 1)) -> loss=0.6574 (|pool|=37)
  +('text', ('attn', 5, 0)) -> loss=0.6519 (|pool|=38)
  +('vision', ('attn', 9, 9)) -> loss=0.6469 (|pool|=39)
  +('vision', ('mlp', 4, -1)) -> loss=0.6420 (|pool|=40)
  +('vision', ('attn', 4, 2)) -> loss=0.6376 (|pool|=41)
  +('vision', ('attn', 7, 4)) -> loss=0.6335 (|pool|=42)
  +('text', ('attn', 4, 0)) -> loss=0.6297 (|pool|=43)
  +('vision', ('attn', 5, 8)) -> loss=0.6260 (|pool|=44)
  +('vision', ('attn', 2, 0)) -> loss=0.6227 (|pool|=45)
  +('vision', ('attn', 7, 7)) -> loss=0.6189 (|pool|=46)
  +('text', ('attn', 2, 3)) -> loss=0.6157 (|pool|=47)
  +('vision', ('attn', 6, 7)) -> loss=0.6125 (|pool|=48)
  +('text', ('attn', 10, 7)) -> loss=0.6093 (|pool|=49)
  +('text', ('mlp', 3, -1)) -> loss=0.6041 (|pool|=50)
  +('text', ('attn', 4, 1)) -> loss=0.6001 (|pool|=51)
  +('text', ('attn', 9, 1)) -> loss=0.5973 (|pool|=52)
  +('vision', ('attn', 11, 2)) -> loss=0.5944 (|pool|=53)
  +('vision', ('attn', 6, 6)) -> loss=0.5884 (|pool|=54)
  +('vision', ('attn', 5, 7)) -> loss=0.5853 (|pool|=55)
  +('vision', ('attn', 5, 10)) -> loss=0.5824 (|pool|=56)
  +('text', ('attn', 6, 6)) -> loss=0.5799 (|pool|=57)
  +('text', ('attn', 9, 5)) -> loss=0.5775 (|pool|=58)
  +('vision', ('attn', 10, 11)) -> loss=0.5743 (|pool|=59)
  +('text', ('attn', 3, 6)) -> loss=0.5716 (|pool|=60)
  +('text', ('mlp', 10, -1)) -> loss=0.5689 (|pool|=61)
  +('text', ('attn', 11, 0)) -> loss=0.5611 (|pool|=62)
  +('vision', ('attn', 9, 5)) -> loss=0.5556 (|pool|=63)
  +('text', ('mlp', 1, -1)) -> loss=0.5501 (|pool|=64)
  +('vision', ('attn', 3, 9)) -> loss=0.5451 (|pool|=65)
  +('vision', ('attn', 7, 2)) -> loss=0.5414 (|pool|=66)
  +('text', ('mlp', 9, -1)) -> loss=0.5371 (|pool|=67)
  +('text', ('attn', 6, 3)) -> loss=0.5304 (|pool|=68)
  +('vision', ('attn', 2, 7)) -> loss=0.5257 (|pool|=69)
  +('vision', ('attn', 1, 3)) -> loss=0.5216 (|pool|=70)
  +('vision', ('mlp', 8, -1)) -> loss=0.5160 (|pool|=71)
  +('vision', ('attn', 1, 11)) -> loss=0.5110 (|pool|=72)
  +('vision', ('attn', 4, 9)) -> loss=0.5078 (|pool|=73)
  +('vision', ('attn', 4, 11)) -> loss=0.5052 (|pool|=74)
  +('text', ('attn', 11, 6)) -> loss=0.5025 (|pool|=75)
  +('text', ('attn', 3, 5)) -> loss=0.5000 (|pool|=76)
  +('text', ('attn', 4, 7)) -> loss=0.4978 (|pool|=77)
  +('text', ('attn', 6, 7)) -> loss=0.4957 (|pool|=78)
  +('vision', ('attn', 6, 10)) -> loss=0.4936 (|pool|=79)
  +('vision', ('attn', 8, 8)) -> loss=0.4915 (|pool|=80)
  +('text', ('attn', 7, 3)) -> loss=0.4894 (|pool|=81)
  +('vision', ('attn', 2, 3)) -> loss=0.4877 (|pool|=82)
  +('vision', ('attn', 4, 7)) -> loss=0.4863 (|pool|=83)
  +('text', ('attn', 9, 6)) -> loss=0.4849 (|pool|=84)
  +('text', ('attn', 0, 1)) -> loss=0.4836 (|pool|=85)
  +('vision', ('attn', 7, 11)) -> loss=0.4823 (|pool|=86)
  +('vision', ('attn', 9, 8)) -> loss=0.4809 (|pool|=87)
  +('vision', ('attn', 3, 11)) -> loss=0.4798 (|pool|=88)
  +('text', ('mlp', 0, -1)) -> loss=0.4787 (|pool|=89)
  +('vision', ('attn', 6, 9)) -> loss=0.4776 (|pool|=90)
  +('text', ('attn', 7, 5)) -> loss=0.4766 (|pool|=91)
  +('text', ('attn', 0, 3)) -> loss=0.4758 (|pool|=92)
  +('text', ('attn', 2, 1)) -> loss=0.4751 (|pool|=93)
  +('text', ('attn', 5, 3)) -> loss=0.4745 (|pool|=94)
  +('text', ('attn', 10, 4)) -> loss=0.4739 (|pool|=95)
  +('text', ('attn', 10, 1)) -> loss=0.4734 (|pool|=96)
[ViT-B-32/fairface] full=49.40  pool(96)=53.89
[ViT-B-32/fairface] 7 classes, calibration 7 pairs, 3500 images total
  seed pair ('vision', ('attn', 11, 1)) + ('text', ('attn', 10, 5))  loss=1.7484
  +('text', ('mlp', 7, -1)) -> loss=1.6815 (|pool|=3)
  +('text', ('attn', 6, 1)) -> loss=1.6404 (|pool|=4)
  +('vision', ('attn', 9, 6)) -> loss=1.6103 (|pool|=5)
  +('text', ('attn', 11, 1)) -> loss=1.5772 (|pool|=6)
  +('text', ('mlp', 11, -1)) -> loss=1.5177 (|pool|=7)
  +('vision', ('attn', 4, 11)) -> loss=1.4808 (|pool|=8)
  +('vision', ('attn', 11, 4)) -> loss=1.4488 (|pool|=9)
  +('vision', ('mlp', 10, -1)) -> loss=1.4173 (|pool|=10)
  +('vision', ('attn', 10, 1)) -> loss=1.3735 (|pool|=11)
  +('text', ('attn', 8, 7)) -> loss=1.3333 (|pool|=12)
  +('vision', ('attn', 5, 5)) -> loss=1.2973 (|pool|=13)
  +('text', ('attn', 11, 0)) -> loss=1.2552 (|pool|=14)
  +('text', ('attn', 6, 2)) -> loss=1.2189 (|pool|=15)
  +('text', ('attn', 11, 7)) -> loss=1.1883 (|pool|=16)
  +('vision', ('mlp', 1, -1)) -> loss=1.1624 (|pool|=17)
  +('vision', ('attn', 4, 6)) -> loss=1.1366 (|pool|=18)
  +('vision', ('mlp', 4, -1)) -> loss=1.1121 (|pool|=19)
  +('text', ('attn', 5, 7)) -> loss=1.0872 (|pool|=20)
  +('text', ('attn', 4, 5)) -> loss=1.0627 (|pool|=21)
  +('vision', ('attn', 8, 3)) -> loss=1.0402 (|pool|=22)
  +('vision', ('attn', 7, 10)) -> loss=1.0189 (|pool|=23)
  +('vision', ('attn', 5, 6)) -> loss=1.0015 (|pool|=24)
  +('vision', ('attn', 9, 11)) -> loss=0.9846 (|pool|=25)
  +('vision', ('attn', 7, 8)) -> loss=0.9671 (|pool|=26)
  +('vision', ('attn', 9, 9)) -> loss=0.9516 (|pool|=27)
  +('vision', ('attn', 9, 4)) -> loss=0.9377 (|pool|=28)
  +('vision', ('attn', 9, 1)) -> loss=0.9249 (|pool|=29)
  +('vision', ('attn', 9, 5)) -> loss=0.9128 (|pool|=30)
  +('text', ('attn', 11, 2)) -> loss=0.9000 (|pool|=31)
  +('vision', ('attn', 10, 7)) -> loss=0.8875 (|pool|=32)
  +('text', ('mlp', 6, -1)) -> loss=0.8718 (|pool|=33)
  +('vision', ('attn', 5, 8)) -> loss=0.8555 (|pool|=34)
  +('text', ('attn', 9, 4)) -> loss=0.8416 (|pool|=35)
  +('text', ('attn', 9, 0)) -> loss=0.8296 (|pool|=36)
  +('vision', ('attn', 8, 5)) -> loss=0.8186 (|pool|=37)
  +('vision', ('attn', 9, 3)) -> loss=0.8085 (|pool|=38)
  +('text', ('attn', 1, 2)) -> loss=0.7987 (|pool|=39)
  +('text', ('attn', 0, 4)) -> loss=0.7881 (|pool|=40)
  +('vision', ('attn', 10, 11)) -> loss=0.7774 (|pool|=41)
  +('vision', ('mlp', 8, -1)) -> loss=0.7627 (|pool|=42)
  +('vision', ('attn', 11, 10)) -> loss=0.7421 (|pool|=43)
  +('text', ('attn', 0, 2)) -> loss=0.7301 (|pool|=44)
  +('text', ('attn', 2, 7)) -> loss=0.7196 (|pool|=45)
  +('text', ('attn', 6, 3)) -> loss=0.7106 (|pool|=46)
  +('vision', ('attn', 8, 8)) -> loss=0.7024 (|pool|=47)
  +('text', ('attn', 3, 6)) -> loss=0.6937 (|pool|=48)
  +('vision', ('attn', 9, 2)) -> loss=0.6847 (|pool|=49)
  +('vision', ('attn', 7, 9)) -> loss=0.6778 (|pool|=50)
  +('text', ('attn', 9, 7)) -> loss=0.6704 (|pool|=51)
  +('vision', ('attn', 9, 0)) -> loss=0.6636 (|pool|=52)
  +('text', ('attn', 7, 7)) -> loss=0.6566 (|pool|=53)
  +('vision', ('attn', 9, 8)) -> loss=0.6497 (|pool|=54)
  +('text', ('attn', 0, 6)) -> loss=0.6415 (|pool|=55)
  +('vision', ('attn', 1, 4)) -> loss=0.6355 (|pool|=56)
  +('text', ('attn', 6, 0)) -> loss=0.6293 (|pool|=57)
  +('text', ('attn', 9, 2)) -> loss=0.6234 (|pool|=58)
  +('vision', ('attn', 2, 2)) -> loss=0.6176 (|pool|=59)
  +('vision', ('attn', 4, 1)) -> loss=0.6124 (|pool|=60)
  +('vision', ('attn', 3, 5)) -> loss=0.6074 (|pool|=61)
  +('vision', ('attn', 5, 2)) -> loss=0.6027 (|pool|=62)
  +('text', ('attn', 11, 4)) -> loss=0.5952 (|pool|=63)
  +('text', ('attn', 2, 6)) -> loss=0.5900 (|pool|=64)
  +('vision', ('attn', 8, 10)) -> loss=0.5847 (|pool|=65)
  +('text', ('attn', 2, 5)) -> loss=0.5806 (|pool|=66)
  +('text', ('attn', 2, 4)) -> loss=0.5764 (|pool|=67)
  +('vision', ('attn', 3, 11)) -> loss=0.5726 (|pool|=68)
  +('vision', ('attn', 4, 5)) -> loss=0.5690 (|pool|=69)
  +('text', ('attn', 9, 1)) -> loss=0.5654 (|pool|=70)
  +('vision', ('attn', 8, 9)) -> loss=0.5620 (|pool|=71)
  +('text', ('mlp', 10, -1)) -> loss=0.5558 (|pool|=72)
  +('text', ('attn', 4, 1)) -> loss=0.5499 (|pool|=73)
  +('text', ('attn', 10, 0)) -> loss=0.5429 (|pool|=74)
  +('vision', ('mlp', 2, -1)) -> loss=0.5368 (|pool|=75)
  +('vision', ('attn', 7, 2)) -> loss=0.5323 (|pool|=76)
  +('text', ('attn', 0, 1)) -> loss=0.5286 (|pool|=77)
  +('vision', ('attn', 10, 8)) -> loss=0.5244 (|pool|=78)
  +('vision', ('attn', 6, 11)) -> loss=0.5203 (|pool|=79)
  +('text', ('attn', 11, 6)) -> loss=0.5171 (|pool|=80)
  +('vision', ('attn', 2, 5)) -> loss=0.5140 (|pool|=81)
  +('vision', ('attn', 6, 3)) -> loss=0.5110 (|pool|=82)
  +('text', ('attn', 1, 7)) -> loss=0.5081 (|pool|=83)
  +('text', ('attn', 7, 0)) -> loss=0.5058 (|pool|=84)
  +('text', ('attn', 10, 3)) -> loss=0.5039 (|pool|=85)
  +('text', ('mlp', 2, -1)) -> loss=0.5020 (|pool|=86)
  +('vision', ('attn', 5, 7)) -> loss=0.5002 (|pool|=87)
  +('vision', ('attn', 1, 1)) -> loss=0.4986 (|pool|=88)
  +('vision', ('mlp', 3, -1)) -> loss=0.4968 (|pool|=89)
  +('text', ('attn', 7, 6)) -> loss=0.4952 (|pool|=90)
  +('text', ('attn', 8, 1)) -> loss=0.4938 (|pool|=91)
  +('vision', ('attn', 2, 1)) -> loss=0.4926 (|pool|=92)
  +('vision', ('attn', 3, 8)) -> loss=0.4914 (|pool|=93)
  +('text', ('attn', 8, 4)) -> loss=0.4903 (|pool|=94)
  +('text', ('attn', 9, 5)) -> loss=0.4891 (|pool|=95)
  +('text', ('attn', 1, 3)) -> loss=0.4880 (|pool|=96)
[ViT-B-32/fairface] full=49.40  pool(96)=54.97
[ViT-B-32/fairface] 7 classes, calibration 7 pairs, 3500 images total
  seed pair ('vision', ('attn', 11, 1)) + ('text', ('attn', 10, 5))  loss=1.6646
  +('vision', ('attn', 11, 7)) -> loss=1.3981 (|pool|=3)
  +('vision', ('attn', 10, 0)) -> loss=1.2924 (|pool|=4)
  +('text', ('mlp', 8, -1)) -> loss=1.2056 (|pool|=5)
  +('text', ('mlp', 11, -1)) -> loss=1.1139 (|pool|=6)
  +('text', ('attn', 11, 7)) -> loss=1.0456 (|pool|=7)
  +('text', ('attn', 6, 1)) -> loss=0.9816 (|pool|=8)
  +('vision', ('attn', 10, 1)) -> loss=0.9214 (|pool|=9)
  +('text', ('attn', 11, 5)) -> loss=0.8620 (|pool|=10)
  +('text', ('attn', 5, 7)) -> loss=0.8243 (|pool|=11)
  +('vision', ('mlp', 8, -1)) -> loss=0.7891 (|pool|=12)
  +('text', ('mlp', 3, -1)) -> loss=0.7525 (|pool|=13)
  +('text', ('attn', 7, 1)) -> loss=0.7140 (|pool|=14)
  +('vision', ('mlp', 11, -1)) -> loss=0.6647 (|pool|=15)
  +('vision', ('mlp', 10, -1)) -> loss=0.6130 (|pool|=16)
  +('vision', ('attn', 11, 0)) -> loss=0.5817 (|pool|=17)
  +('text', ('attn', 11, 4)) -> loss=0.5503 (|pool|=18)
  +('vision', ('attn', 10, 4)) -> loss=0.5232 (|pool|=19)
  +('vision', ('attn', 9, 1)) -> loss=0.5042 (|pool|=20)
  +('text', ('attn', 9, 4)) -> loss=0.4860 (|pool|=21)
  +('vision', ('attn', 9, 7)) -> loss=0.4684 (|pool|=22)
  +('vision', ('attn', 10, 6)) -> loss=0.4549 (|pool|=23)
  +('vision', ('attn', 11, 11)) -> loss=0.4412 (|pool|=24)
  +('vision', ('attn', 10, 7)) -> loss=0.4283 (|pool|=25)
  +('text', ('attn', 8, 7)) -> loss=0.4137 (|pool|=26)
  +('vision', ('attn', 10, 11)) -> loss=0.4011 (|pool|=27)
  +('vision', ('attn', 9, 2)) -> loss=0.3910 (|pool|=28)
  +('vision', ('attn', 5, 6)) -> loss=0.3817 (|pool|=29)
  +('text', ('attn', 0, 4)) -> loss=0.3727 (|pool|=30)
  +('vision', ('attn', 8, 11)) -> loss=0.3642 (|pool|=31)
  +('vision', ('attn', 7, 0)) -> loss=0.3565 (|pool|=32)
  +('vision', ('attn', 10, 8)) -> loss=0.3483 (|pool|=33)
  +('vision', ('attn', 8, 7)) -> loss=0.3414 (|pool|=34)
  +('vision', ('attn', 9, 10)) -> loss=0.3339 (|pool|=35)
  +('vision', ('mlp', 6, -1)) -> loss=0.3262 (|pool|=36)
  +('vision', ('attn', 6, 4)) -> loss=0.3190 (|pool|=37)
  +('vision', ('attn', 9, 11)) -> loss=0.3125 (|pool|=38)
  +('vision', ('attn', 9, 9)) -> loss=0.3073 (|pool|=39)
  +('vision', ('attn', 1, 6)) -> loss=0.3024 (|pool|=40)
  +('vision', ('attn', 7, 9)) -> loss=0.2980 (|pool|=41)
  +('text', ('attn', 2, 5)) -> loss=0.2937 (|pool|=42)
  +('vision', ('attn', 7, 7)) -> loss=0.2894 (|pool|=43)
  +('vision', ('attn', 10, 2)) -> loss=0.2850 (|pool|=44)
  +('text', ('attn', 1, 1)) -> loss=0.2810 (|pool|=45)
  +('text', ('attn', 0, 2)) -> loss=0.2771 (|pool|=46)
  +('text', ('attn', 5, 4)) -> loss=0.2736 (|pool|=47)
  +('vision', ('attn', 8, 4)) -> loss=0.2705 (|pool|=48)
  +('text', ('attn', 4, 0)) -> loss=0.2675 (|pool|=49)
  +('vision', ('attn', 8, 8)) -> loss=0.2646 (|pool|=50)
  +('vision', ('attn', 6, 8)) -> loss=0.2619 (|pool|=51)
  +('vision', ('attn', 4, 11)) -> loss=0.2590 (|pool|=52)
  +('text', ('attn', 6, 5)) -> loss=0.2564 (|pool|=53)
  +('vision', ('attn', 7, 4)) -> loss=0.2535 (|pool|=54)
  +('vision', ('attn', 4, 1)) -> loss=0.2512 (|pool|=55)
  +('text', ('attn', 3, 3)) -> loss=0.2490 (|pool|=56)
  +('text', ('attn', 2, 2)) -> loss=0.2463 (|pool|=57)
  +('vision', ('attn', 8, 0)) -> loss=0.2438 (|pool|=58)
  +('vision', ('attn', 7, 11)) -> loss=0.2418 (|pool|=59)
  +('vision', ('attn', 9, 8)) -> loss=0.2400 (|pool|=60)
  +('text', ('attn', 10, 2)) -> loss=0.2383 (|pool|=61)
  +('text', ('attn', 0, 0)) -> loss=0.2366 (|pool|=62)
  +('text', ('attn', 9, 0)) -> loss=0.2351 (|pool|=63)
  +('vision', ('attn', 8, 10)) -> loss=0.2336 (|pool|=64)
  +('text', ('attn', 3, 2)) -> loss=0.2320 (|pool|=65)
  +('vision', ('attn', 7, 1)) -> loss=0.2300 (|pool|=66)
  +('text', ('attn', 4, 7)) -> loss=0.2283 (|pool|=67)
  +('text', ('attn', 6, 7)) -> loss=0.2268 (|pool|=68)
  +('vision', ('attn', 8, 1)) -> loss=0.2254 (|pool|=69)
  +('text', ('attn', 7, 7)) -> loss=0.2241 (|pool|=70)
  +('text', ('attn', 8, 4)) -> loss=0.2230 (|pool|=71)
  +('vision', ('attn', 5, 7)) -> loss=0.2217 (|pool|=72)
  +('vision', ('attn', 0, 4)) -> loss=0.2209 (|pool|=73)
  +('text', ('attn', 11, 3)) -> loss=0.2200 (|pool|=74)
  +('text', ('attn', 3, 1)) -> loss=0.2192 (|pool|=75)
  +('vision', ('attn', 11, 5)) -> loss=0.2177 (|pool|=76)
  +('text', ('attn', 3, 4)) -> loss=0.2121 (|pool|=77)
  +('text', ('attn', 8, 0)) -> loss=0.2092 (|pool|=78)
  +('text', ('attn', 1, 2)) -> loss=0.2075 (|pool|=79)
  +('text', ('attn', 0, 5)) -> loss=0.2060 (|pool|=80)
  +('vision', ('attn', 8, 2)) -> loss=0.2047 (|pool|=81)
  +('text', ('attn', 10, 7)) -> loss=0.2039 (|pool|=82)
  +('vision', ('attn', 0, 10)) -> loss=0.2031 (|pool|=83)
  +('text', ('attn', 8, 6)) -> loss=0.2024 (|pool|=84)
  +('text', ('attn', 3, 0)) -> loss=0.2016 (|pool|=85)
  +('text', ('attn', 1, 0)) -> loss=0.2011 (|pool|=86)
  +('text', ('attn', 4, 3)) -> loss=0.2005 (|pool|=87)
  +('vision', ('attn', 6, 7)) -> loss=0.1998 (|pool|=88)
  +('vision', ('attn', 7, 3)) -> loss=0.1992 (|pool|=89)
  +('text', ('attn', 8, 2)) -> loss=0.1985 (|pool|=90)
  +('text', ('attn', 1, 7)) -> loss=0.1979 (|pool|=91)
  +('vision', ('attn', 10, 10)) -> loss=0.1973 (|pool|=92)
  +('vision', ('attn', 4, 4)) -> loss=0.1966 (|pool|=93)
  +('vision', ('attn', 0, 0)) -> loss=0.1960 (|pool|=94)
  +('vision', ('attn', 5, 1)) -> loss=0.1956 (|pool|=95)
  +('vision', ('attn', 4, 6)) -> loss=0.1950 (|pool|=96)
[ViT-B-32/fairface] full=49.40  pool(96)=56.34
[ViT-B-32/CIFAR100] 100 classes, calibration 100 pairs, 2000 images total
  seed pair ('vision', ('attn', 11, 7)) + ('text', ('attn', 8, 0))  loss=3.5938
  +('text', ('attn', 11, 7)) -> loss=3.0863 (|pool|=3)
  +('vision', ('attn', 11, 11)) -> loss=2.8818 (|pool|=4)
  +('text', ('attn', 11, 2)) -> loss=2.7323 (|pool|=5)
  +('vision', ('attn', 10, 4)) -> loss=2.5619 (|pool|=6)
  +('text', ('attn', 10, 2)) -> loss=2.4258 (|pool|=7)
  +('vision', ('attn', 11, 8)) -> loss=2.0943 (|pool|=8)
  +('vision', ('attn', 10, 2)) -> loss=1.9693 (|pool|=9)
  +('vision', ('attn', 11, 9)) -> loss=1.8739 (|pool|=10)
  +('text', ('attn', 8, 1)) -> loss=1.7613 (|pool|=11)
  +('text', ('attn', 8, 2)) -> loss=1.6943 (|pool|=12)
  +('text', ('attn', 9, 5)) -> loss=1.6401 (|pool|=13)
  +('text', ('attn', 7, 5)) -> loss=1.5923 (|pool|=14)
  +('vision', ('attn', 11, 2)) -> loss=1.5490 (|pool|=15)
  +('text', ('attn', 10, 6)) -> loss=1.4861 (|pool|=16)
  +('vision', ('attn', 9, 1)) -> loss=1.4486 (|pool|=17)
  +('text', ('attn', 5, 6)) -> loss=1.4137 (|pool|=18)
  +('text', ('attn', 6, 4)) -> loss=1.3801 (|pool|=19)
  +('text', ('attn', 11, 4)) -> loss=1.3532 (|pool|=20)
  +('vision', ('attn', 9, 11)) -> loss=1.3281 (|pool|=21)
  +('text', ('attn', 8, 3)) -> loss=1.3036 (|pool|=22)
  +('text', ('attn', 2, 2)) -> loss=1.2836 (|pool|=23)
  +('text', ('attn', 9, 6)) -> loss=1.2656 (|pool|=24)
  +('vision', ('attn', 10, 5)) -> loss=1.2464 (|pool|=25)
  +('text', ('attn', 8, 4)) -> loss=1.2299 (|pool|=26)
  +('vision', ('attn', 10, 6)) -> loss=1.2135 (|pool|=27)
  +('text', ('attn', 7, 2)) -> loss=1.1963 (|pool|=28)
  +('text', ('attn', 6, 3)) -> loss=1.1812 (|pool|=29)
  +('text', ('mlp', 11, -1)) -> loss=1.1612 (|pool|=30)
  +('vision', ('attn', 11, 6)) -> loss=1.1302 (|pool|=31)
  +('text', ('attn', 11, 1)) -> loss=1.0975 (|pool|=32)
  +('vision', ('attn', 8, 0)) -> loss=1.0829 (|pool|=33)
  +('text', ('attn', 9, 3)) -> loss=1.0687 (|pool|=34)
  +('vision', ('attn', 10, 0)) -> loss=1.0539 (|pool|=35)
  +('text', ('attn', 10, 5)) -> loss=1.0414 (|pool|=36)
  +('vision', ('attn', 8, 6)) -> loss=1.0300 (|pool|=37)
  +('text', ('attn', 10, 4)) -> loss=1.0189 (|pool|=38)
  +('vision', ('attn', 7, 8)) -> loss=1.0091 (|pool|=39)
  +('text', ('attn', 5, 4)) -> loss=0.9996 (|pool|=40)
  +('vision', ('mlp', 3, -1)) -> loss=0.9920 (|pool|=41)
  +('text', ('attn', 9, 1)) -> loss=0.9849 (|pool|=42)
  +('text', ('attn', 2, 7)) -> loss=0.9787 (|pool|=43)
  +('vision', ('attn', 10, 1)) -> loss=0.9728 (|pool|=44)
  +('text', ('attn', 10, 3)) -> loss=0.9665 (|pool|=45)
  +('text', ('attn', 8, 7)) -> loss=0.9609 (|pool|=46)
  +('vision', ('attn', 9, 9)) -> loss=0.9552 (|pool|=47)
  +('text', ('attn', 6, 2)) -> loss=0.9492 (|pool|=48)
  +('vision', ('attn', 10, 10)) -> loss=0.9434 (|pool|=49)
  +('text', ('attn', 6, 6)) -> loss=0.9389 (|pool|=50)
  +('text', ('attn', 2, 6)) -> loss=0.9354 (|pool|=51)
  +('text', ('attn', 6, 5)) -> loss=0.9318 (|pool|=52)
  +('vision', ('attn', 6, 3)) -> loss=0.9286 (|pool|=53)
  +('vision', ('attn', 6, 4)) -> loss=0.9255 (|pool|=54)
  +('text', ('attn', 7, 4)) -> loss=0.9223 (|pool|=55)
  +('text', ('attn', 4, 0)) -> loss=0.9193 (|pool|=56)
  +('vision', ('attn', 6, 1)) -> loss=0.9164 (|pool|=57)
  +('text', ('attn', 5, 2)) -> loss=0.9138 (|pool|=58)
  +('text', ('mlp', 2, -1)) -> loss=0.9112 (|pool|=59)
  +('vision', ('attn', 11, 3)) -> loss=0.9087 (|pool|=60)
  +('text', ('attn', 11, 0)) -> loss=0.9030 (|pool|=61)
  +('text', ('attn', 0, 6)) -> loss=0.8996 (|pool|=62)
  +('vision', ('attn', 11, 10)) -> loss=0.8962 (|pool|=63)
  +('text', ('attn', 9, 4)) -> loss=0.8922 (|pool|=64)
  +('vision', ('attn', 10, 9)) -> loss=0.8891 (|pool|=65)
  +('text', ('attn', 10, 1)) -> loss=0.8864 (|pool|=66)
  +('text', ('attn', 0, 7)) -> loss=0.8836 (|pool|=67)
  +('text', ('attn', 0, 1)) -> loss=0.8813 (|pool|=68)
  +('text', ('attn', 6, 0)) -> loss=0.8791 (|pool|=69)
  +('vision', ('attn', 3, 6)) -> loss=0.8772 (|pool|=70)
  +('vision', ('attn', 8, 4)) -> loss=0.8754 (|pool|=71)
  +('vision', ('attn', 8, 11)) -> loss=0.8736 (|pool|=72)
  +('text', ('attn', 8, 5)) -> loss=0.8719 (|pool|=73)
  +('vision', ('attn', 8, 10)) -> loss=0.8702 (|pool|=74)
  +('vision', ('mlp', 4, -1)) -> loss=0.8688 (|pool|=75)
  +('text', ('attn', 0, 0)) -> loss=0.8675 (|pool|=76)
  +('vision', ('attn', 8, 2)) -> loss=0.8663 (|pool|=77)
  +('vision', ('attn', 9, 0)) -> loss=0.8651 (|pool|=78)
  +('text', ('attn', 3, 7)) -> loss=0.8637 (|pool|=79)
  +('vision', ('attn', 5, 10)) -> loss=0.8626 (|pool|=80)
  +('text', ('attn', 1, 2)) -> loss=0.8614 (|pool|=81)
  +('text', ('attn', 2, 5)) -> loss=0.8603 (|pool|=82)
  +('vision', ('attn', 8, 8)) -> loss=0.8593 (|pool|=83)
  +('text', ('mlp', 0, -1)) -> loss=0.8582 (|pool|=84)
  +('vision', ('attn', 7, 9)) -> loss=0.8571 (|pool|=85)
  +('text', ('attn', 2, 4)) -> loss=0.8561 (|pool|=86)
  +('text', ('attn', 4, 1)) -> loss=0.8552 (|pool|=87)
  +('text', ('attn', 7, 7)) -> loss=0.8543 (|pool|=88)
  +('text', ('attn', 0, 2)) -> loss=0.8534 (|pool|=89)
  +('vision', ('attn', 8, 3)) -> loss=0.8525 (|pool|=90)
  +('text', ('attn', 1, 5)) -> loss=0.8517 (|pool|=91)
  +('vision', ('attn', 0, 4)) -> loss=0.8510 (|pool|=92)
  +('vision', ('attn', 3, 1)) -> loss=0.8505 (|pool|=93)
  +('vision', ('attn', 5, 6)) -> loss=0.8500 (|pool|=94)
  +('text', ('attn', 2, 3)) -> loss=0.8496 (|pool|=95)
  +('text', ('attn', 0, 5)) -> loss=0.8492 (|pool|=96)
[ViT-B-32/CIFAR100] full=65.85  pool(96)=68.35
[ViT-B-32/CIFAR100] 100 classes, calibration 100 pairs, 2000 images total
  seed pair ('vision', ('attn', 11, 7)) + ('text', ('attn', 8, 0))  loss=3.7093
  +('text', ('attn', 11, 7)) -> loss=3.2926 (|pool|=3)
  +('vision', ('attn', 11, 11)) -> loss=3.1119 (|pool|=4)
  +('text', ('attn', 11, 2)) -> loss=2.9750 (|pool|=5)
  +('vision', ('attn', 11, 9)) -> loss=2.8297 (|pool|=6)
  +('vision', ('attn', 11, 6)) -> loss=2.7261 (|pool|=7)
  +('text', ('attn', 8, 1)) -> loss=2.6427 (|pool|=8)
  +('vision', ('attn', 10, 4)) -> loss=2.5651 (|pool|=9)
  +('text', ('attn', 10, 2)) -> loss=2.4523 (|pool|=10)
  +('vision', ('attn', 11, 8)) -> loss=2.1554 (|pool|=11)
  +('vision', ('attn', 10, 2)) -> loss=2.0812 (|pool|=12)
  +('text', ('attn', 7, 5)) -> loss=2.0114 (|pool|=13)
  +('text', ('attn', 11, 4)) -> loss=1.9606 (|pool|=14)
  +('text', ('attn', 4, 5)) -> loss=1.9153 (|pool|=15)
  +('text', ('attn', 11, 1)) -> loss=1.8770 (|pool|=16)
  +('vision', ('attn', 9, 1)) -> loss=1.8393 (|pool|=17)
  +('vision', ('attn', 10, 3)) -> loss=1.8086 (|pool|=18)
  +('text', ('attn', 10, 4)) -> loss=1.7794 (|pool|=19)
  +('vision', ('attn', 11, 4)) -> loss=1.7544 (|pool|=20)
  +('text', ('mlp', 10, -1)) -> loss=1.7306 (|pool|=21)
  +('vision', ('attn', 10, 6)) -> loss=1.7072 (|pool|=22)
  +('text', ('attn', 10, 6)) -> loss=1.6794 (|pool|=23)
  +('text', ('attn', 8, 3)) -> loss=1.6588 (|pool|=24)
  +('vision', ('attn', 8, 6)) -> loss=1.6386 (|pool|=25)
  +('vision', ('attn', 10, 5)) -> loss=1.6230 (|pool|=26)
  +('vision', ('attn', 10, 9)) -> loss=1.6073 (|pool|=27)
  +('text', ('attn', 8, 7)) -> loss=1.5929 (|pool|=28)
  +('vision', ('attn', 10, 11)) -> loss=1.5803 (|pool|=29)
  +('text', ('attn', 6, 3)) -> loss=1.5694 (|pool|=30)
  +('vision', ('attn', 8, 8)) -> loss=1.5588 (|pool|=31)
  +('text', ('attn', 10, 7)) -> loss=1.5486 (|pool|=32)
  +('vision', ('attn', 6, 8)) -> loss=1.5395 (|pool|=33)
  +('text', ('attn', 9, 5)) -> loss=1.5297 (|pool|=34)
  +('text', ('attn', 2, 7)) -> loss=1.5208 (|pool|=35)
  +('text', ('mlp', 11, -1)) -> loss=1.5111 (|pool|=36)
  +('text', ('attn', 7, 0)) -> loss=1.4913 (|pool|=37)
  +('text', ('attn', 6, 4)) -> loss=1.4761 (|pool|=38)
  +('text', ('mlp', 1, -1)) -> loss=1.4637 (|pool|=39)
  +('vision', ('attn', 10, 10)) -> loss=1.4512 (|pool|=40)
  +('text', ('attn', 5, 4)) -> loss=1.4395 (|pool|=41)
  +('text', ('attn', 8, 6)) -> loss=1.4292 (|pool|=42)
  +('vision', ('attn', 11, 3)) -> loss=1.4192 (|pool|=43)
  +('text', ('attn', 9, 6)) -> loss=1.4099 (|pool|=44)
  +('text', ('attn', 7, 4)) -> loss=1.4006 (|pool|=45)
  +('vision', ('attn', 9, 8)) -> loss=1.3932 (|pool|=46)
  +('vision', ('mlp', 7, -1)) -> loss=1.3856 (|pool|=47)
  +('text', ('attn', 10, 3)) -> loss=1.3774 (|pool|=48)
  +('text', ('attn', 9, 3)) -> loss=1.3704 (|pool|=49)
  +('text', ('attn', 9, 1)) -> loss=1.3645 (|pool|=50)
  +('text', ('attn', 2, 2)) -> loss=1.3588 (|pool|=51)
  +('vision', ('attn', 8, 10)) -> loss=1.3532 (|pool|=52)
  +('vision', ('attn', 5, 4)) -> loss=1.3481 (|pool|=53)
  +('text', ('attn', 4, 0)) -> loss=1.3433 (|pool|=54)
  +('vision', ('attn', 11, 1)) -> loss=1.3389 (|pool|=55)
  +('vision', ('attn', 9, 9)) -> loss=1.3339 (|pool|=56)
  +('text', ('attn', 0, 4)) -> loss=1.3293 (|pool|=57)
  +('text', ('mlp', 2, -1)) -> loss=1.3248 (|pool|=58)
  +('vision', ('attn', 6, 1)) -> loss=1.3210 (|pool|=59)
  +('vision', ('attn', 6, 4)) -> loss=1.3176 (|pool|=60)
  +('vision', ('attn', 5, 10)) -> loss=1.3145 (|pool|=61)
  +('text', ('attn', 5, 3)) -> loss=1.3113 (|pool|=62)
  +('text', ('attn', 0, 5)) -> loss=1.3083 (|pool|=63)
  +('text', ('attn', 8, 4)) -> loss=1.3057 (|pool|=64)
  +('vision', ('attn', 5, 0)) -> loss=1.3027 (|pool|=65)
  +('vision', ('attn', 4, 6)) -> loss=1.2999 (|pool|=66)
  +('vision', ('attn', 4, 11)) -> loss=1.2973 (|pool|=67)
  +('vision', ('attn', 8, 4)) -> loss=1.2952 (|pool|=68)
  +('vision', ('attn', 6, 10)) -> loss=1.2932 (|pool|=69)
  +('vision', ('attn', 9, 11)) -> loss=1.2912 (|pool|=70)
  +('text', ('attn', 5, 6)) -> loss=1.2894 (|pool|=71)
  +('text', ('mlp', 0, -1)) -> loss=1.2877 (|pool|=72)
  +('vision', ('attn', 5, 11)) -> loss=1.2859 (|pool|=73)
  +('vision', ('attn', 8, 7)) -> loss=1.2843 (|pool|=74)
  +('text', ('attn', 6, 0)) -> loss=1.2825 (|pool|=75)
  +('vision', ('attn', 1, 6)) -> loss=1.2811 (|pool|=76)
  +('text', ('attn', 4, 1)) -> loss=1.2797 (|pool|=77)
  +('text', ('attn', 2, 5)) -> loss=1.2784 (|pool|=78)
  +('vision', ('attn', 8, 3)) -> loss=1.2771 (|pool|=79)
  +('vision', ('attn', 7, 10)) -> loss=1.2759 (|pool|=80)
  +('text', ('attn', 2, 6)) -> loss=1.2745 (|pool|=81)
  +('vision', ('attn', 5, 7)) -> loss=1.2732 (|pool|=82)
  +('vision', ('attn', 7, 6)) -> loss=1.2720 (|pool|=83)
  +('vision', ('attn', 10, 8)) -> loss=1.2708 (|pool|=84)
  +('vision', ('attn', 0, 4)) -> loss=1.2697 (|pool|=85)
  +('text', ('attn', 3, 0)) -> loss=1.2687 (|pool|=86)
  +('vision', ('attn', 2, 2)) -> loss=1.2677 (|pool|=87)
  +('text', ('attn', 2, 4)) -> loss=1.2667 (|pool|=88)
  +('vision', ('attn', 7, 3)) -> loss=1.2658 (|pool|=89)
  +('text', ('attn', 10, 0)) -> loss=1.2645 (|pool|=90)
  +('vision', ('attn', 10, 1)) -> loss=1.2630 (|pool|=91)
  +('text', ('attn', 4, 3)) -> loss=1.2612 (|pool|=92)
  +('text', ('attn', 5, 2)) -> loss=1.2600 (|pool|=93)
  +('text', ('attn', 1, 4)) -> loss=1.2589 (|pool|=94)
  +('text', ('attn', 2, 0)) -> loss=1.2579 (|pool|=95)
  +('text', ('attn', 1, 6)) -> loss=1.2568 (|pool|=96)
[ViT-B-32/CIFAR100] full=65.85  pool(96)=67.60
[ViT-B-32/CIFAR100] 100 classes, calibration 100 pairs, 2000 images total
  seed pair ('vision', ('attn', 11, 7)) + ('text', ('attn', 8, 0))  loss=3.5340
  +('text', ('attn', 11, 7)) -> loss=3.0690 (|pool|=3)
  +('vision', ('attn', 11, 11)) -> loss=2.8536 (|pool|=4)
  +('text', ('attn', 11, 2)) -> loss=2.6979 (|pool|=5)
  +('vision', ('attn', 11, 9)) -> loss=2.5521 (|pool|=6)
  +('text', ('attn', 8, 1)) -> loss=2.4493 (|pool|=7)
  +('vision', ('attn', 10, 4)) -> loss=2.3550 (|pool|=8)
  +('text', ('attn', 10, 2)) -> loss=2.2207 (|pool|=9)
  +('vision', ('attn', 11, 8)) -> loss=1.9613 (|pool|=10)
  +('vision', ('attn', 10, 2)) -> loss=1.8667 (|pool|=11)
  +('text', ('attn', 4, 5)) -> loss=1.8019 (|pool|=12)
  +('vision', ('attn', 10, 5)) -> loss=1.7503 (|pool|=13)
  +('text', ('attn', 9, 5)) -> loss=1.7070 (|pool|=14)
  +('vision', ('attn', 11, 2)) -> loss=1.6641 (|pool|=15)
  +('text', ('attn', 11, 4)) -> loss=1.6199 (|pool|=16)
  +('text', ('attn', 7, 5)) -> loss=1.5861 (|pool|=17)
  +('vision', ('attn', 10, 3)) -> loss=1.5492 (|pool|=18)
  +('vision', ('attn', 9, 11)) -> loss=1.5203 (|pool|=19)
  +('text', ('attn', 11, 1)) -> loss=1.4896 (|pool|=20)
  +('text', ('attn', 10, 6)) -> loss=1.4598 (|pool|=21)
  +('text', ('attn', 5, 6)) -> loss=1.4347 (|pool|=22)
  +('vision', ('attn', 10, 6)) -> loss=1.4137 (|pool|=23)
  +('text', ('attn', 10, 4)) -> loss=1.3934 (|pool|=24)
  +('vision', ('attn', 10, 10)) -> loss=1.3768 (|pool|=25)
  +('vision', ('attn', 9, 7)) -> loss=1.3619 (|pool|=26)
  +('vision', ('attn', 10, 1)) -> loss=1.3479 (|pool|=27)
  +('text', ('attn', 8, 7)) -> loss=1.3328 (|pool|=28)
  +('vision', ('attn', 10, 11)) -> loss=1.3206 (|pool|=29)
  +('text', ('attn', 10, 5)) -> loss=1.3100 (|pool|=30)
  +('text', ('attn', 9, 3)) -> loss=1.3009 (|pool|=31)
  +('vision', ('attn', 9, 1)) -> loss=1.2915 (|pool|=32)
  +('text', ('attn', 10, 7)) -> loss=1.2831 (|pool|=33)
  +('text', ('attn', 2, 2)) -> loss=1.2761 (|pool|=34)
  +('vision', ('attn', 10, 0)) -> loss=1.2682 (|pool|=35)
  +('text', ('attn', 11, 0)) -> loss=1.2555 (|pool|=36)
  +('text', ('attn', 9, 6)) -> loss=1.2473 (|pool|=37)
  +('vision', ('attn', 11, 3)) -> loss=1.2406 (|pool|=38)
  +('text', ('attn', 2, 7)) -> loss=1.2337 (|pool|=39)
  +('vision', ('attn', 8, 2)) -> loss=1.2275 (|pool|=40)
  +('text', ('mlp', 2, -1)) -> loss=1.2216 (|pool|=41)
  +('text', ('attn', 7, 4)) -> loss=1.2157 (|pool|=42)
  +('vision', ('attn', 9, 9)) -> loss=1.2105 (|pool|=43)
  +('text', ('attn', 2, 6)) -> loss=1.2056 (|pool|=44)
  +('vision', ('attn', 5, 0)) -> loss=1.2010 (|pool|=45)
  +('text', ('attn', 0, 3)) -> loss=1.1968 (|pool|=46)
  +('text', ('attn', 4, 0)) -> loss=1.1926 (|pool|=47)
  +('text', ('attn', 8, 4)) -> loss=1.1886 (|pool|=48)
  +('vision', ('attn', 5, 10)) -> loss=1.1845 (|pool|=49)
  +('text', ('attn', 3, 4)) -> loss=1.1806 (|pool|=50)
  +('vision', ('attn', 6, 7)) -> loss=1.1770 (|pool|=51)
  +('text', ('attn', 0, 1)) -> loss=1.1735 (|pool|=52)
  +('text', ('attn', 5, 7)) -> loss=1.1698 (|pool|=53)
  +('vision', ('attn', 6, 6)) -> loss=1.1663 (|pool|=54)
  +('text', ('attn', 5, 3)) -> loss=1.1628 (|pool|=55)
  +('vision', ('attn', 7, 1)) -> loss=1.1594 (|pool|=56)
  +('text', ('attn', 0, 4)) -> loss=1.1562 (|pool|=57)
  +('text', ('attn', 0, 7)) -> loss=1.1532 (|pool|=58)
  +('vision', ('attn', 8, 6)) -> loss=1.1499 (|pool|=59)
  +('vision', ('attn', 6, 4)) -> loss=1.1469 (|pool|=60)
  +('text', ('attn', 6, 0)) -> loss=1.1439 (|pool|=61)
  +('vision', ('attn', 8, 8)) -> loss=1.1410 (|pool|=62)
  +('vision', ('attn', 7, 7)) -> loss=1.1382 (|pool|=63)
  +('vision', ('attn', 5, 5)) -> loss=1.1356 (|pool|=64)
  +('vision', ('mlp', 8, -1)) -> loss=1.1328 (|pool|=65)
  +('vision', ('attn', 7, 4)) -> loss=1.1289 (|pool|=66)
  +('text', ('attn', 10, 0)) -> loss=1.1256 (|pool|=67)
  +('vision', ('attn', 9, 8)) -> loss=1.1217 (|pool|=68)
  +('vision', ('attn', 5, 4)) -> loss=1.1178 (|pool|=69)
  +('text', ('attn', 3, 7)) -> loss=1.1148 (|pool|=70)
  +('vision', ('attn', 8, 4)) -> loss=1.1120 (|pool|=71)
  +('vision', ('attn', 9, 0)) -> loss=1.1094 (|pool|=72)
  +('vision', ('attn', 6, 11)) -> loss=1.1068 (|pool|=73)
  +('text', ('attn', 2, 3)) -> loss=1.1045 (|pool|=74)
  +('vision', ('attn', 5, 7)) -> loss=1.1022 (|pool|=75)
  +('text', ('attn', 0, 6)) -> loss=1.1000 (|pool|=76)
  +('text', ('attn', 1, 6)) -> loss=1.0977 (|pool|=77)
  +('text', ('attn', 8, 3)) -> loss=1.0957 (|pool|=78)
  +('text', ('attn', 5, 2)) -> loss=1.0938 (|pool|=79)
  +('vision', ('attn', 0, 4)) -> loss=1.0919 (|pool|=80)
  +('vision', ('attn', 6, 3)) -> loss=1.0900 (|pool|=81)
  +('vision', ('attn', 7, 3)) -> loss=1.0883 (|pool|=82)
  +('vision', ('attn', 2, 7)) -> loss=1.0869 (|pool|=83)
  +('text', ('attn', 7, 7)) -> loss=1.0855 (|pool|=84)
  +('text', ('attn', 7, 3)) -> loss=1.0843 (|pool|=85)
  +('text', ('attn', 9, 7)) -> loss=1.0831 (|pool|=86)
  +('vision', ('attn', 4, 6)) -> loss=1.0816 (|pool|=87)
  +('text', ('attn', 4, 1)) -> loss=1.0805 (|pool|=88)
  +('text', ('mlp', 0, -1)) -> loss=1.0794 (|pool|=89)
  +('text', ('mlp', 11, -1)) -> loss=1.0777 (|pool|=90)
  +('text', ('attn', 6, 4)) -> loss=1.0725 (|pool|=91)
  +('text', ('mlp', 1, -1)) -> loss=1.0669 (|pool|=92)
  +('text', ('attn', 10, 1)) -> loss=1.0632 (|pool|=93)
  +('text', ('attn', 6, 2)) -> loss=1.0604 (|pool|=94)
  +('text', ('attn', 6, 3)) -> loss=1.0577 (|pool|=95)
  +('vision', ('attn', 9, 2)) -> loss=1.0557 (|pool|=96)
[ViT-B-32/CIFAR100] full=65.85  pool(96)=67.95
[ViT-B-32/caltech] 101 classes, calibration 99 pairs, 2020 images total
  seed pair ('vision', ('attn', 11, 7)) + ('text', ('attn', 8, 0))  loss=3.0826
  +('text', ('attn', 11, 7)) -> loss=2.4792 (|pool|=3)
  +('vision', ('attn', 11, 11)) -> loss=2.2522 (|pool|=4)
  +('text', ('attn', 7, 5)) -> loss=1.9960 (|pool|=5)
  +('text', ('attn', 9, 7)) -> loss=1.8148 (|pool|=6)
  +('vision', ('attn', 10, 2)) -> loss=1.6766 (|pool|=7)
  +('text', ('attn', 10, 2)) -> loss=1.4500 (|pool|=8)
  +('vision', ('attn', 11, 8)) -> loss=1.2077 (|pool|=9)
  +('text', ('attn', 8, 2)) -> loss=1.0878 (|pool|=10)
  +('text', ('attn', 11, 2)) -> loss=1.0181 (|pool|=11)
  +('vision', ('attn', 10, 4)) -> loss=0.9339 (|pool|=12)
  +('text', ('attn', 6, 4)) -> loss=0.8898 (|pool|=13)
  +('text', ('mlp', 10, -1)) -> loss=0.8492 (|pool|=14)
  +('vision', ('attn', 11, 6)) -> loss=0.8139 (|pool|=15)
  +('text', ('attn', 6, 3)) -> loss=0.7790 (|pool|=16)
  +('vision', ('attn', 10, 9)) -> loss=0.7476 (|pool|=17)
  +('vision', ('attn', 10, 3)) -> loss=0.7221 (|pool|=18)
  +('text', ('attn', 8, 1)) -> loss=0.7008 (|pool|=19)
  +('vision', ('attn', 9, 11)) -> loss=0.6833 (|pool|=20)
  +('vision', ('mlp', 7, -1)) -> loss=0.6657 (|pool|=21)
  +('text', ('attn', 10, 5)) -> loss=0.6503 (|pool|=22)
  +('vision', ('attn', 11, 2)) -> loss=0.6364 (|pool|=23)
  +('vision', ('mlp', 10, -1)) -> loss=0.6196 (|pool|=24)
  +('vision', ('attn', 8, 11)) -> loss=0.6068 (|pool|=25)
  +('text', ('attn', 4, 5)) -> loss=0.5942 (|pool|=26)
  +('vision', ('attn', 10, 6)) -> loss=0.5831 (|pool|=27)
  +('text', ('attn', 8, 3)) -> loss=0.5722 (|pool|=28)
  +('vision', ('attn', 2, 0)) -> loss=0.5617 (|pool|=29)
  +('vision', ('attn', 8, 5)) -> loss=0.5522 (|pool|=30)
  +('vision', ('attn', 7, 8)) -> loss=0.5435 (|pool|=31)
  +('text', ('attn', 2, 7)) -> loss=0.5349 (|pool|=32)
  +('text', ('attn', 6, 0)) -> loss=0.5276 (|pool|=33)
  +('text', ('attn', 7, 0)) -> loss=0.5210 (|pool|=34)
  +('text', ('attn', 8, 6)) -> loss=0.5148 (|pool|=35)
  +('vision', ('attn', 8, 6)) -> loss=0.5068 (|pool|=36)
  +('vision', ('attn', 7, 5)) -> loss=0.5009 (|pool|=37)
  +('text', ('mlp', 5, -1)) -> loss=0.4948 (|pool|=38)
  +('vision', ('mlp', 9, -1)) -> loss=0.4861 (|pool|=39)
  +('text', ('attn', 10, 6)) -> loss=0.4763 (|pool|=40)
  +('text', ('attn', 11, 4)) -> loss=0.4695 (|pool|=41)
  +('text', ('attn', 10, 1)) -> loss=0.4633 (|pool|=42)
  +('text', ('attn', 0, 2)) -> loss=0.4575 (|pool|=43)
  +('vision', ('attn', 7, 3)) -> loss=0.4516 (|pool|=44)
  +('text', ('attn', 7, 6)) -> loss=0.4451 (|pool|=45)
  +('vision', ('attn', 8, 0)) -> loss=0.4409 (|pool|=46)
  +('vision', ('attn', 10, 10)) -> loss=0.4366 (|pool|=47)
  +('text', ('attn', 9, 0)) -> loss=0.4324 (|pool|=48)
  +('text', ('attn', 10, 0)) -> loss=0.4284 (|pool|=49)
  +('vision', ('attn', 9, 10)) -> loss=0.4245 (|pool|=50)
  +('text', ('attn', 0, 1)) -> loss=0.4207 (|pool|=51)
