[ViT-B-32/imagenet] 1000 classes, calibration 1000 pairs, 5000 images total
  seed pair ('vision', ('attn', 11, 7)) + ('text', ('attn', 11, 7))  loss=5.2015
  +('text', ('attn', 8, 0)) -> loss=4.7189 (|pool|=3)
  +('vision', ('attn', 11, 11)) -> loss=4.5668 (|pool|=4)
  +('text', ('attn', 7, 5)) -> loss=4.2960 (|pool|=5)
  +('text', ('attn', 11, 2)) -> loss=4.1473 (|pool|=6)
  +('vision', ('attn', 11, 8)) -> loss=3.9514 (|pool|=7)
  +('text', ('attn', 10, 2)) -> loss=3.5170 (|pool|=8)
  +('vision', ('attn', 10, 4)) -> loss=3.3073 (|pool|=9)
  +('vision', ('attn', 10, 2)) -> loss=3.1379 (|pool|=10)
  +('text', ('attn', 6, 4)) -> loss=2.9977 (|pool|=11)
  +('vision', ('attn', 11, 9)) -> loss=2.9018 (|pool|=12)
  +('text', ('attn', 8, 1)) -> loss=2.8303 (|pool|=13)
  +('vision', ('attn', 10, 9)) -> loss=2.7700 (|pool|=14)
  +('text', ('attn', 7, 0)) -> loss=2.7240 (|pool|=15)
  +('vision', ('attn', 10, 3)) -> loss=2.6783 (|pool|=16)
  +('text', ('attn', 10, 4)) -> loss=2.6369 (|pool|=17)
  +('vision', ('attn', 10, 6)) -> loss=2.5997 (|pool|=18)
  +('text', ('attn', 6, 1)) -> loss=2.5633 (|pool|=19)
  +('vision', ('mlp', 10, -1)) -> loss=2.5277 (|pool|=20)
  +('vision', ('attn', 10, 5)) -> loss=2.4944 (|pool|=21)
  +('text', ('attn', 6, 5)) -> loss=2.4671 (|pool|=22)
  +('vision', ('attn', 10, 1)) -> loss=2.4403 (|pool|=23)
  +('text', ('attn', 5, 4)) -> loss=2.4144 (|pool|=24)
  +('vision', ('attn', 10, 10)) -> loss=2.3929 (|pool|=25)
  +('vision', ('attn', 11, 1)) -> loss=2.3723 (|pool|=26)
  +('text', ('attn', 7, 2)) -> loss=2.3510 (|pool|=27)
  +('vision', ('attn', 8, 5)) -> loss=2.3350 (|pool|=28)
  +('text', ('attn', 10, 6)) -> loss=2.3207 (|pool|=29)
  +('vision', ('attn', 10, 11)) -> loss=2.3086 (|pool|=30)
  +('vision', ('attn', 9, 9)) -> loss=2.2978 (|pool|=31)
  +('vision', ('attn', 11, 4)) -> loss=2.2870 (|pool|=32)
  +('text', ('attn', 6, 3)) -> loss=2.2759 (|pool|=33)
  +('text', ('attn', 5, 3)) -> loss=2.2659 (|pool|=34)
  +('vision', ('attn', 9, 2)) -> loss=2.2563 (|pool|=35)
  +('text', ('attn', 8, 4)) -> loss=2.2492 (|pool|=36)
  +('vision', ('attn', 10, 7)) -> loss=2.2423 (|pool|=37)
  +('text', ('attn', 8, 3)) -> loss=2.2350 (|pool|=38)
  +('text', ('attn', 5, 7)) -> loss=2.2290 (|pool|=39)
  +('text', ('attn', 3, 4)) -> loss=2.2231 (|pool|=40)
  +('vision', ('attn', 9, 0)) -> loss=2.2179 (|pool|=41)
  +('vision', ('attn', 7, 0)) -> loss=2.2127 (|pool|=42)
  +('text', ('attn', 6, 6)) -> loss=2.2078 (|pool|=43)
  +('vision', ('attn', 1, 6)) -> loss=2.2032 (|pool|=44)
  +('vision', ('attn', 9, 11)) -> loss=2.1987 (|pool|=45)
  +('text', ('attn', 7, 6)) -> loss=2.1943 (|pool|=46)
  +('vision', ('attn', 4, 11)) -> loss=2.1902 (|pool|=47)
  +('vision', ('attn', 9, 8)) -> loss=2.1864 (|pool|=48)
  +('vision', ('attn', 5, 4)) -> loss=2.1832 (|pool|=49)
  +('text', ('attn', 5, 1)) -> loss=2.1799 (|pool|=50)
  +('vision', ('attn', 9, 7)) -> loss=2.1763 (|pool|=51)
  +('vision', ('attn', 5, 9)) -> loss=2.1734 (|pool|=52)
  +('vision', ('attn', 9, 6)) -> loss=2.1707 (|pool|=53)
  +('text', ('attn', 7, 3)) -> loss=2.1680 (|pool|=54)
  +('text', ('attn', 0, 6)) -> loss=2.1653 (|pool|=55)
  +('text', ('mlp', 4, -1)) -> loss=2.1628 (|pool|=56)
  +('text', ('attn', 10, 5)) -> loss=2.1581 (|pool|=57)
  +('text', ('attn', 4, 0)) -> loss=2.1553 (|pool|=58)
  +('text', ('mlp', 10, -1)) -> loss=2.1518 (|pool|=59)
  +('text', ('attn', 10, 0)) -> loss=2.1474 (|pool|=60)
  +('vision', ('attn', 2, 0)) -> loss=2.1439 (|pool|=61)
  +('text', ('mlp', 9, -1)) -> loss=2.1405 (|pool|=62)
  +('text', ('attn', 11, 1)) -> loss=2.1359 (|pool|=63)
  +('text', ('attn', 8, 7)) -> loss=2.1323 (|pool|=64)
  +('vision', ('attn', 11, 0)) -> loss=2.1302 (|pool|=65)
  +('vision', ('attn', 4, 6)) -> loss=2.1280 (|pool|=66)
  +('vision', ('attn', 8, 8)) -> loss=2.1258 (|pool|=67)
  +('text', ('attn', 3, 0)) -> loss=2.1235 (|pool|=68)
  +('vision', ('attn', 6, 4)) -> loss=2.1215 (|pool|=69)
  +('text', ('mlp', 3, -1)) -> loss=2.1195 (|pool|=70)
  +('text', ('attn', 6, 7)) -> loss=2.1174 (|pool|=71)
  +('text', ('attn', 1, 7)) -> loss=2.1157 (|pool|=72)
  +('vision', ('mlp', 5, -1)) -> loss=2.1139 (|pool|=73)
  +('vision', ('attn', 6, 0)) -> loss=2.1124 (|pool|=74)
  +('vision', ('attn', 8, 1)) -> loss=2.1107 (|pool|=75)
  +('text', ('attn', 0, 3)) -> loss=2.1092 (|pool|=76)
  +('text', ('attn', 2, 3)) -> loss=2.1078 (|pool|=77)
  +('text', ('attn', 1, 3)) -> loss=2.1065 (|pool|=78)
  +('text', ('attn', 4, 7)) -> loss=2.1051 (|pool|=79)
  +('vision', ('attn', 9, 3)) -> loss=2.1039 (|pool|=80)
  +('vision', ('attn', 5, 6)) -> loss=2.1025 (|pool|=81)
  +('vision', ('attn', 5, 7)) -> loss=2.1012 (|pool|=82)
  +('vision', ('attn', 5, 0)) -> loss=2.0998 (|pool|=83)
  +('vision', ('attn', 9, 4)) -> loss=2.0985 (|pool|=84)
  +('vision', ('attn', 6, 9)) -> loss=2.0973 (|pool|=85)
  +('vision', ('mlp', 4, -1)) -> loss=2.0962 (|pool|=86)
  +('vision', ('attn', 2, 2)) -> loss=2.0950 (|pool|=87)
  +('vision', ('attn', 2, 10)) -> loss=2.0940 (|pool|=88)
  +('text', ('attn', 9, 3)) -> loss=2.0929 (|pool|=89)
  +('vision', ('attn', 4, 4)) -> loss=2.0919 (|pool|=90)
  +('vision', ('attn', 3, 5)) -> loss=2.0909 (|pool|=91)
  +('vision', ('attn', 2, 9)) -> loss=2.0901 (|pool|=92)
  +('text', ('attn', 1, 1)) -> loss=2.0893 (|pool|=93)
  +('text', ('attn', 9, 0)) -> loss=2.0885 (|pool|=94)
  +('vision', ('attn', 3, 2)) -> loss=2.0877 (|pool|=95)
  +('text', ('attn', 3, 5)) -> loss=2.0869 (|pool|=96)
  +('text', ('attn', 0, 1)) -> loss=2.0862 (|pool|=97)
  +('vision', ('attn', 8, 6)) -> loss=2.0856 (|pool|=98)
  +('text', ('attn', 0, 2)) -> loss=2.0850 (|pool|=99)
  +('vision', ('attn', 5, 8)) -> loss=2.0844 (|pool|=100)
  +('vision', ('attn', 6, 10)) -> loss=2.0838 (|pool|=101)
  +('vision', ('attn', 0, 8)) -> loss=2.0833 (|pool|=102)
  +('text', ('attn', 10, 7)) -> loss=2.0828 (|pool|=103)
  +('vision', ('attn', 8, 0)) -> loss=2.0824 (|pool|=104)
  +('text', ('attn', 2, 1)) -> loss=2.0819 (|pool|=105)
  +('vision', ('attn', 7, 11)) -> loss=2.0815 (|pool|=106)
  +('vision', ('attn', 5, 3)) -> loss=2.0811 (|pool|=107)
  +('vision', ('attn', 3, 0)) -> loss=2.0808 (|pool|=108)
  +('vision', ('attn', 4, 1)) -> loss=2.0805 (|pool|=109)
  +('vision', ('mlp', 2, -1)) -> loss=2.0801 (|pool|=110)
  +('vision', ('attn', 4, 8)) -> loss=2.0798 (|pool|=111)
  +('vision', ('attn', 2, 3)) -> loss=2.0796 (|pool|=112)
  +('text', ('attn', 0, 4)) -> loss=2.0793 (|pool|=113)
  +('text', ('attn', 2, 0)) -> loss=2.0791 (|pool|=114)
  +('vision', ('attn', 0, 2)) -> loss=2.0790 (|pool|=115)
  +('text', ('attn', 4, 2)) -> loss=2.0789 (|pool|=116)
  +('vision', ('attn', 4, 5)) -> loss=2.0788 (|pool|=117)
  +('vision', ('attn', 0, 10)) -> loss=2.0788 (|pool|=118)
  +('vision', ('attn', 0, 7)) -> loss=2.0788 (|pool|=119)
[ViT-B-32/imagenet] full=63.68  pool(119)=54.34  best prefix(68)=54.42
[ViT-B-32] wrote greedy_pool_{eval,trace,pool}
[ViT-B-16/imagenet] 1000 classes, calibration 1000 pairs, 5000 images total
  seed pair ('vision', ('attn', 11, 5)) + ('text', ('attn', 9, 6))  loss=4.6117
  +('text', ('attn', 11, 7)) -> loss=4.3412 (|pool|=3)
  +('vision', ('attn', 11, 3)) -> loss=4.2149 (|pool|=4)
  +('text', ('attn', 10, 3)) -> loss=3.9564 (|pool|=5)
  +('vision', ('attn', 11, 7)) -> loss=3.7698 (|pool|=6)
  +('text', ('attn', 9, 0)) -> loss=3.0657 (|pool|=7)
  +('text', ('attn', 8, 7)) -> loss=2.8903 (|pool|=8)
  +('vision', ('attn', 11, 8)) -> loss=2.7062 (|pool|=9)
  +('vision', ('attn', 10, 10)) -> loss=2.5723 (|pool|=10)
  +('text', ('attn', 8, 0)) -> loss=2.4507 (|pool|=11)
  +('text', ('attn', 8, 2)) -> loss=2.3722 (|pool|=12)
  +('text', ('attn', 9, 7)) -> loss=2.3104 (|pool|=13)
  +('vision', ('attn', 10, 5)) -> loss=2.2625 (|pool|=14)
  +('vision', ('attn', 10, 9)) -> loss=2.2249 (|pool|=15)
  +('vision', ('attn', 11, 10)) -> loss=2.1874 (|pool|=16)
  +('text', ('attn', 11, 2)) -> loss=2.1080 (|pool|=17)
  +('text', ('attn', 9, 5)) -> loss=2.0864 (|pool|=18)
  +('vision', ('attn', 10, 0)) -> loss=2.0675 (|pool|=19)
  +('text', ('attn', 7, 1)) -> loss=2.0513 (|pool|=20)
  +('text', ('attn', 9, 2)) -> loss=2.0369 (|pool|=21)
  +('text', ('attn', 4, 3)) -> loss=2.0248 (|pool|=22)
  +('text', ('mlp', 5, -1)) -> loss=2.0119 (|pool|=23)
  +('text', ('attn', 10, 7)) -> loss=2.0005 (|pool|=24)
  +('text', ('attn', 5, 0)) -> loss=1.9920 (|pool|=25)
  +('vision', ('attn', 10, 3)) -> loss=1.9841 (|pool|=26)
  +('text', ('attn', 10, 1)) -> loss=1.9766 (|pool|=27)
  +('vision', ('attn', 9, 8)) -> loss=1.9702 (|pool|=28)
  +('text', ('attn', 2, 6)) -> loss=1.9638 (|pool|=29)
  +('text', ('mlp', 1, -1)) -> loss=1.9582 (|pool|=30)
  +('vision', ('attn', 9, 1)) -> loss=1.9535 (|pool|=31)
  +('text', ('attn', 5, 2)) -> loss=1.9492 (|pool|=32)
  +('vision', ('attn', 9, 11)) -> loss=1.9453 (|pool|=33)
  +('text', ('attn', 10, 0)) -> loss=1.9419 (|pool|=34)
  +('vision', ('attn', 8, 9)) -> loss=1.9383 (|pool|=35)
  +('vision', ('attn', 11, 9)) -> loss=1.9351 (|pool|=36)
  +('text', ('attn', 3, 5)) -> loss=1.9318 (|pool|=37)
  +('text', ('mlp', 0, -1)) -> loss=1.9289 (|pool|=38)
  +('vision', ('attn', 7, 1)) -> loss=1.9261 (|pool|=39)
  +('text', ('attn', 8, 4)) -> loss=1.9232 (|pool|=40)
  +('text', ('attn', 0, 2)) -> loss=1.9204 (|pool|=41)
  +('vision', ('attn', 2, 4)) -> loss=1.9177 (|pool|=42)
  +('text', ('attn', 0, 3)) -> loss=1.9151 (|pool|=43)
  +('text', ('attn', 6, 0)) -> loss=1.9125 (|pool|=44)
  +('text', ('attn', 5, 5)) -> loss=1.9102 (|pool|=45)
  +('text', ('attn', 7, 3)) -> loss=1.9081 (|pool|=46)
  +('text', ('mlp', 3, -1)) -> loss=1.9060 (|pool|=47)
  +('text', ('attn', 2, 2)) -> loss=1.9036 (|pool|=48)
  +('vision', ('attn', 10, 1)) -> loss=1.9010 (|pool|=49)
  +('vision', ('attn', 9, 10)) -> loss=1.8989 (|pool|=50)
  +('text', ('attn', 1, 1)) -> loss=1.8968 (|pool|=51)
  +('text', ('mlp', 4, -1)) -> loss=1.8948 (|pool|=52)
  +('vision', ('mlp', 2, -1)) -> loss=1.8928 (|pool|=53)
  +('text', ('mlp', 2, -1)) -> loss=1.8910 (|pool|=54)
  +('vision', ('attn', 10, 6)) -> loss=1.8892 (|pool|=55)
  +('text', ('attn', 0, 1)) -> loss=1.8874 (|pool|=56)
  +('vision', ('attn', 3, 2)) -> loss=1.8857 (|pool|=57)
  +('text', ('attn', 1, 7)) -> loss=1.8840 (|pool|=58)
  +('text', ('attn', 0, 5)) -> loss=1.8823 (|pool|=59)
  +('vision', ('attn', 9, 7)) -> loss=1.8808 (|pool|=60)
  +('text', ('attn', 3, 3)) -> loss=1.8793 (|pool|=61)
  +('text', ('attn', 4, 7)) -> loss=1.8778 (|pool|=62)
  +('text', ('attn', 8, 5)) -> loss=1.8763 (|pool|=63)
  +('vision', ('attn', 9, 5)) -> loss=1.8749 (|pool|=64)
  +('vision', ('attn', 1, 8)) -> loss=1.8735 (|pool|=65)
  +('vision', ('attn', 5, 9)) -> loss=1.8723 (|pool|=66)
  +('vision', ('attn', 10, 8)) -> loss=1.8710 (|pool|=67)
  +('vision', ('attn', 3, 8)) -> loss=1.8697 (|pool|=68)
  +('text', ('attn', 3, 4)) -> loss=1.8685 (|pool|=69)
  +('text', ('attn', 6, 5)) -> loss=1.8674 (|pool|=70)
  +('vision', ('attn', 4, 2)) -> loss=1.8664 (|pool|=71)
  +('vision', ('attn', 7, 11)) -> loss=1.8654 (|pool|=72)
  +('vision', ('attn', 7, 2)) -> loss=1.8645 (|pool|=73)
  +('vision', ('attn', 9, 9)) -> loss=1.8635 (|pool|=74)
  +('text', ('attn', 8, 6)) -> loss=1.8626 (|pool|=75)
  +('vision', ('attn', 3, 11)) -> loss=1.8617 (|pool|=76)
  +('text', ('attn', 1, 2)) -> loss=1.8608 (|pool|=77)
  +('text', ('attn', 3, 1)) -> loss=1.8600 (|pool|=78)
  +('vision', ('attn', 8, 3)) -> loss=1.8592 (|pool|=79)
  +('vision', ('attn', 6, 6)) -> loss=1.8584 (|pool|=80)
  +('text', ('attn', 0, 0)) -> loss=1.8575 (|pool|=81)
  +('text', ('attn', 6, 1)) -> loss=1.8567 (|pool|=82)
  +('vision', ('attn', 5, 3)) -> loss=1.8560 (|pool|=83)
  +('vision', ('attn', 2, 6)) -> loss=1.8552 (|pool|=84)
  +('text', ('mlp', 7, -1)) -> loss=1.8544 (|pool|=85)
  +('text', ('attn', 7, 5)) -> loss=1.8518 (|pool|=86)
  +('vision', ('attn', 2, 3)) -> loss=1.8510 (|pool|=87)
  +('vision', ('attn', 3, 9)) -> loss=1.8502 (|pool|=88)
  +('text', ('attn', 1, 5)) -> loss=1.8495 (|pool|=89)
  +('vision', ('attn', 1, 6)) -> loss=1.8488 (|pool|=90)
  +('vision', ('attn', 7, 6)) -> loss=1.8481 (|pool|=91)
  +('vision', ('attn', 4, 6)) -> loss=1.8475 (|pool|=92)
  +('vision', ('attn', 11, 11)) -> loss=1.8465 (|pool|=93)
  +('vision', ('attn', 10, 2)) -> loss=1.8456 (|pool|=94)
  +('text', ('attn', 5, 4)) -> loss=1.8449 (|pool|=95)
  +('vision', ('attn', 5, 2)) -> loss=1.8442 (|pool|=96)
  +('vision', ('attn', 3, 7)) -> loss=1.8435 (|pool|=97)
  +('text', ('attn', 0, 7)) -> loss=1.8429 (|pool|=98)
  +('vision', ('attn', 2, 2)) -> loss=1.8423 (|pool|=99)
  +('text', ('attn', 4, 1)) -> loss=1.8417 (|pool|=100)
  +('vision', ('attn', 6, 4)) -> loss=1.8412 (|pool|=101)
  +('vision', ('attn', 4, 0)) -> loss=1.8407 (|pool|=102)
  +('vision', ('attn', 5, 1)) -> loss=1.8403 (|pool|=103)
  +('text', ('attn', 1, 6)) -> loss=1.8398 (|pool|=104)
  +('text', ('attn', 1, 3)) -> loss=1.8394 (|pool|=105)
  +('vision', ('attn', 6, 7)) -> loss=1.8391 (|pool|=106)
  +('text', ('attn', 1, 0)) -> loss=1.8387 (|pool|=107)
  +('vision', ('attn', 7, 0)) -> loss=1.8384 (|pool|=108)
  +('vision', ('attn', 2, 1)) -> loss=1.8381 (|pool|=109)
  +('text', ('attn', 3, 6)) -> loss=1.8378 (|pool|=110)
  +('vision', ('attn', 0, 11)) -> loss=1.8375 (|pool|=111)
  +('vision', ('attn', 3, 1)) -> loss=1.8372 (|pool|=112)
  +('vision', ('attn', 0, 6)) -> loss=1.8369 (|pool|=113)
  +('vision', ('attn', 1, 0)) -> loss=1.8366 (|pool|=114)
  +('vision', ('attn', 8, 6)) -> loss=1.8364 (|pool|=115)
  +('vision', ('attn', 5, 10)) -> loss=1.8361 (|pool|=116)
  +('vision', ('attn', 6, 2)) -> loss=1.8359 (|pool|=117)
  +('vision', ('attn', 6, 10)) -> loss=1.8357 (|pool|=118)
  +('vision', ('attn', 7, 9)) -> loss=1.8355 (|pool|=119)
  +('vision', ('attn', 1, 7)) -> loss=1.8353 (|pool|=120)
  +('text', ('attn', 6, 3)) -> loss=1.8350 (|pool|=121)
  +('vision', ('attn', 1, 5)) -> loss=1.8349 (|pool|=122)
  +('vision', ('attn', 3, 0)) -> loss=1.8347 (|pool|=123)
  +('vision', ('attn', 0, 7)) -> loss=1.8345 (|pool|=124)
  +('vision', ('attn', 0, 1)) -> loss=1.8344 (|pool|=125)
  +('vision', ('attn', 1, 2)) -> loss=1.8343 (|pool|=126)
  +('text', ('attn', 2, 5)) -> loss=1.8342 (|pool|=127)
  +('vision', ('attn', 7, 4)) -> loss=1.8341 (|pool|=128)
  +('vision', ('attn', 7, 10)) -> loss=1.8341 (|pool|=129)
  +('text', ('attn', 3, 2)) -> loss=1.8340 (|pool|=130)
  +('vision', ('attn', 8, 1)) -> loss=1.8340 (|pool|=131)
  +('vision', ('attn', 4, 1)) -> loss=1.8339 (|pool|=132)
[ViT-B-16/imagenet] full=66.74  pool(132)=56.64  best prefix(98)=56.68
[ViT-B-16] wrote greedy_pool_{eval,trace,pool}
[ViT-L-14/imagenet] 1000 classes, calibration 1000 pairs, 5000 images total
  seed pair ('vision', ('attn', 23, 2)) + ('text', ('attn', 9, 11))  loss=5.8068
  +('text', ('attn', 10, 9)) -> loss=5.1847 (|pool|=3)
  +('vision', ('attn', 22, 6)) -> loss=4.8573 (|pool|=4)
  +('text', ('attn', 10, 4)) -> loss=4.4116 (|pool|=5)
  +('vision', ('attn', 22, 1)) -> loss=4.1960 (|pool|=6)
  +('vision', ('attn', 23, 9)) -> loss=4.0867 (|pool|=7)
  +('text', ('attn', 11, 4)) -> loss=3.9420 (|pool|=8)
  +('vision', ('attn', 23, 14)) -> loss=3.7992 (|pool|=9)
  +('text', ('attn', 10, 0)) -> loss=3.6576 (|pool|=10)
  +('vision', ('attn', 23, 1)) -> loss=3.4742 (|pool|=11)
  +('text', ('attn', 10, 6)) -> loss=3.1988 (|pool|=12)
  +('vision', ('attn', 23, 7)) -> loss=2.6966 (|pool|=13)
  +('text', ('attn', 11, 0)) -> loss=2.4660 (|pool|=14)
  +('vision', ('attn', 22, 3)) -> loss=2.3077 (|pool|=15)
  +('text', ('attn', 9, 8)) -> loss=2.1671 (|pool|=16)
  +('vision', ('attn', 23, 0)) -> loss=2.0466 (|pool|=17)
  +('text', ('attn', 10, 1)) -> loss=1.9516 (|pool|=18)
  +('vision', ('attn', 22, 9)) -> loss=1.8923 (|pool|=19)
  +('text', ('attn', 8, 1)) -> loss=1.8449 (|pool|=20)
  +('vision', ('attn', 22, 0)) -> loss=1.8043 (|pool|=21)
  +('text', ('attn', 9, 3)) -> loss=1.7704 (|pool|=22)
  +('vision', ('attn', 23, 5)) -> loss=1.7382 (|pool|=23)
  +('vision', ('attn', 23, 8)) -> loss=1.7113 (|pool|=24)
  +('text', ('attn', 8, 7)) -> loss=1.6581 (|pool|=25)
  +('vision', ('attn', 22, 2)) -> loss=1.6362 (|pool|=26)
  +('text', ('mlp', 8, -1)) -> loss=1.6160 (|pool|=27)
  +('text', ('attn', 9, 4)) -> loss=1.5957 (|pool|=28)
  +('vision', ('attn', 22, 11)) -> loss=1.5786 (|pool|=29)
  +('vision', ('attn', 22, 12)) -> loss=1.5631 (|pool|=30)
  +('text', ('attn', 5, 1)) -> loss=1.5501 (|pool|=31)
  +('text', ('attn', 10, 3)) -> loss=1.5374 (|pool|=32)
  +('vision', ('attn', 22, 4)) -> loss=1.5271 (|pool|=33)
  +('text', ('attn', 0, 5)) -> loss=1.5173 (|pool|=34)
  +('vision', ('attn', 23, 3)) -> loss=1.5084 (|pool|=35)
  +('text', ('attn', 0, 4)) -> loss=1.5004 (|pool|=36)
  +('text', ('attn', 9, 10)) -> loss=1.4934 (|pool|=37)
  +('vision', ('attn', 23, 6)) -> loss=1.4879 (|pool|=38)
  +('text', ('attn', 9, 1)) -> loss=1.4823 (|pool|=39)
  +('text', ('mlp', 10, -1)) -> loss=1.4744 (|pool|=40)
  +('text', ('attn', 11, 6)) -> loss=1.4649 (|pool|=41)
  +('text', ('attn', 10, 10)) -> loss=1.4577 (|pool|=42)
  +('text', ('attn', 4, 2)) -> loss=1.4516 (|pool|=43)
  +('vision', ('attn', 17, 10)) -> loss=1.4468 (|pool|=44)
  +('text', ('attn', 9, 9)) -> loss=1.4426 (|pool|=45)
  +('vision', ('attn', 19, 13)) -> loss=1.4391 (|pool|=46)
  +('text', ('attn', 0, 10)) -> loss=1.4357 (|pool|=47)
  +('text', ('attn', 8, 8)) -> loss=1.4324 (|pool|=48)
  +('vision', ('attn', 21, 12)) -> loss=1.4294 (|pool|=49)
  +('text', ('attn', 0, 0)) -> loss=1.4264 (|pool|=50)
  +('text', ('attn', 9, 2)) -> loss=1.4234 (|pool|=51)
  +('vision', ('attn', 17, 15)) -> loss=1.4204 (|pool|=52)
  +('text', ('attn', 0, 9)) -> loss=1.4175 (|pool|=53)
  +('text', ('attn', 4, 6)) -> loss=1.4148 (|pool|=54)
  +('text', ('attn', 0, 3)) -> loss=1.4122 (|pool|=55)
  +('text', ('attn', 8, 9)) -> loss=1.4097 (|pool|=56)
  +('vision', ('attn', 16, 10)) -> loss=1.4071 (|pool|=57)
  +('vision', ('attn', 21, 9)) -> loss=1.4052 (|pool|=58)
  +('text', ('attn', 0, 1)) -> loss=1.4031 (|pool|=59)
  +('vision', ('attn', 7, 3)) -> loss=1.4011 (|pool|=60)
  +('vision', ('mlp', 6, -1)) -> loss=1.3990 (|pool|=61)
  +('vision', ('attn', 4, 8)) -> loss=1.3972 (|pool|=62)
  +('vision', ('attn', 17, 12)) -> loss=1.3953 (|pool|=63)
  +('vision', ('attn', 20, 13)) -> loss=1.3936 (|pool|=64)
  +('vision', ('attn', 19, 7)) -> loss=1.3917 (|pool|=65)
  +('vision', ('attn', 22, 8)) -> loss=1.3899 (|pool|=66)
  +('vision', ('attn', 20, 1)) -> loss=1.3881 (|pool|=67)
  +('vision', ('attn', 17, 14)) -> loss=1.3864 (|pool|=68)
  +('vision', ('attn', 13, 15)) -> loss=1.3848 (|pool|=69)
  +('text', ('attn', 0, 8)) -> loss=1.3832 (|pool|=70)
  +('vision', ('attn', 21, 1)) -> loss=1.3817 (|pool|=71)
  +('text', ('attn', 5, 11)) -> loss=1.3802 (|pool|=72)
  +('vision', ('attn', 21, 3)) -> loss=1.3788 (|pool|=73)
  +('vision', ('attn', 9, 6)) -> loss=1.3773 (|pool|=74)
  +('text', ('attn', 7, 6)) -> loss=1.3760 (|pool|=75)
  +('text', ('attn', 2, 1)) -> loss=1.3747 (|pool|=76)
  +('vision', ('attn', 17, 1)) -> loss=1.3733 (|pool|=77)
  +('text', ('attn', 9, 5)) -> loss=1.3720 (|pool|=78)
  +('text', ('mlp', 11, -1)) -> loss=1.3673 (|pool|=79)
  +('text', ('attn', 11, 7)) -> loss=1.3396 (|pool|=80)
  +('text', ('mlp', 3, -1)) -> loss=1.3210 (|pool|=81)
  +('text', ('attn', 11, 11)) -> loss=1.3107 (|pool|=82)
  +('text', ('attn', 11, 9)) -> loss=1.3053 (|pool|=83)
  +('vision', ('attn', 18, 9)) -> loss=1.3012 (|pool|=84)
  +('vision', ('attn', 21, 0)) -> loss=1.2980 (|pool|=85)
  +('text', ('attn', 0, 11)) -> loss=1.2950 (|pool|=86)
  +('vision', ('attn', 23, 13)) -> loss=1.2915 (|pool|=87)
  +('vision', ('attn', 21, 2)) -> loss=1.2892 (|pool|=88)
  +('vision', ('mlp', 19, -1)) -> loss=1.2871 (|pool|=89)
  +('text', ('attn', 10, 11)) -> loss=1.2846 (|pool|=90)
  +('text', ('attn', 3, 10)) -> loss=1.2827 (|pool|=91)
  +('text', ('attn', 7, 0)) -> loss=1.2808 (|pool|=92)
  +('text', ('attn', 8, 0)) -> loss=1.2791 (|pool|=93)
  +('vision', ('attn', 11, 1)) -> loss=1.2775 (|pool|=94)
  +('vision', ('attn', 20, 0)) -> loss=1.2761 (|pool|=95)
  +('vision', ('attn', 17, 3)) -> loss=1.2746 (|pool|=96)
  +('vision', ('attn', 10, 6)) -> loss=1.2731 (|pool|=97)
  +('vision', ('attn', 15, 3)) -> loss=1.2718 (|pool|=98)
  +('text', ('attn', 2, 2)) -> loss=1.2705 (|pool|=99)
  +('vision', ('attn', 7, 6)) -> loss=1.2692 (|pool|=100)
  +('vision', ('attn', 10, 2)) -> loss=1.2680 (|pool|=101)
  +('vision', ('attn', 20, 15)) -> loss=1.2668 (|pool|=102)
  +('vision', ('attn', 6, 15)) -> loss=1.2654 (|pool|=103)
  +('vision', ('attn', 20, 8)) -> loss=1.2643 (|pool|=104)
  +('vision', ('attn', 8, 2)) -> loss=1.2631 (|pool|=105)
  +('text', ('attn', 3, 2)) -> loss=1.2620 (|pool|=106)
  +('text', ('attn', 6, 10)) -> loss=1.2610 (|pool|=107)
  +('vision', ('attn', 13, 4)) -> loss=1.2600 (|pool|=108)
  +('text', ('attn', 2, 11)) -> loss=1.2591 (|pool|=109)
  +('vision', ('attn', 19, 3)) -> loss=1.2581 (|pool|=110)
  +('vision', ('attn', 9, 9)) -> loss=1.2572 (|pool|=111)
  +('vision', ('attn', 3, 7)) -> loss=1.2564 (|pool|=112)
  +('text', ('attn', 3, 11)) -> loss=1.2555 (|pool|=113)
  +('vision', ('attn', 5, 6)) -> loss=1.2546 (|pool|=114)
  +('vision', ('attn', 6, 10)) -> loss=1.2538 (|pool|=115)
  +('vision', ('attn', 10, 9)) -> loss=1.2530 (|pool|=116)
  +('text', ('attn', 3, 7)) -> loss=1.2522 (|pool|=117)
  +('vision', ('attn', 18, 2)) -> loss=1.2514 (|pool|=118)
  +('vision', ('attn', 7, 12)) -> loss=1.2505 (|pool|=119)
  +('vision', ('attn', 6, 8)) -> loss=1.2497 (|pool|=120)
  +('vision', ('attn', 4, 4)) -> loss=1.2489 (|pool|=121)
  +('vision', ('attn', 15, 2)) -> loss=1.2482 (|pool|=122)
  +('text', ('attn', 3, 8)) -> loss=1.2474 (|pool|=123)
  +('text', ('mlp', 5, -1)) -> loss=1.2465 (|pool|=124)
  +('vision', ('attn', 7, 5)) -> loss=1.2457 (|pool|=125)
  +('vision', ('attn', 8, 4)) -> loss=1.2449 (|pool|=126)
  +('vision', ('attn', 18, 0)) -> loss=1.2442 (|pool|=127)
  +('vision', ('attn', 13, 11)) -> loss=1.2435 (|pool|=128)
  +('text', ('attn', 1, 9)) -> loss=1.2428 (|pool|=129)
  +('vision', ('attn', 10, 15)) -> loss=1.2422 (|pool|=130)
  +('vision', ('attn', 10, 14)) -> loss=1.2415 (|pool|=131)
  +('text', ('attn', 4, 8)) -> loss=1.2409 (|pool|=132)
  +('vision', ('attn', 19, 0)) -> loss=1.2403 (|pool|=133)
  +('text', ('attn', 10, 8)) -> loss=1.2396 (|pool|=134)
  +('vision', ('attn', 14, 2)) -> loss=1.2390 (|pool|=135)
  +('vision', ('attn', 9, 11)) -> loss=1.2384 (|pool|=136)
  +('vision', ('attn', 18, 3)) -> loss=1.2378 (|pool|=137)
  +('text', ('attn', 7, 11)) -> loss=1.2372 (|pool|=138)
  +('vision', ('attn', 13, 5)) -> loss=1.2366 (|pool|=139)
  +('vision', ('attn', 13, 9)) -> loss=1.2360 (|pool|=140)
  +('text', ('attn', 9, 6)) -> loss=1.2354 (|pool|=141)
  +('vision', ('attn', 8, 1)) -> loss=1.2348 (|pool|=142)
  +('vision', ('attn', 15, 1)) -> loss=1.2343 (|pool|=143)
  +('text', ('attn', 5, 5)) -> loss=1.2337 (|pool|=144)
  +('text', ('attn', 6, 1)) -> loss=1.2332 (|pool|=145)
  +('text', ('attn', 1, 0)) -> loss=1.2326 (|pool|=146)
  +('vision', ('attn', 13, 8)) -> loss=1.2321 (|pool|=147)
  +('vision', ('attn', 16, 6)) -> loss=1.2316 (|pool|=148)
  +('text', ('attn', 8, 11)) -> loss=1.2311 (|pool|=149)
  +('vision', ('attn', 8, 7)) -> loss=1.2307 (|pool|=150)
  +('vision', ('attn', 19, 14)) -> loss=1.2302 (|pool|=151)
  +('vision', ('mlp', 13, -1)) -> loss=1.2297 (|pool|=152)
  +('vision', ('attn', 11, 6)) -> loss=1.2291 (|pool|=153)
  +('vision', ('attn', 22, 15)) -> loss=1.2286 (|pool|=154)
  +('vision', ('attn', 17, 4)) -> loss=1.2281 (|pool|=155)
  +('text', ('attn', 0, 2)) -> loss=1.2276 (|pool|=156)
  +('vision', ('attn', 9, 13)) -> loss=1.2271 (|pool|=157)
  +('text', ('attn', 4, 9)) -> loss=1.2266 (|pool|=158)
  +('vision', ('attn', 5, 7)) -> loss=1.2262 (|pool|=159)
  +('vision', ('attn', 12, 11)) -> loss=1.2257 (|pool|=160)
  +('vision', ('attn', 15, 5)) -> loss=1.2253 (|pool|=161)
  +('text', ('attn', 3, 1)) -> loss=1.2249 (|pool|=162)
  +('vision', ('attn', 7, 0)) -> loss=1.2245 (|pool|=163)
  +('vision', ('attn', 19, 1)) -> loss=1.2241 (|pool|=164)
  +('text', ('attn', 1, 5)) -> loss=1.2237 (|pool|=165)
  +('vision', ('attn', 4, 0)) -> loss=1.2233 (|pool|=166)
  +('vision', ('mlp', 4, -1)) -> loss=1.2229 (|pool|=167)
  +('text', ('attn', 0, 6)) -> loss=1.2224 (|pool|=168)
  +('vision', ('attn', 12, 6)) -> loss=1.2220 (|pool|=169)
  +('vision', ('attn', 0, 7)) -> loss=1.2216 (|pool|=170)
  +('vision', ('attn', 7, 4)) -> loss=1.2212 (|pool|=171)
  +('text', ('attn', 6, 11)) -> loss=1.2208 (|pool|=172)
  +('vision', ('attn', 4, 7)) -> loss=1.2204 (|pool|=173)
  +('text', ('attn', 2, 4)) -> loss=1.2201 (|pool|=174)
  +('vision', ('attn', 20, 11)) -> loss=1.2197 (|pool|=175)
  +('vision', ('attn', 19, 5)) -> loss=1.2193 (|pool|=176)
  +('vision', ('attn', 15, 4)) -> loss=1.2189 (|pool|=177)
  +('vision', ('attn', 14, 10)) -> loss=1.2186 (|pool|=178)
  +('vision', ('attn', 9, 10)) -> loss=1.2182 (|pool|=179)
  +('vision', ('attn', 13, 10)) -> loss=1.2179 (|pool|=180)
  +('vision', ('attn', 5, 4)) -> loss=1.2176 (|pool|=181)
  +('vision', ('attn', 2, 14)) -> loss=1.2173 (|pool|=182)
  +('text', ('attn', 1, 11)) -> loss=1.2170 (|pool|=183)
  +('vision', ('attn', 12, 2)) -> loss=1.2166 (|pool|=184)
  +('vision', ('attn', 8, 12)) -> loss=1.2163 (|pool|=185)
  +('vision', ('attn', 0, 3)) -> loss=1.2161 (|pool|=186)
  +('vision', ('attn', 16, 14)) -> loss=1.2158 (|pool|=187)
  +('vision', ('attn', 9, 12)) -> loss=1.2155 (|pool|=188)
  +('vision', ('attn', 10, 5)) -> loss=1.2152 (|pool|=189)
  +('vision', ('attn', 4, 14)) -> loss=1.2149 (|pool|=190)
  +('vision', ('attn', 17, 13)) -> loss=1.2146 (|pool|=191)
  +('vision', ('attn', 19, 9)) -> loss=1.2144 (|pool|=192)
  +('text', ('attn', 8, 5)) -> loss=1.2141 (|pool|=193)
  +('vision', ('attn', 11, 3)) -> loss=1.2138 (|pool|=194)
  +('vision', ('attn', 11, 13)) -> loss=1.2135 (|pool|=195)
  +('vision', ('attn', 16, 9)) -> loss=1.2132 (|pool|=196)
  +('vision', ('attn', 19, 6)) -> loss=1.2129 (|pool|=197)
  +('text', ('attn', 9, 7)) -> loss=1.2127 (|pool|=198)
  +('vision', ('attn', 5, 9)) -> loss=1.2124 (|pool|=199)
  +('vision', ('attn', 11, 5)) -> loss=1.2122 (|pool|=200)
  +('vision', ('attn', 12, 0)) -> loss=1.2119 (|pool|=201)
  +('vision', ('attn', 2, 1)) -> loss=1.2117 (|pool|=202)
  +('vision', ('attn', 15, 6)) -> loss=1.2115 (|pool|=203)
  +('vision', ('attn', 2, 13)) -> loss=1.2112 (|pool|=204)
  +('text', ('attn', 8, 2)) -> loss=1.2110 (|pool|=205)
  +('vision', ('attn', 4, 12)) -> loss=1.2108 (|pool|=206)
  +('vision', ('attn', 2, 7)) -> loss=1.2106 (|pool|=207)
  +('vision', ('attn', 17, 11)) -> loss=1.2104 (|pool|=208)
  +('vision', ('attn', 2, 4)) -> loss=1.2102 (|pool|=209)
  +('vision', ('attn', 0, 0)) -> loss=1.2100 (|pool|=210)
  +('vision', ('attn', 3, 13)) -> loss=1.2098 (|pool|=211)
  +('vision', ('attn', 8, 9)) -> loss=1.2096 (|pool|=212)
  +('vision', ('attn', 3, 11)) -> loss=1.2094 (|pool|=213)
  +('text', ('attn', 3, 9)) -> loss=1.2092 (|pool|=214)
  +('vision', ('attn', 10, 0)) -> loss=1.2091 (|pool|=215)
  +('vision', ('attn', 19, 4)) -> loss=1.2089 (|pool|=216)
  +('vision', ('attn', 12, 15)) -> loss=1.2087 (|pool|=217)
  +('vision', ('attn', 6, 4)) -> loss=1.2085 (|pool|=218)
  +('vision', ('attn', 20, 2)) -> loss=1.2084 (|pool|=219)
  +('vision', ('attn', 13, 7)) -> loss=1.2082 (|pool|=220)
  +('text', ('attn', 3, 6)) -> loss=1.2080 (|pool|=221)
  +('vision', ('attn', 15, 7)) -> loss=1.2078 (|pool|=222)
  +('vision', ('attn', 11, 7)) -> loss=1.2077 (|pool|=223)
  +('vision', ('attn', 3, 2)) -> loss=1.2075 (|pool|=224)
  +('vision', ('attn', 0, 2)) -> loss=1.2073 (|pool|=225)
  +('vision', ('attn', 11, 4)) -> loss=1.2072 (|pool|=226)
  +('text', ('attn', 6, 8)) -> loss=1.2070 (|pool|=227)
  +('vision', ('attn', 12, 9)) -> loss=1.2069 (|pool|=228)
  +('vision', ('attn', 4, 2)) -> loss=1.2067 (|pool|=229)
  +('vision', ('attn', 7, 8)) -> loss=1.2065 (|pool|=230)
  +('vision', ('attn', 14, 9)) -> loss=1.2064 (|pool|=231)
  +('vision', ('attn', 2, 5)) -> loss=1.2062 (|pool|=232)
  +('vision', ('attn', 11, 9)) -> loss=1.2061 (|pool|=233)
  +('vision', ('attn', 2, 15)) -> loss=1.2060 (|pool|=234)
  +('vision', ('attn', 0, 4)) -> loss=1.2059 (|pool|=235)
  +('vision', ('attn', 1, 7)) -> loss=1.2057 (|pool|=236)
  +('vision', ('attn', 2, 10)) -> loss=1.2056 (|pool|=237)
  +('vision', ('attn', 2, 11)) -> loss=1.2055 (|pool|=238)
  +('vision', ('attn', 4, 6)) -> loss=1.2054 (|pool|=239)
  +('vision', ('attn', 13, 1)) -> loss=1.2053 (|pool|=240)
  +('vision', ('attn', 10, 11)) -> loss=1.2052 (|pool|=241)
  +('vision', ('attn', 14, 0)) -> loss=1.2051 (|pool|=242)
  +('vision', ('attn', 9, 14)) -> loss=1.2050 (|pool|=243)
  +('vision', ('attn', 3, 12)) -> loss=1.2049 (|pool|=244)
  +('vision', ('attn', 4, 3)) -> loss=1.2048 (|pool|=245)
  +('vision', ('attn', 3, 9)) -> loss=1.2047 (|pool|=246)
  +('vision', ('attn', 0, 5)) -> loss=1.2046 (|pool|=247)
  +('vision', ('attn', 11, 12)) -> loss=1.2045 (|pool|=248)
  +('vision', ('attn', 1, 14)) -> loss=1.2044 (|pool|=249)
  +('vision', ('attn', 0, 13)) -> loss=1.2043 (|pool|=250)
  +('vision', ('attn', 10, 4)) -> loss=1.2042 (|pool|=251)
  +('vision', ('attn', 16, 12)) -> loss=1.2041 (|pool|=252)
  +('text', ('attn', 7, 2)) -> loss=1.2040 (|pool|=253)
  +('text', ('attn', 2, 10)) -> loss=1.2039 (|pool|=254)
  +('vision', ('attn', 5, 10)) -> loss=1.2038 (|pool|=255)
  +('vision', ('attn', 2, 6)) -> loss=1.2037 (|pool|=256)
  +('vision', ('attn', 13, 3)) -> loss=1.2036 (|pool|=257)
  +('vision', ('attn', 7, 15)) -> loss=1.2036 (|pool|=258)
  +('text', ('attn', 2, 9)) -> loss=1.2035 (|pool|=259)
  +('vision', ('attn', 1, 8)) -> loss=1.2034 (|pool|=260)
  +('vision', ('attn', 5, 1)) -> loss=1.2033 (|pool|=261)
  +('vision', ('attn', 2, 3)) -> loss=1.2033 (|pool|=262)
  +('text', ('attn', 7, 9)) -> loss=1.2032 (|pool|=263)
  +('vision', ('attn', 15, 0)) -> loss=1.2031 (|pool|=264)
  +('vision', ('attn', 4, 13)) -> loss=1.2031 (|pool|=265)
  +('vision', ('attn', 2, 8)) -> loss=1.2030 (|pool|=266)
  +('vision', ('attn', 3, 5)) -> loss=1.2030 (|pool|=267)
  +('text', ('attn', 1, 1)) -> loss=1.2029 (|pool|=268)
  +('vision', ('attn', 16, 3)) -> loss=1.2029 (|pool|=269)
  +('vision', ('attn', 12, 8)) -> loss=1.2028 (|pool|=270)
  +('vision', ('attn', 1, 6)) -> loss=1.2028 (|pool|=271)
  +('vision', ('attn', 14, 4)) -> loss=1.2027 (|pool|=272)
  +('vision', ('attn', 14, 11)) -> loss=1.2027 (|pool|=273)
  +('vision', ('attn', 8, 5)) -> loss=1.2027 (|pool|=274)
  +('vision', ('mlp', 5, -1)) -> loss=1.2027 (|pool|=275)
  +('vision', ('mlp', 16, -1)) -> loss=1.2025 (|pool|=276)
  +('vision', ('attn', 18, 15)) -> loss=1.2023 (|pool|=277)
  +('vision', ('attn', 0, 12)) -> loss=1.2022 (|pool|=278)
  +('vision', ('attn', 12, 14)) -> loss=1.2022 (|pool|=279)
  +('vision', ('attn', 11, 15)) -> loss=1.2022 (|pool|=280)
  +('vision', ('attn', 6, 0)) -> loss=1.2022 (|pool|=281)
  +('vision', ('attn', 1, 11)) -> loss=1.2022 (|pool|=282)
  +('vision', ('attn', 13, 14)) -> loss=1.2022 (|pool|=283)
  +('vision', ('attn', 16, 8)) -> loss=1.2021 (|pool|=284)
  +('vision', ('attn', 0, 10)) -> loss=1.2021 (|pool|=285)
[ViT-L-14/imagenet] full=71.52  pool(285)=67.62  best prefix(264)=67.86
[ViT-L-14] wrote greedy_pool_{eval,trace,pool}
ALL DONE
