[ViT-B-32] vision (5000, 12, 12, 512) + mlp (5000, 13, 512) | text (5000, 12, 8, 512) + mlp (5000, 13, 512)
[ViT-B-32] baseline retrieval: R@1_i2t=40.88 R@5_i2t=67.08 R@10_i2t=77.00 R@1_t2i=39.64 R@5_t2i=65.42 R@10_t2i=75.70
[ViT-B-32] wrote layer_ablation (756 rows), component_ablation (2940 rows)
[ViT-B-16] vision (5000, 12, 12, 512) + mlp (5000, 13, 512) | text (5000, 12, 8, 512) + mlp (5000, 13, 512)
[ViT-B-16] baseline retrieval: R@1_i2t=42.88 R@5_i2t=69.48 R@10_i2t=79.16 R@1_t2i=42.10 R@5_t2i=67.02 R@10_t2i=76.50
[ViT-B-16] wrote layer_ablation (756 rows), component_ablation (2940 rows)
[ViT-L-14] vision (5000, 24, 16, 768) + mlp (5000, 25, 768) | text (5000, 12, 12, 768) + mlp (5000, 13, 768)
[ViT-L-14] baseline retrieval: R@1_i2t=46.22 R@5_i2t=71.86 R@10_i2t=80.88 R@1_t2i=45.84 R@5_t2i=70.38 R@10_t2i=79.90
[ViT-L-14] wrote layer_ablation (1092 rows), component_ablation (2996 rows)
[ViT-H-14] vision (5000, 32, 16, 1024) + mlp (5000, 33, 1024) | text (5000, 24, 16, 1024) + mlp (5000, 25, 1024)
[ViT-H-14] baseline retrieval: R@1_i2t=48.58 R@5_i2t=73.92 R@10_i2t=82.94 R@1_t2i=48.94 R@5_t2i=72.42 R@10_t2i=81.06
[ViT-H-14] wrote layer_ablation (1652 rows), component_ablation (3024 rows)
[RN50] vision (5000, 17, 32, 1024) + mlp (5000, 1, 1024) | text (5000, 12, 8, 1024) + mlp (5000, 13, 1024)
[RN50] baseline retrieval: R@1_i2t=33.28 R@5_i2t=58.76 R@10_i2t=68.86 R@1_t2i=27.48 R@5_t2i=52.12 R@10_t2i=63.56
[RN50] wrote layer_ablation (658 rows), component_ablation (2968 rows)
[RN101] vision (5000, 34, 32, 512) + mlp (5000, 1, 512) | text (5000, 12, 8, 512) + mlp (5000, 13, 512)
[RN101] baseline retrieval: R@1_i2t=34.98 R@5_i2t=59.48 R@10_i2t=70.16 R@1_t2i=30.50 R@5_t2i=55.30 R@10_t2i=65.42
[RN101] wrote layer_ablation (896 rows), component_ablation (2968 rows)
wrote /home/virgilio/contrastive_learning/PCLens-spectral-explainability-in-CLIP-ViT-encoder/output_dir/results_paper/figures/6_2_baselines.pdf/.png
wrote /home/virgilio/contrastive_learning/PCLens-spectral-explainability-in-CLIP-ViT-encoder/output_dir/results_paper/figures/6_2_concentration_joint.pdf/.png
wrote /home/virgilio/contrastive_learning/PCLens-spectral-explainability-in-CLIP-ViT-encoder/output_dir/results_paper/figures/6_2_ranking_quality_joint.pdf/.png
wrote /home/virgilio/contrastive_learning/PCLens-spectral-explainability-in-CLIP-ViT-encoder/output_dir/results_paper/figures/6_2_layer_ablation_ViT-B-32_self.pdf/.png
wrote /home/virgilio/contrastive_learning/PCLens-spectral-explainability-in-CLIP-ViT-encoder/output_dir/results_paper/figures/6_2_layer_ablation_ViT-B-32_ref.pdf/.png
wrote /home/virgilio/contrastive_learning/PCLens-spectral-explainability-in-CLIP-ViT-encoder/output_dir/results_paper/figures/6_2_component_ablate_ViT-B-32_self.pdf/.png
wrote /home/virgilio/contrastive_learning/PCLens-spectral-explainability-in-CLIP-ViT-encoder/output_dir/results_paper/figures/6_2_component_keep_ViT-B-32_self.pdf/.png
wrote /home/virgilio/contrastive_learning/PCLens-spectral-explainability-in-CLIP-ViT-encoder/output_dir/results_paper/figures/6_2_component_map_ViT-B-32.pdf/.png
wrote /home/virgilio/contrastive_learning/PCLens-spectral-explainability-in-CLIP-ViT-encoder/output_dir/results_paper/figures/6_2_loud_vs_informative_ViT-B-32.pdf/.png
wrote /home/virgilio/contrastive_learning/PCLens-spectral-explainability-in-CLIP-ViT-encoder/output_dir/results_paper/figures/6_2_layer_ablation_ViT-B-16_self.pdf/.png
wrote /home/virgilio/contrastive_learning/PCLens-spectral-explainability-in-CLIP-ViT-encoder/output_dir/results_paper/figures/6_2_layer_ablation_ViT-B-16_ref.pdf/.png
wrote /home/virgilio/contrastive_learning/PCLens-spectral-explainability-in-CLIP-ViT-encoder/output_dir/results_paper/figures/6_2_component_ablate_ViT-B-16_self.pdf/.png
wrote /home/virgilio/contrastive_learning/PCLens-spectral-explainability-in-CLIP-ViT-encoder/output_dir/results_paper/figures/6_2_component_keep_ViT-B-16_self.pdf/.png
wrote /home/virgilio/contrastive_learning/PCLens-spectral-explainability-in-CLIP-ViT-encoder/output_dir/results_paper/figures/6_2_component_map_ViT-B-16.pdf/.png
wrote /home/virgilio/contrastive_learning/PCLens-spectral-explainability-in-CLIP-ViT-encoder/output_dir/results_paper/figures/6_2_loud_vs_informative_ViT-B-16.pdf/.png
wrote /home/virgilio/contrastive_learning/PCLens-spectral-explainability-in-CLIP-ViT-encoder/output_dir/results_paper/figures/6_2_layer_ablation_ViT-L-14_self.pdf/.png
wrote /home/virgilio/contrastive_learning/PCLens-spectral-explainability-in-CLIP-ViT-encoder/output_dir/results_paper/figures/6_2_layer_ablation_ViT-L-14_ref.pdf/.png
wrote /home/virgilio/contrastive_learning/PCLens-spectral-explainability-in-CLIP-ViT-encoder/output_dir/results_paper/figures/6_2_component_ablate_ViT-L-14_self.pdf/.png
wrote /home/virgilio/contrastive_learning/PCLens-spectral-explainability-in-CLIP-ViT-encoder/output_dir/results_paper/figures/6_2_component_keep_ViT-L-14_self.pdf/.png
wrote /home/virgilio/contrastive_learning/PCLens-spectral-explainability-in-CLIP-ViT-encoder/output_dir/results_paper/figures/6_2_component_map_ViT-L-14.pdf/.png
wrote /home/virgilio/contrastive_learning/PCLens-spectral-explainability-in-CLIP-ViT-encoder/output_dir/results_paper/figures/6_2_loud_vs_informative_ViT-L-14.pdf/.png
wrote /home/virgilio/contrastive_learning/PCLens-spectral-explainability-in-CLIP-ViT-encoder/output_dir/results_paper/figures/6_2_layer_ablation_ViT-H-14_self.pdf/.png
wrote /home/virgilio/contrastive_learning/PCLens-spectral-explainability-in-CLIP-ViT-encoder/output_dir/results_paper/figures/6_2_layer_ablation_ViT-H-14_ref.pdf/.png
wrote /home/virgilio/contrastive_learning/PCLens-spectral-explainability-in-CLIP-ViT-encoder/output_dir/results_paper/figures/6_2_component_ablate_ViT-H-14_self.pdf/.png
wrote /home/virgilio/contrastive_learning/PCLens-spectral-explainability-in-CLIP-ViT-encoder/output_dir/results_paper/figures/6_2_component_keep_ViT-H-14_self.pdf/.png
wrote /home/virgilio/contrastive_learning/PCLens-spectral-explainability-in-CLIP-ViT-encoder/output_dir/results_paper/figures/6_2_component_map_ViT-H-14.pdf/.png
wrote /home/virgilio/contrastive_learning/PCLens-spectral-explainability-in-CLIP-ViT-encoder/output_dir/results_paper/figures/6_2_loud_vs_informative_ViT-H-14.pdf/.png
wrote /home/virgilio/contrastive_learning/PCLens-spectral-explainability-in-CLIP-ViT-encoder/output_dir/results_paper/figures/6_2_layer_ablation_RN50_self.pdf/.png
wrote /home/virgilio/contrastive_learning/PCLens-spectral-explainability-in-CLIP-ViT-encoder/output_dir/results_paper/figures/6_2_layer_ablation_RN50_ref.pdf/.png
wrote /home/virgilio/contrastive_learning/PCLens-spectral-explainability-in-CLIP-ViT-encoder/output_dir/results_paper/figures/6_2_component_ablate_RN50_self.pdf/.png
wrote /home/virgilio/contrastive_learning/PCLens-spectral-explainability-in-CLIP-ViT-encoder/output_dir/results_paper/figures/6_2_component_keep_RN50_self.pdf/.png
wrote /home/virgilio/contrastive_learning/PCLens-spectral-explainability-in-CLIP-ViT-encoder/output_dir/results_paper/figures/6_2_component_map_RN50.pdf/.png
wrote /home/virgilio/contrastive_learning/PCLens-spectral-explainability-in-CLIP-ViT-encoder/output_dir/results_paper/figures/6_2_loud_vs_informative_RN50.pdf/.png
wrote /home/virgilio/contrastive_learning/PCLens-spectral-explainability-in-CLIP-ViT-encoder/output_dir/results_paper/figures/6_2_layer_ablation_RN101_self.pdf/.png
wrote /home/virgilio/contrastive_learning/PCLens-spectral-explainability-in-CLIP-ViT-encoder/output_dir/results_paper/figures/6_2_layer_ablation_RN101_ref.pdf/.png
wrote /home/virgilio/contrastive_learning/PCLens-spectral-explainability-in-CLIP-ViT-encoder/output_dir/results_paper/figures/6_2_component_ablate_RN101_self.pdf/.png
wrote /home/virgilio/contrastive_learning/PCLens-spectral-explainability-in-CLIP-ViT-encoder/output_dir/results_paper/figures/6_2_component_keep_RN101_self.pdf/.png
wrote /home/virgilio/contrastive_learning/PCLens-spectral-explainability-in-CLIP-ViT-encoder/output_dir/results_paper/figures/6_2_component_map_RN101.pdf/.png
wrote /home/virgilio/contrastive_learning/PCLens-spectral-explainability-in-CLIP-ViT-encoder/output_dir/results_paper/figures/6_2_loud_vs_informative_RN101.pdf/.png
wrote /home/virgilio/contrastive_learning/PCLens-spectral-explainability-in-CLIP-ViT-encoder/output_dir/results_paper/figures/6_3_id_table_vision.pdf/.png
wrote /home/virgilio/contrastive_learning/PCLens-spectral-explainability-in-CLIP-ViT-encoder/output_dir/results_paper/figures/6_3_ratio_depth_vision.pdf/.png
wrote /home/virgilio/contrastive_learning/PCLens-spectral-explainability-in-CLIP-ViT-encoder/output_dir/results_paper/figures/6_3_id_table_text.pdf/.png
wrote /home/virgilio/contrastive_learning/PCLens-spectral-explainability-in-CLIP-ViT-encoder/output_dir/results_paper/figures/6_3_ratio_depth_text.pdf/.png
wrote /home/virgilio/contrastive_learning/PCLens-spectral-explainability-in-CLIP-ViT-encoder/output_dir/results_paper/figures/6_3_id_components_ViT-B-32.pdf/.png
wrote /home/virgilio/contrastive_learning/PCLens-spectral-explainability-in-CLIP-ViT-encoder/output_dir/results_paper/figures/6_3_modality_geometry_ViT-B-32.pdf/.png
wrote /home/virgilio/contrastive_learning/PCLens-spectral-explainability-in-CLIP-ViT-encoder/output_dir/results_paper/figures/6_3_id_components_ViT-B-16.pdf/.png
wrote /home/virgilio/contrastive_learning/PCLens-spectral-explainability-in-CLIP-ViT-encoder/output_dir/results_paper/figures/6_3_modality_geometry_ViT-B-16.pdf/.png
wrote /home/virgilio/contrastive_learning/PCLens-spectral-explainability-in-CLIP-ViT-encoder/output_dir/results_paper/figures/6_3_id_components_ViT-L-14.pdf/.png
wrote /home/virgilio/contrastive_learning/PCLens-spectral-explainability-in-CLIP-ViT-encoder/output_dir/results_paper/figures/6_3_modality_geometry_ViT-L-14.pdf/.png
wrote /home/virgilio/contrastive_learning/PCLens-spectral-explainability-in-CLIP-ViT-encoder/output_dir/results_paper/figures/6_3_id_components_ViT-H-14.pdf/.png
wrote /home/virgilio/contrastive_learning/PCLens-spectral-explainability-in-CLIP-ViT-encoder/output_dir/results_paper/figures/6_3_modality_geometry_ViT-H-14.pdf/.png
wrote /home/virgilio/contrastive_learning/PCLens-spectral-explainability-in-CLIP-ViT-encoder/output_dir/results_paper/figures/6_3_id_components_RN50.pdf/.png
wrote /home/virgilio/contrastive_learning/PCLens-spectral-explainability-in-CLIP-ViT-encoder/output_dir/results_paper/figures/6_3_modality_geometry_RN50.pdf/.png
wrote /home/virgilio/contrastive_learning/PCLens-spectral-explainability-in-CLIP-ViT-encoder/output_dir/results_paper/figures/6_3_id_components_RN101.pdf/.png
wrote /home/virgilio/contrastive_learning/PCLens-spectral-explainability-in-CLIP-ViT-encoder/output_dir/results_paper/figures/6_3_modality_geometry_RN101.pdf/.png
wrote /home/virgilio/contrastive_learning/PCLens-spectral-explainability-in-CLIP-ViT-encoder/output_dir/results_paper/figures/6_4_k90_late4_joint.pdf/.png
wrote /home/virgilio/contrastive_learning/PCLens-spectral-explainability-in-CLIP-ViT-encoder/output_dir/results_paper/figures/6_4_linear_approx_ViT-B-32_late4_joint.pdf/.png
wrote /home/virgilio/contrastive_learning/PCLens-spectral-explainability-in-CLIP-ViT-encoder/output_dir/results_paper/figures/6_4_linear_approx_ViT-B-32_topB32_joint.pdf/.png
wrote /home/virgilio/contrastive_learning/PCLens-spectral-explainability-in-CLIP-ViT-encoder/output_dir/results_paper/figures/6_4_approx_heat_ViT-B-32_joint.pdf/.png
wrote /home/virgilio/contrastive_learning/PCLens-spectral-explainability-in-CLIP-ViT-encoder/output_dir/results_paper/figures/6_4_linear_approx_ViT-B-16_late4_joint.pdf/.png
wrote /home/virgilio/contrastive_learning/PCLens-spectral-explainability-in-CLIP-ViT-encoder/output_dir/results_paper/figures/6_4_linear_approx_ViT-B-16_topB32_joint.pdf/.png
wrote /home/virgilio/contrastive_learning/PCLens-spectral-explainability-in-CLIP-ViT-encoder/output_dir/results_paper/figures/6_4_approx_heat_ViT-B-16_joint.pdf/.png
wrote /home/virgilio/contrastive_learning/PCLens-spectral-explainability-in-CLIP-ViT-encoder/output_dir/results_paper/figures/6_4_linear_approx_ViT-L-14_late4_joint.pdf/.png
wrote /home/virgilio/contrastive_learning/PCLens-spectral-explainability-in-CLIP-ViT-encoder/output_dir/results_paper/figures/6_4_linear_approx_ViT-L-14_topB32_joint.pdf/.png
wrote /home/virgilio/contrastive_learning/PCLens-spectral-explainability-in-CLIP-ViT-encoder/output_dir/results_paper/figures/6_4_approx_heat_ViT-L-14_joint.pdf/.png
wrote /home/virgilio/contrastive_learning/PCLens-spectral-explainability-in-CLIP-ViT-encoder/output_dir/results_paper/figures/6_4_linear_approx_ViT-H-14_late4_joint.pdf/.png
wrote /home/virgilio/contrastive_learning/PCLens-spectral-explainability-in-CLIP-ViT-encoder/output_dir/results_paper/figures/6_4_linear_approx_ViT-H-14_topB32_joint.pdf/.png
wrote /home/virgilio/contrastive_learning/PCLens-spectral-explainability-in-CLIP-ViT-encoder/output_dir/results_paper/figures/6_4_approx_heat_ViT-H-14_joint.pdf/.png
wrote /home/virgilio/contrastive_learning/PCLens-spectral-explainability-in-CLIP-ViT-encoder/output_dir/results_paper/figures/6_4_linear_approx_RN50_late4_joint.pdf/.png
wrote /home/virgilio/contrastive_learning/PCLens-spectral-explainability-in-CLIP-ViT-encoder/output_dir/results_paper/figures/6_4_linear_approx_RN50_topB32_joint.pdf/.png
wrote /home/virgilio/contrastive_learning/PCLens-spectral-explainability-in-CLIP-ViT-encoder/output_dir/results_paper/figures/6_4_approx_heat_RN50_joint.pdf/.png
wrote /home/virgilio/contrastive_learning/PCLens-spectral-explainability-in-CLIP-ViT-encoder/output_dir/results_paper/figures/6_4_linear_approx_RN101_late4_joint.pdf/.png
wrote /home/virgilio/contrastive_learning/PCLens-spectral-explainability-in-CLIP-ViT-encoder/output_dir/results_paper/figures/6_4_linear_approx_RN101_topB32_joint.pdf/.png
wrote /home/virgilio/contrastive_learning/PCLens-spectral-explainability-in-CLIP-ViT-encoder/output_dir/results_paper/figures/6_4_approx_heat_RN101_joint.pdf/.png
wrote /home/virgilio/contrastive_learning/PCLens-spectral-explainability-in-CLIP-ViT-encoder/paper_experiments_6_2_to_6_4.ipynb (31 cells)
ALL DONE
