================ ViT-B-32 ================
[ViT-B-32] vision (5000, 12, 12, 512) + mlp (5000, 13, 512) | text (5000, 12, 8, 512) + mlp (5000, 13, 512)
[ViT-B-32] baseline retrieval: R@1_i2t=40.88 R@5_i2t=67.08 R@10_i2t=77.02 R@1_t2i=39.64 R@5_t2i=65.42 R@10_t2i=75.70
[ViT-B-32] wrote layer_ablation (756 rows), component_ablation (1680 rows)
[ViT-B-32/vision] done (170 rows so far)
[ViT-B-32/text] done (292 rows so far)
[ViT-B-32] wrote /home/virgilio/contrastive_learning/PCLens-spectral-explainability-in-CLIP-ViT-encoder/output_dir/results_paper/6_3/intrinsic_dim_ViT-B-32.csv
[ViT-B-32] late4 pc k=1: joint R@1_i2t=0.20 (base 40.88)
[ViT-B-32] late4 pc k=2: joint R@1_i2t=0.32 (base 40.88)
[ViT-B-32] late4 pc k=4: joint R@1_i2t=1.14 (base 40.88)
[ViT-B-32] late4 pc k=8: joint R@1_i2t=4.62 (base 40.88)
[ViT-B-32] late4 pc k=16: joint R@1_i2t=16.92 (base 40.88)
[ViT-B-32] late4 pc k=32: joint R@1_i2t=31.78 (base 40.88)
[ViT-B-32] late4 pc k=64: joint R@1_i2t=40.86 (base 40.88)
[ViT-B-32] late4 text k=1: joint R@1_i2t=0.08 (base 40.88)
[ViT-B-32] late4 text k=2: joint R@1_i2t=0.12 (base 40.88)
[ViT-B-32] late4 text k=4: joint R@1_i2t=0.14 (base 40.88)
[ViT-B-32] late4 text k=8: joint R@1_i2t=0.28 (base 40.88)
[ViT-B-32] late4 text k=16: joint R@1_i2t=0.98 (base 40.88)
[ViT-B-32] late4 text k=32: joint R@1_i2t=2.44 (base 40.88)
[ViT-B-32] late4 text k=64: joint R@1_i2t=7.28 (base 40.88)
[ViT-B-32] late4 image k=1: joint R@1_i2t=0.06 (base 40.88)
[ViT-B-32] late4 image k=2: joint R@1_i2t=0.00 (base 40.88)
[ViT-B-32] late4 image k=4: joint R@1_i2t=0.10 (base 40.88)
[ViT-B-32] late4 image k=8: joint R@1_i2t=0.12 (base 40.88)
[ViT-B-32] late4 image k=16: joint R@1_i2t=0.18 (base 40.88)
[ViT-B-32] late4 image k=32: joint R@1_i2t=0.52 (base 40.88)
[ViT-B-32] late4 image k=64: joint R@1_i2t=2.14 (base 40.88)
[ViT-B-32] late4 both k=1: joint R@1_i2t=0.06 (base 40.88)
[ViT-B-32] late4 both k=2: joint R@1_i2t=0.02 (base 40.88)
[ViT-B-32] late4 both k=4: joint R@1_i2t=0.08 (base 40.88)
[ViT-B-32] late4 both k=8: joint R@1_i2t=0.10 (base 40.88)
[ViT-B-32] late4 both k=16: joint R@1_i2t=0.36 (base 40.88)
[ViT-B-32] late4 both k=32: joint R@1_i2t=0.86 (base 40.88)
[ViT-B-32] late4 both k=64: joint R@1_i2t=2.92 (base 40.88)
[ViT-B-32] topB32 pc k=1: joint R@1_i2t=0.26 (base 40.88)
[ViT-B-32] topB32 pc k=2: joint R@1_i2t=0.44 (base 40.88)
[ViT-B-32] topB32 pc k=4: joint R@1_i2t=1.42 (base 40.88)
[ViT-B-32] topB32 pc k=8: joint R@1_i2t=7.14 (base 40.88)
[ViT-B-32] topB32 pc k=16: joint R@1_i2t=20.22 (base 40.88)
[ViT-B-32] topB32 pc k=32: joint R@1_i2t=33.76 (base 40.88)
[ViT-B-32] topB32 pc k=64: joint R@1_i2t=40.84 (base 40.88)
[ViT-B-32] topB32 text k=1: joint R@1_i2t=0.14 (base 40.88)
[ViT-B-32] topB32 text k=2: joint R@1_i2t=0.18 (base 40.88)
[ViT-B-32] topB32 text k=4: joint R@1_i2t=0.22 (base 40.88)
[ViT-B-32] topB32 text k=8: joint R@1_i2t=0.22 (base 40.88)
[ViT-B-32] topB32 text k=16: joint R@1_i2t=0.54 (base 40.88)
[ViT-B-32] topB32 text k=32: joint R@1_i2t=1.74 (base 40.88)
[ViT-B-32] topB32 text k=64: joint R@1_i2t=5.58 (base 40.88)
[ViT-B-32] topB32 image k=1: joint R@1_i2t=0.12 (base 40.88)
[ViT-B-32] topB32 image k=2: joint R@1_i2t=0.16 (base 40.88)
[ViT-B-32] topB32 image k=4: joint R@1_i2t=0.16 (base 40.88)
[ViT-B-32] topB32 image k=8: joint R@1_i2t=0.20 (base 40.88)
[ViT-B-32] topB32 image k=16: joint R@1_i2t=0.26 (base 40.88)
[ViT-B-32] topB32 image k=32: joint R@1_i2t=0.40 (base 40.88)
[ViT-B-32] topB32 image k=64: joint R@1_i2t=1.66 (base 40.88)
[ViT-B-32] topB32 both k=1: joint R@1_i2t=0.14 (base 40.88)
[ViT-B-32] topB32 both k=2: joint R@1_i2t=0.12 (base 40.88)
[ViT-B-32] topB32 both k=4: joint R@1_i2t=0.14 (base 40.88)
[ViT-B-32] topB32 both k=8: joint R@1_i2t=0.22 (base 40.88)
[ViT-B-32] topB32 both k=16: joint R@1_i2t=0.44 (base 40.88)
[ViT-B-32] topB32 both k=32: joint R@1_i2t=0.82 (base 40.88)
[ViT-B-32] topB32 both k=64: joint R@1_i2t=3.04 (base 40.88)
[ViT-B-32] wrote /home/virgilio/contrastive_learning/PCLens-spectral-explainability-in-CLIP-ViT-encoder/output_dir/results_paper/6_4/linear_approx_ViT-B-32.csv
wrote /home/virgilio/contrastive_learning/PCLens-spectral-explainability-in-CLIP-ViT-encoder/output_dir/results_paper/figures/6_2_baselines.pdf/.png
wrote /home/virgilio/contrastive_learning/PCLens-spectral-explainability-in-CLIP-ViT-encoder/output_dir/results_paper/figures/6_2_layer_ablation_ViT-B-32_self.pdf/.png
wrote /home/virgilio/contrastive_learning/PCLens-spectral-explainability-in-CLIP-ViT-encoder/output_dir/results_paper/figures/6_2_layer_ablation_ViT-B-32_ref.pdf/.png
wrote /home/virgilio/contrastive_learning/PCLens-spectral-explainability-in-CLIP-ViT-encoder/output_dir/results_paper/figures/6_2_component_ablate_ViT-B-32_self.pdf/.png
wrote /home/virgilio/contrastive_learning/PCLens-spectral-explainability-in-CLIP-ViT-encoder/output_dir/results_paper/figures/6_2_component_keep_ViT-B-32_self.pdf/.png
