================ ViT-B-32 ================
[ViT-B-32] vision (5000, 12, 12, 512) + mlp (5000, 13, 512) | text (5000, 12, 8, 512) + mlp (5000, 13, 512)
[ViT-B-32] baseline retrieval: R@1_i2t=40.88 R@5_i2t=67.08 R@10_i2t=77.00 R@1_t2i=39.64 R@5_t2i=65.42 R@10_t2i=75.70
[ViT-B-32] wrote layer_ablation (756 rows), component_ablation (1680 rows)
[ViT-B-32/vision] done (170 rows so far)
[ViT-B-32/text] done (292 rows so far)
[ViT-B-32] wrote /home/virgilio/contrastive_learning/PCLens-spectral-explainability-in-CLIP-ViT-encoder/output_dir/results_paper/6_3/intrinsic_dim_ViT-B-32.csv
[ViT-B-32] late4 pc k=1: joint R@1_i2t=0.20 (base 40.88)
[ViT-B-32] late4 pc k=2: joint R@1_i2t=0.32 (base 40.88)
[ViT-B-32] late4 pc k=4: joint R@1_i2t=1.14 (base 40.88)
[ViT-B-32] late4 pc k=8: joint R@1_i2t=4.62 (base 40.88)
[ViT-B-32] late4 pc k=16: joint R@1_i2t=16.92 (base 40.88)
[ViT-B-32] late4 pc k=32: joint R@1_i2t=31.78 (base 40.88)
[ViT-B-32] late4 pc k=64: joint R@1_i2t=40.86 (base 40.88)
[ViT-B-32] late4 text k=1: joint R@1_i2t=0.10 (base 40.88)
[ViT-B-32] late4 text k=2: joint R@1_i2t=0.16 (base 40.88)
[ViT-B-32] late4 text k=4: joint R@1_i2t=0.20 (base 40.88)
[ViT-B-32] late4 text k=8: joint R@1_i2t=0.50 (base 40.88)
[ViT-B-32] late4 text k=16: joint R@1_i2t=1.28 (base 40.88)
[ViT-B-32] late4 text k=32: joint R@1_i2t=3.34 (base 40.88)
[ViT-B-32] late4 text k=64: joint R@1_i2t=9.28 (base 40.88)
[ViT-B-32] late4 image k=1: joint R@1_i2t=0.10 (base 40.88)
[ViT-B-32] late4 image k=2: joint R@1_i2t=0.10 (base 40.88)
[ViT-B-32] late4 image k=4: joint R@1_i2t=0.10 (base 40.88)
[ViT-B-32] late4 image k=8: joint R@1_i2t=0.16 (base 40.88)
[ViT-B-32] late4 image k=16: joint R@1_i2t=0.38 (base 40.88)
[ViT-B-32] late4 image k=32: joint R@1_i2t=1.14 (base 40.88)
[ViT-B-32] late4 image k=64: joint R@1_i2t=3.32 (base 40.88)
[ViT-B-32] late4 both k=1: joint R@1_i2t=0.10 (base 40.88)
[ViT-B-32] late4 both k=2: joint R@1_i2t=0.14 (base 40.88)
[ViT-B-32] late4 both k=4: joint R@1_i2t=0.24 (base 40.88)
[ViT-B-32] late4 both k=8: joint R@1_i2t=0.42 (base 40.88)
[ViT-B-32] late4 both k=16: joint R@1_i2t=1.00 (base 40.88)
[ViT-B-32] late4 both k=32: joint R@1_i2t=2.76 (base 40.88)
[ViT-B-32] late4 both k=64: joint R@1_i2t=7.50 (base 40.88)
[ViT-B-32] topB32 pc k=1: joint R@1_i2t=0.26 (base 40.88)
[ViT-B-32] topB32 pc k=2: joint R@1_i2t=0.44 (base 40.88)
[ViT-B-32] topB32 pc k=4: joint R@1_i2t=1.42 (base 40.88)
[ViT-B-32] topB32 pc k=8: joint R@1_i2t=7.14 (base 40.88)
[ViT-B-32] topB32 pc k=16: joint R@1_i2t=20.22 (base 40.88)
[ViT-B-32] topB32 pc k=32: joint R@1_i2t=33.74 (base 40.88)
[ViT-B-32] topB32 pc k=64: joint R@1_i2t=40.84 (base 40.88)
[ViT-B-32] topB32 text k=1: joint R@1_i2t=0.18 (base 40.88)
[ViT-B-32] topB32 text k=2: joint R@1_i2t=0.24 (base 40.88)
[ViT-B-32] topB32 text k=4: joint R@1_i2t=0.26 (base 40.88)
[ViT-B-32] topB32 text k=8: joint R@1_i2t=0.40 (base 40.88)
[ViT-B-32] topB32 text k=16: joint R@1_i2t=0.78 (base 40.88)
[ViT-B-32] topB32 text k=32: joint R@1_i2t=2.06 (base 40.88)
[ViT-B-32] topB32 text k=64: joint R@1_i2t=7.42 (base 40.88)
[ViT-B-32] topB32 image k=1: joint R@1_i2t=0.14 (base 40.88)
[ViT-B-32] topB32 image k=2: joint R@1_i2t=0.14 (base 40.88)
[ViT-B-32] topB32 image k=4: joint R@1_i2t=0.22 (base 40.88)
[ViT-B-32] topB32 image k=8: joint R@1_i2t=0.26 (base 40.88)
[ViT-B-32] topB32 image k=16: joint R@1_i2t=0.44 (base 40.88)
[ViT-B-32] topB32 image k=32: joint R@1_i2t=1.28 (base 40.88)
[ViT-B-32] topB32 image k=64: joint R@1_i2t=4.22 (base 40.88)
[ViT-B-32] topB32 both k=1: joint R@1_i2t=0.20 (base 40.88)
[ViT-B-32] topB32 both k=2: joint R@1_i2t=0.20 (base 40.88)
[ViT-B-32] topB32 both k=4: joint R@1_i2t=0.22 (base 40.88)
[ViT-B-32] topB32 both k=8: joint R@1_i2t=0.40 (base 40.88)
[ViT-B-32] topB32 both k=16: joint R@1_i2t=0.70 (base 40.88)
[ViT-B-32] topB32 both k=32: joint R@1_i2t=2.02 (base 40.88)
[ViT-B-32] topB32 both k=64: joint R@1_i2t=6.38 (base 40.88)
[ViT-B-32] wrote /home/virgilio/contrastive_learning/PCLens-spectral-explainability-in-CLIP-ViT-encoder/output_dir/results_paper/6_4/linear_approx_ViT-B-32.csv
================ ViT-B-16 ================
[ViT-B-16] vision (5000, 12, 12, 512) + mlp (5000, 13, 512) | text (5000, 12, 8, 512) + mlp (5000, 13, 512)
[ViT-B-16] baseline retrieval: R@1_i2t=42.88 R@5_i2t=69.48 R@10_i2t=79.16 R@1_t2i=42.10 R@5_t2i=67.02 R@10_t2i=76.50
[ViT-B-16] wrote layer_ablation (756 rows), component_ablation (1680 rows)
[ViT-B-16/vision] done (170 rows so far)
[ViT-B-16/text] done (292 rows so far)
[ViT-B-16] wrote /home/virgilio/contrastive_learning/PCLens-spectral-explainability-in-CLIP-ViT-encoder/output_dir/results_paper/6_3/intrinsic_dim_ViT-B-16.csv
[ViT-B-16] late4 pc k=1: joint R@1_i2t=0.02 (base 42.88)
[ViT-B-16] late4 pc k=2: joint R@1_i2t=0.10 (base 42.88)
[ViT-B-16] late4 pc k=4: joint R@1_i2t=0.78 (base 42.88)
[ViT-B-16] late4 pc k=8: joint R@1_i2t=5.10 (base 42.88)
[ViT-B-16] late4 pc k=16: joint R@1_i2t=17.48 (base 42.88)
[ViT-B-16] late4 pc k=32: joint R@1_i2t=35.38 (base 42.88)
[ViT-B-16] late4 pc k=64: joint R@1_i2t=42.58 (base 42.88)
[ViT-B-16] late4 text k=1: joint R@1_i2t=0.02 (base 42.88)
[ViT-B-16] late4 text k=2: joint R@1_i2t=0.04 (base 42.88)
[ViT-B-16] late4 text k=4: joint R@1_i2t=0.06 (base 42.88)
[ViT-B-16] late4 text k=8: joint R@1_i2t=0.20 (base 42.88)
[ViT-B-16] late4 text k=16: joint R@1_i2t=0.66 (base 42.88)
[ViT-B-16] late4 text k=32: joint R@1_i2t=2.80 (base 42.88)
[ViT-B-16] late4 text k=64: joint R@1_i2t=8.74 (base 42.88)
[ViT-B-16] late4 image k=1: joint R@1_i2t=0.02 (base 42.88)
[ViT-B-16] late4 image k=2: joint R@1_i2t=0.02 (base 42.88)
[ViT-B-16] late4 image k=4: joint R@1_i2t=0.02 (base 42.88)
[ViT-B-16] late4 image k=8: joint R@1_i2t=0.02 (base 42.88)
[ViT-B-16] late4 image k=16: joint R@1_i2t=0.12 (base 42.88)
[ViT-B-16] late4 image k=32: joint R@1_i2t=0.68 (base 42.88)
[ViT-B-16] late4 image k=64: joint R@1_i2t=2.58 (base 42.88)
[ViT-B-16] late4 both k=1: joint R@1_i2t=0.02 (base 42.88)
[ViT-B-16] late4 both k=2: joint R@1_i2t=0.04 (base 42.88)
[ViT-B-16] late4 both k=4: joint R@1_i2t=0.08 (base 42.88)
[ViT-B-16] late4 both k=8: joint R@1_i2t=0.16 (base 42.88)
[ViT-B-16] late4 both k=16: joint R@1_i2t=0.52 (base 42.88)
[ViT-B-16] late4 both k=32: joint R@1_i2t=2.00 (base 42.88)
[ViT-B-16] late4 both k=64: joint R@1_i2t=7.36 (base 42.88)
[ViT-B-16] topB32 pc k=1: joint R@1_i2t=0.20 (base 42.88)
[ViT-B-16] topB32 pc k=2: joint R@1_i2t=0.48 (base 42.88)
[ViT-B-16] topB32 pc k=4: joint R@1_i2t=1.76 (base 42.88)
[ViT-B-16] topB32 pc k=8: joint R@1_i2t=8.26 (base 42.88)
[ViT-B-16] topB32 pc k=16: joint R@1_i2t=22.64 (base 42.88)
[ViT-B-16] topB32 pc k=32: joint R@1_i2t=37.68 (base 42.88)
[ViT-B-16] topB32 pc k=64: joint R@1_i2t=42.48 (base 42.88)
[ViT-B-16] topB32 text k=1: joint R@1_i2t=0.14 (base 42.88)
[ViT-B-16] topB32 text k=2: joint R@1_i2t=0.14 (base 42.88)
[ViT-B-16] topB32 text k=4: joint R@1_i2t=0.30 (base 42.88)
[ViT-B-16] topB32 text k=8: joint R@1_i2t=0.58 (base 42.88)
[ViT-B-16] topB32 text k=16: joint R@1_i2t=1.04 (base 42.88)
[ViT-B-16] topB32 text k=32: joint R@1_i2t=3.52 (base 42.88)
[ViT-B-16] topB32 text k=64: joint R@1_i2t=9.96 (base 42.88)
[ViT-B-16] topB32 image k=1: joint R@1_i2t=0.12 (base 42.88)
[ViT-B-16] topB32 image k=2: joint R@1_i2t=0.12 (base 42.88)
[ViT-B-16] topB32 image k=4: joint R@1_i2t=0.18 (base 42.88)
[ViT-B-16] topB32 image k=8: joint R@1_i2t=0.30 (base 42.88)
[ViT-B-16] topB32 image k=16: joint R@1_i2t=0.76 (base 42.88)
[ViT-B-16] topB32 image k=32: joint R@1_i2t=1.58 (base 42.88)
[ViT-B-16] topB32 image k=64: joint R@1_i2t=5.86 (base 42.88)
[ViT-B-16] topB32 both k=1: joint R@1_i2t=0.10 (base 42.88)
[ViT-B-16] topB32 both k=2: joint R@1_i2t=0.14 (base 42.88)
[ViT-B-16] topB32 both k=4: joint R@1_i2t=0.26 (base 42.88)
[ViT-B-16] topB32 both k=8: joint R@1_i2t=0.54 (base 42.88)
[ViT-B-16] topB32 both k=16: joint R@1_i2t=1.04 (base 42.88)
[ViT-B-16] topB32 both k=32: joint R@1_i2t=2.78 (base 42.88)
[ViT-B-16] topB32 both k=64: joint R@1_i2t=8.72 (base 42.88)
[ViT-B-16] wrote /home/virgilio/contrastive_learning/PCLens-spectral-explainability-in-CLIP-ViT-encoder/output_dir/results_paper/6_4/linear_approx_ViT-B-16.csv
================ ViT-L-14 ================
[ViT-L-14] vision (5000, 24, 16, 768) + mlp (5000, 25, 768) | text (5000, 12, 12, 768) + mlp (5000, 13, 768)
[ViT-L-14] baseline retrieval: R@1_i2t=46.22 R@5_i2t=71.86 R@10_i2t=80.88 R@1_t2i=45.84 R@5_t2i=70.38 R@10_t2i=79.90
[ViT-L-14] wrote layer_ablation (1092 rows), component_ablation (1680 rows)
[ViT-L-14/vision] done (434 rows so far)
[ViT-L-14/text] done (604 rows so far)
[ViT-L-14] wrote /home/virgilio/contrastive_learning/PCLens-spectral-explainability-in-CLIP-ViT-encoder/output_dir/results_paper/6_3/intrinsic_dim_ViT-L-14.csv
[ViT-L-14] late4 pc k=1: joint R@1_i2t=0.04 (base 46.22)
[ViT-L-14] late4 pc k=2: joint R@1_i2t=0.04 (base 46.22)
[ViT-L-14] late4 pc k=4: joint R@1_i2t=0.18 (base 46.22)
[ViT-L-14] late4 pc k=8: joint R@1_i2t=4.36 (base 46.22)
[ViT-L-14] late4 pc k=16: joint R@1_i2t=21.96 (base 46.22)
[ViT-L-14] late4 pc k=32: joint R@1_i2t=40.56 (base 46.22)
[ViT-L-14] late4 pc k=64: joint R@1_i2t=46.44 (base 46.22)
[ViT-L-14] late4 text k=1: joint R@1_i2t=0.04 (base 46.22)
[ViT-L-14] late4 text k=2: joint R@1_i2t=0.04 (base 46.22)
[ViT-L-14] late4 text k=4: joint R@1_i2t=0.06 (base 46.22)
[ViT-L-14] late4 text k=8: joint R@1_i2t=0.12 (base 46.22)
[ViT-L-14] late4 text k=16: joint R@1_i2t=0.52 (base 46.22)
[ViT-L-14] late4 text k=32: joint R@1_i2t=1.98 (base 46.22)
[ViT-L-14] late4 text k=64: joint R@1_i2t=8.76 (base 46.22)
[ViT-L-14] late4 image k=1: joint R@1_i2t=0.04 (base 46.22)
[ViT-L-14] late4 image k=2: joint R@1_i2t=0.04 (base 46.22)
[ViT-L-14] late4 image k=4: joint R@1_i2t=0.04 (base 46.22)
[ViT-L-14] late4 image k=8: joint R@1_i2t=0.04 (base 46.22)
[ViT-L-14] late4 image k=16: joint R@1_i2t=0.04 (base 46.22)
[ViT-L-14] late4 image k=32: joint R@1_i2t=0.22 (base 46.22)
[ViT-L-14] late4 image k=64: joint R@1_i2t=0.76 (base 46.22)
[ViT-L-14] late4 both k=1: joint R@1_i2t=0.04 (base 46.22)
[ViT-L-14] late4 both k=2: joint R@1_i2t=0.04 (base 46.22)
[ViT-L-14] late4 both k=4: joint R@1_i2t=0.06 (base 46.22)
[ViT-L-14] late4 both k=8: joint R@1_i2t=0.16 (base 46.22)
[ViT-L-14] late4 both k=16: joint R@1_i2t=0.46 (base 46.22)
[ViT-L-14] late4 both k=32: joint R@1_i2t=2.14 (base 46.22)
[ViT-L-14] late4 both k=64: joint R@1_i2t=9.40 (base 46.22)
[ViT-L-14] topB32 pc k=1: joint R@1_i2t=0.32 (base 46.22)
[ViT-L-14] topB32 pc k=2: joint R@1_i2t=0.38 (base 46.22)
[ViT-L-14] topB32 pc k=4: joint R@1_i2t=1.00 (base 46.22)
[ViT-L-14] topB32 pc k=8: joint R@1_i2t=7.60 (base 46.22)
[ViT-L-14] topB32 pc k=16: joint R@1_i2t=27.32 (base 46.22)
[ViT-L-14] topB32 pc k=32: joint R@1_i2t=42.08 (base 46.22)
[ViT-L-14] topB32 pc k=64: joint R@1_i2t=46.46 (base 46.22)
[ViT-L-14] topB32 text k=1: joint R@1_i2t=0.26 (base 46.22)
[ViT-L-14] topB32 text k=2: joint R@1_i2t=0.30 (base 46.22)
[ViT-L-14] topB32 text k=4: joint R@1_i2t=0.32 (base 46.22)
[ViT-L-14] topB32 text k=8: joint R@1_i2t=0.40 (base 46.22)
[ViT-L-14] topB32 text k=16: joint R@1_i2t=1.20 (base 46.22)
[ViT-L-14] topB32 text k=32: joint R@1_i2t=3.66 (base 46.22)
[ViT-L-14] topB32 text k=64: joint R@1_i2t=12.26 (base 46.22)
[ViT-L-14] topB32 image k=1: joint R@1_i2t=0.24 (base 46.22)
[ViT-L-14] topB32 image k=2: joint R@1_i2t=0.22 (base 46.22)
[ViT-L-14] topB32 image k=4: joint R@1_i2t=0.22 (base 46.22)
[ViT-L-14] topB32 image k=8: joint R@1_i2t=0.30 (base 46.22)
[ViT-L-14] topB32 image k=16: joint R@1_i2t=0.36 (base 46.22)
[ViT-L-14] topB32 image k=32: joint R@1_i2t=0.74 (base 46.22)
[ViT-L-14] topB32 image k=64: joint R@1_i2t=2.48 (base 46.22)
[ViT-L-14] topB32 both k=1: joint R@1_i2t=0.26 (base 46.22)
[ViT-L-14] topB32 both k=2: joint R@1_i2t=0.28 (base 46.22)
[ViT-L-14] topB32 both k=4: joint R@1_i2t=0.30 (base 46.22)
[ViT-L-14] topB32 both k=8: joint R@1_i2t=0.40 (base 46.22)
[ViT-L-14] topB32 both k=16: joint R@1_i2t=1.02 (base 46.22)
[ViT-L-14] topB32 both k=32: joint R@1_i2t=3.28 (base 46.22)
[ViT-L-14] topB32 both k=64: joint R@1_i2t=10.84 (base 46.22)
[ViT-L-14] wrote /home/virgilio/contrastive_learning/PCLens-spectral-explainability-in-CLIP-ViT-encoder/output_dir/results_paper/6_4/linear_approx_ViT-L-14.csv
================ ViT-H-14 ================
[ViT-H-14] vision (5000, 32, 16, 1024) + mlp (5000, 33, 1024) | text (5000, 24, 16, 1024) + mlp (5000, 25, 1024)
[ViT-H-14] baseline retrieval: R@1_i2t=48.58 R@5_i2t=73.92 R@10_i2t=82.94 R@1_t2i=48.94 R@5_t2i=72.42 R@10_t2i=81.06
[ViT-H-14] wrote layer_ablation (1652 rows), component_ablation (1680 rows)
[ViT-H-14/vision] done (578 rows so far)
[ViT-H-14/text] done (1012 rows so far)
[ViT-H-14] wrote /home/virgilio/contrastive_learning/PCLens-spectral-explainability-in-CLIP-ViT-encoder/output_dir/results_paper/6_3/intrinsic_dim_ViT-H-14.csv
[ViT-H-14] late4 pc k=1: joint R@1_i2t=0.84 (base 48.58)
[ViT-H-14] late4 pc k=2: joint R@1_i2t=2.00 (base 48.58)
[ViT-H-14] late4 pc k=4: joint R@1_i2t=5.64 (base 48.58)
[ViT-H-14] late4 pc k=8: joint R@1_i2t=17.84 (base 48.58)
[ViT-H-14] late4 pc k=16: joint R@1_i2t=32.84 (base 48.58)
[ViT-H-14] late4 pc k=32: joint R@1_i2t=44.00 (base 48.58)
[ViT-H-14] late4 pc k=64: joint R@1_i2t=47.86 (base 48.58)
[ViT-H-14] late4 pc k=128: joint R@1_i2t=48.58 (base 48.58)
[ViT-H-14] late4 pc k=256: joint R@1_i2t=48.58 (base 48.58)
[ViT-H-14] late4 text k=1: joint R@1_i2t=0.36 (base 48.58)
[ViT-H-14] late4 text k=2: joint R@1_i2t=0.52 (base 48.58)
[ViT-H-14] late4 text k=4: joint R@1_i2t=0.94 (base 48.58)
[ViT-H-14] late4 text k=8: joint R@1_i2t=2.10 (base 48.58)
[ViT-H-14] late4 text k=16: joint R@1_i2t=5.28 (base 48.58)
[ViT-H-14] late4 text k=32: joint R@1_i2t=12.90 (base 48.58)
[ViT-H-14] late4 text k=64: joint R@1_i2t=26.70 (base 48.58)
[ViT-H-14] late4 text k=128: joint R@1_i2t=35.92 (base 48.58)
[ViT-H-14] late4 text k=256: joint R@1_i2t=43.42 (base 48.58)
[ViT-H-14] late4 image k=1: joint R@1_i2t=0.30 (base 48.58)
[ViT-H-14] late4 image k=2: joint R@1_i2t=0.42 (base 48.58)
[ViT-H-14] late4 image k=4: joint R@1_i2t=0.40 (base 48.58)
[ViT-H-14] late4 image k=8: joint R@1_i2t=0.60 (base 48.58)
[ViT-H-14] late4 image k=16: joint R@1_i2t=1.22 (base 48.58)
[ViT-H-14] late4 image k=32: joint R@1_i2t=2.40 (base 48.58)
[ViT-H-14] late4 image k=64: joint R@1_i2t=7.26 (base 48.58)
[ViT-H-14] late4 image k=128: joint R@1_i2t=20.46 (base 48.58)
[ViT-H-14] late4 image k=256: joint R@1_i2t=38.20 (base 48.58)
[ViT-H-14] late4 both k=1: joint R@1_i2t=0.48 (base 48.58)
[ViT-H-14] late4 both k=2: joint R@1_i2t=0.58 (base 48.58)
[ViT-H-14] late4 both k=4: joint R@1_i2t=0.98 (base 48.58)
[ViT-H-14] late4 both k=8: joint R@1_i2t=2.08 (base 48.58)
[ViT-H-14] late4 both k=16: joint R@1_i2t=4.84 (base 48.58)
[ViT-H-14] late4 both k=32: joint R@1_i2t=11.22 (base 48.58)
[ViT-H-14] late4 both k=64: joint R@1_i2t=23.52 (base 48.58)
[ViT-H-14] late4 both k=128: joint R@1_i2t=34.62 (base 48.58)
[ViT-H-14] late4 both k=256: joint R@1_i2t=42.22 (base 48.58)
[ViT-H-14] topB32 pc k=1: joint R@1_i2t=1.06 (base 48.58)
[ViT-H-14] topB32 pc k=2: joint R@1_i2t=2.42 (base 48.58)
[ViT-H-14] topB32 pc k=4: joint R@1_i2t=7.92 (base 48.58)
[ViT-H-14] topB32 pc k=8: joint R@1_i2t=22.12 (base 48.58)
[ViT-H-14] topB32 pc k=16: joint R@1_i2t=36.70 (base 48.58)
[ViT-H-14] topB32 pc k=32: joint R@1_i2t=45.46 (base 48.58)
[ViT-H-14] topB32 pc k=64: joint R@1_i2t=48.18 (base 48.58)
[ViT-H-14] topB32 pc k=128: joint R@1_i2t=48.58 (base 48.58)
[ViT-H-14] topB32 pc k=256: joint R@1_i2t=48.58 (base 48.58)
[ViT-H-14] topB32 text k=1: joint R@1_i2t=0.58 (base 48.58)
[ViT-H-14] topB32 text k=2: joint R@1_i2t=0.76 (base 48.58)
[ViT-H-14] topB32 text k=4: joint R@1_i2t=1.04 (base 48.58)
[ViT-H-14] topB32 text k=8: joint R@1_i2t=2.10 (base 48.58)
[ViT-H-14] topB32 text k=16: joint R@1_i2t=5.12 (base 48.58)
[ViT-H-14] topB32 text k=32: joint R@1_i2t=11.40 (base 48.58)
[ViT-H-14] topB32 text k=64: joint R@1_i2t=23.40 (base 48.58)
[ViT-H-14] topB32 text k=128: joint R@1_i2t=34.46 (base 48.58)
[ViT-H-14] topB32 text k=256: joint R@1_i2t=43.36 (base 48.58)
[ViT-H-14] topB32 image k=1: joint R@1_i2t=0.54 (base 48.58)
[ViT-H-14] topB32 image k=2: joint R@1_i2t=0.62 (base 48.58)
[ViT-H-14] topB32 image k=4: joint R@1_i2t=0.72 (base 48.58)
[ViT-H-14] topB32 image k=8: joint R@1_i2t=1.06 (base 48.58)
[ViT-H-14] topB32 image k=16: joint R@1_i2t=1.82 (base 48.58)
[ViT-H-14] topB32 image k=32: joint R@1_i2t=3.96 (base 48.58)
[ViT-H-14] topB32 image k=64: joint R@1_i2t=10.84 (base 48.58)
[ViT-H-14] topB32 image k=128: joint R@1_i2t=25.20 (base 48.58)
[ViT-H-14] topB32 image k=256: joint R@1_i2t=40.54 (base 48.58)
[ViT-H-14] topB32 both k=1: joint R@1_i2t=0.60 (base 48.58)
[ViT-H-14] topB32 both k=2: joint R@1_i2t=0.78 (base 48.58)
[ViT-H-14] topB32 both k=4: joint R@1_i2t=1.06 (base 48.58)
[ViT-H-14] topB32 both k=8: joint R@1_i2t=2.06 (base 48.58)
[ViT-H-14] topB32 both k=16: joint R@1_i2t=4.52 (base 48.58)
[ViT-H-14] topB32 both k=32: joint R@1_i2t=10.22 (base 48.58)
[ViT-H-14] topB32 both k=64: joint R@1_i2t=21.74 (base 48.58)
[ViT-H-14] topB32 both k=128: joint R@1_i2t=33.78 (base 48.58)
[ViT-H-14] topB32 both k=256: joint R@1_i2t=43.24 (base 48.58)
[ViT-H-14] wrote /home/virgilio/contrastive_learning/PCLens-spectral-explainability-in-CLIP-ViT-encoder/output_dir/results_paper/6_4/linear_approx_ViT-H-14.csv
================ RN50 ================
[RN50] vision (5000, 17, 32, 1024) + mlp (5000, 1, 1024) | text (5000, 12, 8, 1024) + mlp (5000, 13, 1024)
[RN50] baseline retrieval: R@1_i2t=33.28 R@5_i2t=58.76 R@10_i2t=68.86 R@1_t2i=27.48 R@5_t2i=52.12 R@10_t2i=63.56
[RN50] wrote layer_ablation (658 rows), component_ablation (1680 rows)
[RN50/vision] done (563 rows so far)
[RN50/text] done (685 rows so far)
[RN50] wrote /home/virgilio/contrastive_learning/PCLens-spectral-explainability-in-CLIP-ViT-encoder/output_dir/results_paper/6_3/intrinsic_dim_RN50.csv
[RN50] late4 pc k=1: joint R@1_i2t=0.06 (base 33.28)
[RN50] late4 pc k=2: joint R@1_i2t=0.08 (base 33.28)
[RN50] late4 pc k=4: joint R@1_i2t=0.36 (base 33.28)
[RN50] late4 pc k=8: joint R@1_i2t=1.76 (base 33.28)
[RN50] late4 pc k=16: joint R@1_i2t=8.24 (base 33.28)
[RN50] late4 pc k=32: joint R@1_i2t=21.42 (base 33.28)
[RN50] late4 pc k=64: joint R@1_i2t=33.24 (base 33.28)
[RN50] late4 pc k=128: joint R@1_i2t=33.28 (base 33.28)
[RN50] late4 pc k=256: joint R@1_i2t=33.28 (base 33.28)
[RN50] late4 text k=1: joint R@1_i2t=0.06 (base 33.28)
[RN50] late4 text k=2: joint R@1_i2t=0.06 (base 33.28)
[RN50] late4 text k=4: joint R@1_i2t=0.06 (base 33.28)
[RN50] late4 text k=8: joint R@1_i2t=0.16 (base 33.28)
[RN50] late4 text k=16: joint R@1_i2t=0.30 (base 33.28)
[RN50] late4 text k=32: joint R@1_i2t=0.92 (base 33.28)
[RN50] late4 text k=64: joint R@1_i2t=2.60 (base 33.28)
[RN50] late4 text k=128: joint R@1_i2t=5.82 (base 33.28)
[RN50] late4 text k=256: joint R@1_i2t=15.70 (base 33.28)
[RN50] late4 image k=1: joint R@1_i2t=0.04 (base 33.28)
[RN50] late4 image k=2: joint R@1_i2t=0.04 (base 33.28)
[RN50] late4 image k=4: joint R@1_i2t=0.06 (base 33.28)
[RN50] late4 image k=8: joint R@1_i2t=0.10 (base 33.28)
[RN50] late4 image k=16: joint R@1_i2t=0.22 (base 33.28)
[RN50] late4 image k=32: joint R@1_i2t=0.82 (base 33.28)
[RN50] late4 image k=64: joint R@1_i2t=2.10 (base 33.28)
[RN50] late4 image k=128: joint R@1_i2t=4.72 (base 33.28)
[RN50] late4 image k=256: joint R@1_i2t=14.68 (base 33.28)
[RN50] late4 both k=1: joint R@1_i2t=0.06 (base 33.28)
[RN50] late4 both k=2: joint R@1_i2t=0.06 (base 33.28)
[RN50] late4 both k=4: joint R@1_i2t=0.10 (base 33.28)
[RN50] late4 both k=8: joint R@1_i2t=0.08 (base 33.28)
[RN50] late4 both k=16: joint R@1_i2t=0.36 (base 33.28)
[RN50] late4 both k=32: joint R@1_i2t=0.44 (base 33.28)
[RN50] late4 both k=64: joint R@1_i2t=1.80 (base 33.28)
[RN50] late4 both k=128: joint R@1_i2t=4.14 (base 33.28)
[RN50] late4 both k=256: joint R@1_i2t=13.86 (base 33.28)
[RN50] topB32 pc k=1: joint R@1_i2t=0.26 (base 33.28)
[RN50] topB32 pc k=2: joint R@1_i2t=0.56 (base 33.28)
[RN50] topB32 pc k=4: joint R@1_i2t=1.76 (base 33.28)
[RN50] topB32 pc k=8: joint R@1_i2t=6.48 (base 33.28)
[RN50] topB32 pc k=16: joint R@1_i2t=16.64 (base 33.28)
[RN50] topB32 pc k=32: joint R@1_i2t=27.60 (base 33.28)
[RN50] topB32 pc k=64: joint R@1_i2t=33.26 (base 33.28)
[RN50] topB32 pc k=128: joint R@1_i2t=33.28 (base 33.28)
[RN50] topB32 pc k=256: joint R@1_i2t=33.28 (base 33.28)
[RN50] topB32 text k=1: joint R@1_i2t=0.18 (base 33.28)
[RN50] topB32 text k=2: joint R@1_i2t=0.20 (base 33.28)
[RN50] topB32 text k=4: joint R@1_i2t=0.22 (base 33.28)
[RN50] topB32 text k=8: joint R@1_i2t=0.46 (base 33.28)
[RN50] topB32 text k=16: joint R@1_i2t=0.70 (base 33.28)
[RN50] topB32 text k=32: joint R@1_i2t=1.80 (base 33.28)
[RN50] topB32 text k=64: joint R@1_i2t=4.70 (base 33.28)
[RN50] topB32 text k=128: joint R@1_i2t=10.02 (base 33.28)
[RN50] topB32 text k=256: joint R@1_i2t=22.72 (base 33.28)
[RN50] topB32 image k=1: joint R@1_i2t=0.24 (base 33.28)
[RN50] topB32 image k=2: joint R@1_i2t=0.28 (base 33.28)
[RN50] topB32 image k=4: joint R@1_i2t=0.34 (base 33.28)
[RN50] topB32 image k=8: joint R@1_i2t=0.48 (base 33.28)
[RN50] topB32 image k=16: joint R@1_i2t=0.96 (base 33.28)
[RN50] topB32 image k=32: joint R@1_i2t=2.72 (base 33.28)
[RN50] topB32 image k=64: joint R@1_i2t=6.32 (base 33.28)
[RN50] topB32 image k=128: joint R@1_i2t=12.04 (base 33.28)
[RN50] topB32 image k=256: joint R@1_i2t=23.40 (base 33.28)
[RN50] topB32 both k=1: joint R@1_i2t=0.18 (base 33.28)
[RN50] topB32 both k=2: joint R@1_i2t=0.24 (base 33.28)
[RN50] topB32 both k=4: joint R@1_i2t=0.26 (base 33.28)
[RN50] topB32 both k=8: joint R@1_i2t=0.38 (base 33.28)
[RN50] topB32 both k=16: joint R@1_i2t=0.76 (base 33.28)
[RN50] topB32 both k=32: joint R@1_i2t=1.94 (base 33.28)
[RN50] topB32 both k=64: joint R@1_i2t=4.58 (base 33.28)
[RN50] topB32 both k=128: joint R@1_i2t=10.64 (base 33.28)
[RN50] topB32 both k=256: joint R@1_i2t=23.46 (base 33.28)
[RN50] wrote /home/virgilio/contrastive_learning/PCLens-spectral-explainability-in-CLIP-ViT-encoder/output_dir/results_paper/6_4/linear_approx_RN50.csv
================ RN101 ================
[RN101] vision (5000, 34, 32, 512) + mlp (5000, 1, 512) | text (5000, 12, 8, 512) + mlp (5000, 13, 512)
[RN101] baseline retrieval: R@1_i2t=34.98 R@5_i2t=59.48 R@10_i2t=70.16 R@1_t2i=30.50 R@5_t2i=55.30 R@10_t2i=65.42
[RN101] wrote layer_ablation (896 rows), component_ablation (2968 rows)
[RN101/vision] done (1124 rows so far)
[RN101/text] done (1246 rows so far)
[RN101] wrote /home/virgilio/contrastive_learning/PCLens-spectral-explainability-in-CLIP-ViT-encoder/output_dir/results_paper/6_3/intrinsic_dim_RN101.csv
[RN101] late4 pc k=1: joint R@1_i2t=0.04 (base 34.98)
[RN101] late4 pc k=2: joint R@1_i2t=0.16 (base 34.98)
[RN101] late4 pc k=4: joint R@1_i2t=0.68 (base 34.98)
[RN101] late4 pc k=8: joint R@1_i2t=3.12 (base 34.98)
[RN101] late4 pc k=16: joint R@1_i2t=11.26 (base 34.98)
[RN101] late4 pc k=32: joint R@1_i2t=25.98 (base 34.98)
[RN101] late4 pc k=64: joint R@1_i2t=34.40 (base 34.98)
[RN101] late4 pc k=128: joint R@1_i2t=34.98 (base 34.98)
[RN101] late4 pc k=256: joint R@1_i2t=34.98 (base 34.98)
[RN101] late4 text k=1: joint R@1_i2t=0.02 (base 34.98)
[RN101] late4 text k=2: joint R@1_i2t=0.02 (base 34.98)
[RN101] late4 text k=4: joint R@1_i2t=0.06 (base 34.98)
[RN101] late4 text k=8: joint R@1_i2t=0.06 (base 34.98)
[RN101] late4 text k=16: joint R@1_i2t=0.44 (base 34.98)
[RN101] late4 text k=32: joint R@1_i2t=1.12 (base 34.98)
[RN101] late4 text k=64: joint R@1_i2t=2.98 (base 34.98)
[RN101] late4 text k=128: joint R@1_i2t=5.84 (base 34.98)
[RN101] late4 text k=256: joint R@1_i2t=15.50 (base 34.98)
[RN101] late4 image k=1: joint R@1_i2t=0.02 (base 34.98)
[RN101] late4 image k=2: joint R@1_i2t=0.02 (base 34.98)
[RN101] late4 image k=4: joint R@1_i2t=0.02 (base 34.98)
[RN101] late4 image k=8: joint R@1_i2t=0.06 (base 34.98)
[RN101] late4 image k=16: joint R@1_i2t=0.14 (base 34.98)
[RN101] late4 image k=32: joint R@1_i2t=1.16 (base 34.98)
[RN101] late4 image k=64: joint R@1_i2t=3.18 (base 34.98)
[RN101] late4 image k=128: joint R@1_i2t=7.70 (base 34.98)
[RN101] late4 image k=256: joint R@1_i2t=18.64 (base 34.98)
[RN101] late4 both k=1: joint R@1_i2t=0.02 (base 34.98)
[RN101] late4 both k=2: joint R@1_i2t=0.02 (base 34.98)
[RN101] late4 both k=4: joint R@1_i2t=0.02 (base 34.98)
[RN101] late4 both k=8: joint R@1_i2t=0.06 (base 34.98)
[RN101] late4 both k=16: joint R@1_i2t=0.36 (base 34.98)
[RN101] late4 both k=32: joint R@1_i2t=1.14 (base 34.98)
[RN101] late4 both k=64: joint R@1_i2t=2.94 (base 34.98)
[RN101] late4 both k=128: joint R@1_i2t=6.32 (base 34.98)
[RN101] late4 both k=256: joint R@1_i2t=16.96 (base 34.98)
[RN101] topB32 pc k=1: joint R@1_i2t=0.12 (base 34.98)
[RN101] topB32 pc k=2: joint R@1_i2t=0.32 (base 34.98)
[RN101] topB32 pc k=4: joint R@1_i2t=1.18 (base 34.98)
[RN101] topB32 pc k=8: joint R@1_i2t=5.58 (base 34.98)
[RN101] topB32 pc k=16: joint R@1_i2t=18.90 (base 34.98)
[RN101] topB32 pc k=32: joint R@1_i2t=30.44 (base 34.98)
[RN101] topB32 pc k=64: joint R@1_i2t=34.68 (base 34.98)
[RN101] topB32 pc k=128: joint R@1_i2t=34.98 (base 34.98)
[RN101] topB32 pc k=256: joint R@1_i2t=34.98 (base 34.98)
[RN101] topB32 text k=1: joint R@1_i2t=0.06 (base 34.98)
[RN101] topB32 text k=2: joint R@1_i2t=0.10 (base 34.98)
[RN101] topB32 text k=4: joint R@1_i2t=0.16 (base 34.98)
[RN101] topB32 text k=8: joint R@1_i2t=0.22 (base 34.98)
[RN101] topB32 text k=16: joint R@1_i2t=0.50 (base 34.98)
[RN101] topB32 text k=32: joint R@1_i2t=1.04 (base 34.98)
[RN101] topB32 text k=64: joint R@1_i2t=4.58 (base 34.98)
[RN101] topB32 text k=128: joint R@1_i2t=10.66 (base 34.98)
[RN101] topB32 text k=256: joint R@1_i2t=22.94 (base 34.98)
[RN101] topB32 image k=1: joint R@1_i2t=0.06 (base 34.98)
[RN101] topB32 image k=2: joint R@1_i2t=0.14 (base 34.98)
[RN101] topB32 image k=4: joint R@1_i2t=0.14 (base 34.98)
[RN101] topB32 image k=8: joint R@1_i2t=0.20 (base 34.98)
[RN101] topB32 image k=16: joint R@1_i2t=0.50 (base 34.98)
[RN101] topB32 image k=32: joint R@1_i2t=2.28 (base 34.98)
[RN101] topB32 image k=64: joint R@1_i2t=6.48 (base 34.98)
[RN101] topB32 image k=128: joint R@1_i2t=13.76 (base 34.98)
[RN101] topB32 image k=256: joint R@1_i2t=26.12 (base 34.98)
[RN101] topB32 both k=1: joint R@1_i2t=0.08 (base 34.98)
[RN101] topB32 both k=2: joint R@1_i2t=0.14 (base 34.98)
[RN101] topB32 both k=4: joint R@1_i2t=0.20 (base 34.98)
[RN101] topB32 both k=8: joint R@1_i2t=0.26 (base 34.98)
[RN101] topB32 both k=16: joint R@1_i2t=0.64 (base 34.98)
[RN101] topB32 both k=32: joint R@1_i2t=1.60 (base 34.98)
[RN101] topB32 both k=64: joint R@1_i2t=6.34 (base 34.98)
[RN101] topB32 both k=128: joint R@1_i2t=12.82 (base 34.98)
[RN101] topB32 both k=256: joint R@1_i2t=24.10 (base 34.98)
[RN101] wrote /home/virgilio/contrastive_learning/PCLens-spectral-explainability-in-CLIP-ViT-encoder/output_dir/results_paper/6_4/linear_approx_RN101.csv
wrote /home/virgilio/contrastive_learning/PCLens-spectral-explainability-in-CLIP-ViT-encoder/output_dir/results_paper/figures/6_2_baselines.pdf/.png
wrote /home/virgilio/contrastive_learning/PCLens-spectral-explainability-in-CLIP-ViT-encoder/output_dir/results_paper/figures/6_2_concentration_joint.pdf/.png
wrote /home/virgilio/contrastive_learning/PCLens-spectral-explainability-in-CLIP-ViT-encoder/output_dir/results_paper/figures/6_2_ranking_quality_joint.pdf/.png
wrote /home/virgilio/contrastive_learning/PCLens-spectral-explainability-in-CLIP-ViT-encoder/output_dir/results_paper/figures/6_2_layer_ablation_ViT-B-32_self.pdf/.png
wrote /home/virgilio/contrastive_learning/PCLens-spectral-explainability-in-CLIP-ViT-encoder/output_dir/results_paper/figures/6_2_layer_ablation_ViT-B-32_ref.pdf/.png
wrote /home/virgilio/contrastive_learning/PCLens-spectral-explainability-in-CLIP-ViT-encoder/output_dir/results_paper/figures/6_2_component_ablate_ViT-B-32_self.pdf/.png
wrote /home/virgilio/contrastive_learning/PCLens-spectral-explainability-in-CLIP-ViT-encoder/output_dir/results_paper/figures/6_2_component_keep_ViT-B-32_self.pdf/.png
wrote /home/virgilio/contrastive_learning/PCLens-spectral-explainability-in-CLIP-ViT-encoder/output_dir/results_paper/figures/6_2_component_map_ViT-B-32.pdf/.png
wrote /home/virgilio/contrastive_learning/PCLens-spectral-explainability-in-CLIP-ViT-encoder/output_dir/results_paper/figures/6_2_loud_vs_informative_ViT-B-32.pdf/.png
wrote /home/virgilio/contrastive_learning/PCLens-spectral-explainability-in-CLIP-ViT-encoder/output_dir/results_paper/figures/6_2_layer_ablation_ViT-B-16_self.pdf/.png
wrote /home/virgilio/contrastive_learning/PCLens-spectral-explainability-in-CLIP-ViT-encoder/output_dir/results_paper/figures/6_2_layer_ablation_ViT-B-16_ref.pdf/.png
wrote /home/virgilio/contrastive_learning/PCLens-spectral-explainability-in-CLIP-ViT-encoder/output_dir/results_paper/figures/6_2_component_ablate_ViT-B-16_self.pdf/.png
wrote /home/virgilio/contrastive_learning/PCLens-spectral-explainability-in-CLIP-ViT-encoder/output_dir/results_paper/figures/6_2_component_keep_ViT-B-16_self.pdf/.png
wrote /home/virgilio/contrastive_learning/PCLens-spectral-explainability-in-CLIP-ViT-encoder/output_dir/results_paper/figures/6_2_component_map_ViT-B-16.pdf/.png
wrote /home/virgilio/contrastive_learning/PCLens-spectral-explainability-in-CLIP-ViT-encoder/output_dir/results_paper/figures/6_2_loud_vs_informative_ViT-B-16.pdf/.png
wrote /home/virgilio/contrastive_learning/PCLens-spectral-explainability-in-CLIP-ViT-encoder/output_dir/results_paper/figures/6_2_layer_ablation_ViT-L-14_self.pdf/.png
wrote /home/virgilio/contrastive_learning/PCLens-spectral-explainability-in-CLIP-ViT-encoder/output_dir/results_paper/figures/6_2_layer_ablation_ViT-L-14_ref.pdf/.png
wrote /home/virgilio/contrastive_learning/PCLens-spectral-explainability-in-CLIP-ViT-encoder/output_dir/results_paper/figures/6_2_component_ablate_ViT-L-14_self.pdf/.png
wrote /home/virgilio/contrastive_learning/PCLens-spectral-explainability-in-CLIP-ViT-encoder/output_dir/results_paper/figures/6_2_component_keep_ViT-L-14_self.pdf/.png
wrote /home/virgilio/contrastive_learning/PCLens-spectral-explainability-in-CLIP-ViT-encoder/output_dir/results_paper/figures/6_2_component_map_ViT-L-14.pdf/.png
wrote /home/virgilio/contrastive_learning/PCLens-spectral-explainability-in-CLIP-ViT-encoder/output_dir/results_paper/figures/6_2_loud_vs_informative_ViT-L-14.pdf/.png
wrote /home/virgilio/contrastive_learning/PCLens-spectral-explainability-in-CLIP-ViT-encoder/output_dir/results_paper/figures/6_2_layer_ablation_ViT-H-14_self.pdf/.png
wrote /home/virgilio/contrastive_learning/PCLens-spectral-explainability-in-CLIP-ViT-encoder/output_dir/results_paper/figures/6_2_layer_ablation_ViT-H-14_ref.pdf/.png
wrote /home/virgilio/contrastive_learning/PCLens-spectral-explainability-in-CLIP-ViT-encoder/output_dir/results_paper/figures/6_2_component_ablate_ViT-H-14_self.pdf/.png
wrote /home/virgilio/contrastive_learning/PCLens-spectral-explainability-in-CLIP-ViT-encoder/output_dir/results_paper/figures/6_2_component_keep_ViT-H-14_self.pdf/.png
wrote /home/virgilio/contrastive_learning/PCLens-spectral-explainability-in-CLIP-ViT-encoder/output_dir/results_paper/figures/6_2_component_map_ViT-H-14.pdf/.png
wrote /home/virgilio/contrastive_learning/PCLens-spectral-explainability-in-CLIP-ViT-encoder/output_dir/results_paper/figures/6_2_loud_vs_informative_ViT-H-14.pdf/.png
wrote /home/virgilio/contrastive_learning/PCLens-spectral-explainability-in-CLIP-ViT-encoder/output_dir/results_paper/figures/6_2_layer_ablation_RN50_self.pdf/.png
wrote /home/virgilio/contrastive_learning/PCLens-spectral-explainability-in-CLIP-ViT-encoder/output_dir/results_paper/figures/6_2_layer_ablation_RN50_ref.pdf/.png
wrote /home/virgilio/contrastive_learning/PCLens-spectral-explainability-in-CLIP-ViT-encoder/output_dir/results_paper/figures/6_2_component_ablate_RN50_self.pdf/.png
wrote /home/virgilio/contrastive_learning/PCLens-spectral-explainability-in-CLIP-ViT-encoder/output_dir/results_paper/figures/6_2_component_keep_RN50_self.pdf/.png
wrote /home/virgilio/contrastive_learning/PCLens-spectral-explainability-in-CLIP-ViT-encoder/output_dir/results_paper/figures/6_2_component_map_RN50.pdf/.png
wrote /home/virgilio/contrastive_learning/PCLens-spectral-explainability-in-CLIP-ViT-encoder/output_dir/results_paper/figures/6_2_loud_vs_informative_RN50.pdf/.png
wrote /home/virgilio/contrastive_learning/PCLens-spectral-explainability-in-CLIP-ViT-encoder/output_dir/results_paper/figures/6_2_layer_ablation_RN101_self.pdf/.png
wrote /home/virgilio/contrastive_learning/PCLens-spectral-explainability-in-CLIP-ViT-encoder/output_dir/results_paper/figures/6_2_layer_ablation_RN101_ref.pdf/.png
wrote /home/virgilio/contrastive_learning/PCLens-spectral-explainability-in-CLIP-ViT-encoder/output_dir/results_paper/figures/6_2_component_ablate_RN101_self.pdf/.png
wrote /home/virgilio/contrastive_learning/PCLens-spectral-explainability-in-CLIP-ViT-encoder/output_dir/results_paper/figures/6_2_component_keep_RN101_self.pdf/.png
wrote /home/virgilio/contrastive_learning/PCLens-spectral-explainability-in-CLIP-ViT-encoder/output_dir/results_paper/figures/6_2_component_map_RN101.pdf/.png
wrote /home/virgilio/contrastive_learning/PCLens-spectral-explainability-in-CLIP-ViT-encoder/output_dir/results_paper/figures/6_2_loud_vs_informative_RN101.pdf/.png
wrote /home/virgilio/contrastive_learning/PCLens-spectral-explainability-in-CLIP-ViT-encoder/output_dir/results_paper/figures/6_3_id_table_vision.pdf/.png
wrote /home/virgilio/contrastive_learning/PCLens-spectral-explainability-in-CLIP-ViT-encoder/output_dir/results_paper/figures/6_3_ratio_depth_vision.pdf/.png
wrote /home/virgilio/contrastive_learning/PCLens-spectral-explainability-in-CLIP-ViT-encoder/output_dir/results_paper/figures/6_3_id_table_text.pdf/.png
wrote /home/virgilio/contrastive_learning/PCLens-spectral-explainability-in-CLIP-ViT-encoder/output_dir/results_paper/figures/6_3_ratio_depth_text.pdf/.png
wrote /home/virgilio/contrastive_learning/PCLens-spectral-explainability-in-CLIP-ViT-encoder/output_dir/results_paper/figures/6_3_id_components_ViT-B-32.pdf/.png
wrote /home/virgilio/contrastive_learning/PCLens-spectral-explainability-in-CLIP-ViT-encoder/output_dir/results_paper/figures/6_3_modality_geometry_ViT-B-32.pdf/.png
wrote /home/virgilio/contrastive_learning/PCLens-spectral-explainability-in-CLIP-ViT-encoder/output_dir/results_paper/figures/6_3_id_components_ViT-B-16.pdf/.png
wrote /home/virgilio/contrastive_learning/PCLens-spectral-explainability-in-CLIP-ViT-encoder/output_dir/results_paper/figures/6_3_modality_geometry_ViT-B-16.pdf/.png
wrote /home/virgilio/contrastive_learning/PCLens-spectral-explainability-in-CLIP-ViT-encoder/output_dir/results_paper/figures/6_3_id_components_ViT-L-14.pdf/.png
wrote /home/virgilio/contrastive_learning/PCLens-spectral-explainability-in-CLIP-ViT-encoder/output_dir/results_paper/figures/6_3_modality_geometry_ViT-L-14.pdf/.png
wrote /home/virgilio/contrastive_learning/PCLens-spectral-explainability-in-CLIP-ViT-encoder/output_dir/results_paper/figures/6_3_id_components_ViT-H-14.pdf/.png
wrote /home/virgilio/contrastive_learning/PCLens-spectral-explainability-in-CLIP-ViT-encoder/output_dir/results_paper/figures/6_3_modality_geometry_ViT-H-14.pdf/.png
wrote /home/virgilio/contrastive_learning/PCLens-spectral-explainability-in-CLIP-ViT-encoder/output_dir/results_paper/figures/6_3_id_components_RN50.pdf/.png
wrote /home/virgilio/contrastive_learning/PCLens-spectral-explainability-in-CLIP-ViT-encoder/output_dir/results_paper/figures/6_3_modality_geometry_RN50.pdf/.png
wrote /home/virgilio/contrastive_learning/PCLens-spectral-explainability-in-CLIP-ViT-encoder/output_dir/results_paper/figures/6_3_id_components_RN101.pdf/.png
wrote /home/virgilio/contrastive_learning/PCLens-spectral-explainability-in-CLIP-ViT-encoder/output_dir/results_paper/figures/6_3_modality_geometry_RN101.pdf/.png
wrote /home/virgilio/contrastive_learning/PCLens-spectral-explainability-in-CLIP-ViT-encoder/output_dir/results_paper/figures/6_4_k90_late4_joint.pdf/.png
wrote /home/virgilio/contrastive_learning/PCLens-spectral-explainability-in-CLIP-ViT-encoder/output_dir/results_paper/figures/6_4_linear_approx_ViT-B-32_late4_joint.pdf/.png
wrote /home/virgilio/contrastive_learning/PCLens-spectral-explainability-in-CLIP-ViT-encoder/output_dir/results_paper/figures/6_4_linear_approx_ViT-B-32_topB32_joint.pdf/.png
wrote /home/virgilio/contrastive_learning/PCLens-spectral-explainability-in-CLIP-ViT-encoder/output_dir/results_paper/figures/6_4_approx_heat_ViT-B-32_joint.pdf/.png
wrote /home/virgilio/contrastive_learning/PCLens-spectral-explainability-in-CLIP-ViT-encoder/output_dir/results_paper/figures/6_4_linear_approx_ViT-B-16_late4_joint.pdf/.png
wrote /home/virgilio/contrastive_learning/PCLens-spectral-explainability-in-CLIP-ViT-encoder/output_dir/results_paper/figures/6_4_linear_approx_ViT-B-16_topB32_joint.pdf/.png
wrote /home/virgilio/contrastive_learning/PCLens-spectral-explainability-in-CLIP-ViT-encoder/output_dir/results_paper/figures/6_4_approx_heat_ViT-B-16_joint.pdf/.png
wrote /home/virgilio/contrastive_learning/PCLens-spectral-explainability-in-CLIP-ViT-encoder/output_dir/results_paper/figures/6_4_linear_approx_ViT-L-14_late4_joint.pdf/.png
wrote /home/virgilio/contrastive_learning/PCLens-spectral-explainability-in-CLIP-ViT-encoder/output_dir/results_paper/figures/6_4_linear_approx_ViT-L-14_topB32_joint.pdf/.png
wrote /home/virgilio/contrastive_learning/PCLens-spectral-explainability-in-CLIP-ViT-encoder/output_dir/results_paper/figures/6_4_approx_heat_ViT-L-14_joint.pdf/.png
wrote /home/virgilio/contrastive_learning/PCLens-spectral-explainability-in-CLIP-ViT-encoder/output_dir/results_paper/figures/6_4_linear_approx_ViT-H-14_late4_joint.pdf/.png
wrote /home/virgilio/contrastive_learning/PCLens-spectral-explainability-in-CLIP-ViT-encoder/output_dir/results_paper/figures/6_4_linear_approx_ViT-H-14_topB32_joint.pdf/.png
wrote /home/virgilio/contrastive_learning/PCLens-spectral-explainability-in-CLIP-ViT-encoder/output_dir/results_paper/figures/6_4_approx_heat_ViT-H-14_joint.pdf/.png
wrote /home/virgilio/contrastive_learning/PCLens-spectral-explainability-in-CLIP-ViT-encoder/output_dir/results_paper/figures/6_4_linear_approx_RN50_late4_joint.pdf/.png
wrote /home/virgilio/contrastive_learning/PCLens-spectral-explainability-in-CLIP-ViT-encoder/output_dir/results_paper/figures/6_4_linear_approx_RN50_topB32_joint.pdf/.png
wrote /home/virgilio/contrastive_learning/PCLens-spectral-explainability-in-CLIP-ViT-encoder/output_dir/results_paper/figures/6_4_approx_heat_RN50_joint.pdf/.png
wrote /home/virgilio/contrastive_learning/PCLens-spectral-explainability-in-CLIP-ViT-encoder/output_dir/results_paper/figures/6_4_linear_approx_RN101_late4_joint.pdf/.png
wrote /home/virgilio/contrastive_learning/PCLens-spectral-explainability-in-CLIP-ViT-encoder/output_dir/results_paper/figures/6_4_linear_approx_RN101_topB32_joint.pdf/.png
wrote /home/virgilio/contrastive_learning/PCLens-spectral-explainability-in-CLIP-ViT-encoder/output_dir/results_paper/figures/6_4_approx_heat_RN101_joint.pdf/.png
ALL DONE
