[ViT-B-32] full model: total=59.50 worst-class=54.43 worst-group=28.50 groups=[79.45, 28.5, 63.11, 94.95]
    |pool|=20 loss=0.2292
    |pool|=40 loss=0.1220
    |pool|=60 loss=0.0888
    |pool|=80 loss=0.0794
  [class rep0] |pool|=96 total=71.62 worst-group=54.74 (best prefix 4: 68.95)
    |pool|=20 loss=0.1711
    |pool|=40 loss=0.1079
    |pool|=60 loss=0.0841
    |pool|=80 loss=0.0738
  [class rep1] |pool|=96 total=78.88 worst-group=51.45 (best prefix 15: 69.29)
    |pool|=20 loss=0.2199
    |pool|=40 loss=0.1309
    |pool|=60 loss=0.1013
    |pool|=80 loss=0.0902
  [class rep2] |pool|=96 total=72.33 worst-group=59.11 (best prefix 18: 72.08)
    |pool|=20 loss=0.2273
    |pool|=40 loss=0.1730
    |pool|=60 loss=0.1513
    |pool|=80 loss=0.1425
  [group rep0] |pool|=96 total=76.63 worst-group=74.52 (best prefix 20: 77.41)
    |pool|=20 loss=0.2562
    |pool|=40 loss=0.1911
    |pool|=60 loss=0.1662
    |pool|=80 loss=0.1549
  [group rep1] |pool|=96 total=79.67 worst-group=61.02 (best prefix 10: 74.15)
    |pool|=20 loss=0.2343
    |pool|=40 loss=0.1825
    |pool|=60 loss=0.1578
    |pool|=80 loss=0.1444
  [group rep2] |pool|=96 total=70.07 worst-group=55.22 (best prefix 6: 69.09)
[ViT-B-32] wrote waterbirds_{eval,trace,pool}
[ViT-B-16] full model: total=69.35 worst-class=60.86 worst-group=38.52 groups=[93.44, 49.28, 38.52, 88.38]
    |pool|=20 loss=0.2263
    |pool|=40 loss=0.1687
    |pool|=60 loss=0.1384
    |pool|=80 loss=0.1273
  [class rep0] |pool|=96 total=79.69 worst-group=63.07 (best prefix 8: 77.97)
    |pool|=20 loss=0.1917
    |pool|=40 loss=0.1194
    |pool|=60 loss=0.0952
    |pool|=80 loss=0.0809
  [class rep1] |pool|=96 total=81.60 worst-group=60.17 (best prefix 3: 79.25)
    |pool|=20 loss=0.3091
    |pool|=40 loss=0.2394
    |pool|=60 loss=0.2171
    |pool|=80 loss=0.2076
  [class rep2] |pool|=96 total=80.49 worst-group=64.58 (best prefix 11: 75.83)
    |pool|=20 loss=0.2494
    |pool|=40 loss=0.1991
    |pool|=60 loss=0.1793
    |pool|=80 loss=0.1700
  [group rep0] |pool|=96 total=77.59 worst-group=69.92 (best prefix 3: 79.24)
    |pool|=20 loss=0.2956
    |pool|=40 loss=0.2236
    |pool|=60 loss=0.1903
    |pool|=80 loss=0.1793
  [group rep1] |pool|=96 total=80.59 worst-group=66.95 (best prefix 3: 78.81)
    |pool|=20 loss=0.2997
    |pool|=40 loss=0.2577
    |pool|=60 loss=0.2383
    |pool|=80 loss=0.2271
  [group rep2] |pool|=96 total=77.13 worst-group=66.45 (best prefix 3: 78.81)
[ViT-B-16] wrote waterbirds_{eval,trace,pool}
[ViT-L-14] full model: total=72.20 worst-class=69.91 worst-group=49.41 groups=[95.46, 49.41, 52.87, 90.91]
    |pool|=20 loss=0.3402
    |pool|=40 loss=0.1905
    |pool|=60 loss=0.1249
    |pool|=80 loss=0.0961
  [class rep0] |pool|=96 total=77.32 worst-group=59.47 (best prefix 3: 75.10)
    |pool|=20 loss=0.2312
    |pool|=40 loss=0.1491
    |pool|=60 loss=0.1113
    |pool|=80 loss=0.0938
  [class rep1] |pool|=96 total=85.18 worst-group=72.61 (best prefix 16: 78.42)
    |pool|=20 loss=0.2936
    |pool|=40 loss=0.1944
    |pool|=60 loss=0.1590
    |pool|=80 loss=0.1402
  [class rep2] |pool|=96 total=80.70 worst-group=68.02 (best prefix 32: 79.58)
    |pool|=20 loss=0.3206
    |pool|=40 loss=0.2554
    |pool|=60 loss=0.2224
    |pool|=80 loss=0.1970
  [group rep0] |pool|=96 total=81.40 worst-group=76.62 (best prefix 18: 78.86)
    |pool|=20 loss=0.3448
    |pool|=40 loss=0.2667
    |pool|=60 loss=0.2251
    |pool|=80 loss=0.2007
  [group rep1] |pool|=96 total=83.03 worst-group=73.05 (best prefix 19: 83.05)
    |pool|=20 loss=0.3277
    |pool|=40 loss=0.2422
    |pool|=60 loss=0.1990
    |pool|=80 loss=0.1701
  [group rep2] |pool|=96 total=78.15 worst-group=65.79 (best prefix 8: 77.20)
[ViT-L-14] wrote waterbirds_{eval,trace,pool}
[ViT-H-14] full model: total=66.55 worst-class=65.08 worst-group=40.52 groups=[88.78, 40.52, 56.56, 90.4]
    |pool|=20 loss=0.3830
    |pool|=40 loss=0.2370
    |pool|=60 loss=0.1619
    |pool|=80 loss=0.1184
  [class rep0] |pool|=96 total=82.21 worst-group=71.32 (best prefix 9: 80.79)
    |pool|=20 loss=0.2182
    |pool|=40 loss=0.1061
    |pool|=60 loss=0.0649
    |pool|=80 loss=0.0439
  [class rep1] |pool|=96 total=88.81 worst-group=79.25 (best prefix 28: 83.68)
    |pool|=20 loss=0.2659
    |pool|=40 loss=0.1519
    |pool|=60 loss=0.1001
    |pool|=80 loss=0.0681
  [class rep2] |pool|=96 total=83.62 worst-group=74.05 (best prefix 13: 81.25)
    |pool|=20 loss=0.2959
    |pool|=40 loss=0.1878
    |pool|=60 loss=0.1241
    |pool|=80 loss=0.0962
  [group rep0] |pool|=96 total=83.38 worst-group=81.64 (best prefix 24: 83.09)
    |pool|=20 loss=0.3293
    |pool|=40 loss=0.2178
    |pool|=60 loss=0.1665
    |pool|=80 loss=0.1245
  [group rep1] |pool|=96 total=89.89 worst-group=77.54 (best prefix 4: 78.39)
    |pool|=20 loss=0.3008
    |pool|=40 loss=0.2128
    |pool|=60 loss=0.1667
    |pool|=80 loss=0.1348
  [group rep2] |pool|=96 total=83.94 worst-group=78.47 (best prefix 47: 83.49)
[ViT-H-14] wrote waterbirds_{eval,trace,pool}
[RN50] full model: total=67.85 worst-class=66.05 worst-group=40.65 groups=[90.54, 40.65, 60.66, 90.91]
    |pool|=20 loss=0.3900
    |pool|=40 loss=0.1960
    |pool|=60 loss=0.1305
    |pool|=80 loss=0.0935
  [class rep0] |pool|=96 total=63.31 worst-group=43.16 (best prefix 5: 52.66)
    |pool|=20 loss=0.3203
    |pool|=40 loss=0.1845
    |pool|=60 loss=0.1330
    |pool|=80 loss=0.1050
  [class rep1] |pool|=96 total=61.59 worst-group=41.84 (best prefix 17: 48.82)
    |pool|=20 loss=0.3207
    |pool|=40 loss=0.1822
    |pool|=60 loss=0.1232
    |pool|=80 loss=0.0867
  [class rep2] |pool|=96 total=49.70 worst-group=23.85 (best prefix 4: 43.38)
    |pool|=20 loss=0.3561
    |pool|=40 loss=0.2533
    |pool|=60 loss=0.1870
    |pool|=80 loss=0.1512
  [group rep0] |pool|=96 total=63.92 worst-group=43.06 (best prefix 52: 46.76)
    |pool|=20 loss=0.4043
    |pool|=40 loss=0.2905
    |pool|=60 loss=0.2241
    |pool|=80 loss=0.1874
  [group rep1] |pool|=96 total=71.85 worst-group=61.69 (best prefix 91: 63.14)
    |pool|=20 loss=0.3728
    |pool|=40 loss=0.2447
    |pool|=60 loss=0.1827
    |pool|=80 loss=0.1491
  [group rep2] |pool|=96 total=66.06 worst-group=41.22 (best prefix 10: 46.10)
[RN50] wrote waterbirds_{eval,trace,pool}
[RN101] full model: total=61.45 worst-class=58.15 worst-group=25.10 groups=[90.04, 25.1, 55.33, 94.95]
    |pool|=20 loss=0.3526
    |pool|=40 loss=0.2188
    |pool|=60 loss=0.1493
    |pool|=80 loss=0.1108
  [class rep0] |pool|=96 total=71.22 worst-group=52.89 (best prefix 22: 64.87)
    |pool|=20 loss=0.3264
    |pool|=40 loss=0.2158
    |pool|=60 loss=0.1447
    |pool|=80 loss=0.1021
  [class rep1] |pool|=96 total=79.59 worst-group=61.41 (best prefix 5: 70.54)
    |pool|=20 loss=0.3089
    |pool|=40 loss=0.1965
    |pool|=60 loss=0.1259
    |pool|=80 loss=0.0900
  [class rep2] |pool|=96 total=67.74 worst-group=43.12 (best prefix 10: 76.93)
    |pool|=20 loss=0.3590
    |pool|=40 loss=0.2683
    |pool|=60 loss=0.2161
    |pool|=80 loss=0.1847
  [group rep0] |pool|=96 total=75.20 worst-group=64.60 (best prefix 6: 69.35)
    |pool|=20 loss=0.3767
    |pool|=40 loss=0.2597
    |pool|=60 loss=0.1909
    |pool|=80 loss=0.1487
  [group rep1] |pool|=96 total=83.08 worst-group=70.34 (best prefix 8: 76.88)
    |pool|=20 loss=0.3602
    |pool|=40 loss=0.2617
    |pool|=60 loss=0.2058
    |pool|=80 loss=0.1518
  [group rep2] |pool|=96 total=78.15 worst-group=70.54 (best prefix 74: 73.58)
[RN101] wrote waterbirds_{eval,trace,pool}
ALL DONE
