[ViT-B-32] full model: total=59.50 worst-class=54.43 worst-group=28.50 groups=[79.45, 28.5, 63.11, 94.95]
  [class rep0 forward       ] kept= 119/266 steps= 117 total=70.92 worst-group=52.37
  [class rep0 forward+swap  ] kept= 114/266 steps= 114 total=71.27 worst-group=53.68
  [class rep0 backward      ] kept= 134/266 steps= 132 total=73.44 worst-group=60.79
  [class rep0 backward+swap ] kept= 134/266 steps= 132 total=73.44 worst-group=60.79
  [class rep1 forward       ] kept= 125/266 steps= 123 total=78.63 worst-group=49.79
  [class rep1 forward+swap  ] kept= 125/266 steps= 123 total=78.63 worst-group=49.79
  [class rep1 backward      ] kept= 154/266 steps= 112 total=79.49 worst-group=50.62
  [class rep1 backward+swap ] kept= 154/266 steps= 112 total=79.49 worst-group=50.62
  [class rep2 forward       ] kept= 131/266 steps= 129 total=72.43 worst-group=59.37
  [class rep2 forward+swap  ] kept= 129/266 steps= 129 total=71.57 worst-group=59.11
  [class rep2 backward      ] kept= 163/266 steps= 103 total=72.78 worst-group=65.27
  [class rep2 backward+swap ] kept= 163/266 steps= 103 total=72.78 worst-group=65.27
  [group rep0 forward       ] kept= 121/266 steps= 119 total=76.22 worst-group=73.63
  [group rep0 forward+swap  ] kept= 115/266 steps= 115 total=76.12 worst-group=72.99
  [group rep0 backward      ] kept= 137/266 steps= 129 total=74.59 worst-group=66.97
  [group rep0 backward+swap ] kept= 137/266 steps= 129 total=74.59 worst-group=66.97
  [group rep1 forward       ] kept= 119/266 steps= 117 total=79.47 worst-group=59.75
  [group rep1 forward+swap  ] kept= 119/266 steps= 121 total=79.47 worst-group=59.32
  [group rep1 backward      ] kept= 148/266 steps= 118 total=79.98 worst-group=66.10
  [group rep1 backward+swap ] kept= 153/266 steps= 115 total=79.78 worst-group=61.86
  [group rep2 forward       ] kept= 127/266 steps= 125 total=70.22 worst-group=56.41
  [group rep2 forward+swap  ] kept= 127/266 steps= 125 total=70.22 worst-group=56.41
  [group rep2 backward      ] kept= 144/266 steps= 122 total=73.88 worst-group=61.02
  [group rep2 backward+swap ] kept= 149/266 steps= 121 total=74.39 worst-group=63.14
[ViT-B-32] wrote waterbirds_{eval,trace,pool}
[ViT-B-16] full model: total=69.35 worst-class=60.86 worst-group=38.52 groups=[93.44, 49.28, 38.52, 88.38]
  [class rep0 forward       ] kept= 129/266 steps= 127 total=78.33 worst-group=63.90
  [class rep0 forward+swap  ] kept= 129/266 steps= 127 total=78.33 worst-group=63.90
  [class rep0 backward      ] kept= 153/266 steps= 113 total=79.89 worst-group=62.24
  [class rep0 backward+swap ] kept= 153/266 steps= 113 total=79.89 worst-group=62.24
  [class rep1 forward       ] kept= 134/266 steps= 132 total=81.00 worst-group=59.34
  [class rep1 forward+swap  ] kept= 134/266 steps= 132 total=81.00 worst-group=59.34
  [class rep1 backward      ] kept= 145/266 steps= 121 total=80.04 worst-group=57.26
  [class rep1 backward+swap ] kept= 146/266 steps= 122 total=80.49 worst-group=57.68
  [class rep2 forward       ] kept= 105/266 steps= 103 total=80.24 worst-group=64.17
  [class rep2 forward+swap  ] kept= 105/266 steps= 103 total=80.24 worst-group=64.17
  [class rep2 backward      ] kept= 131/266 steps= 135 total=77.67 worst-group=56.67
  [class rep2 backward+swap ] kept= 131/266 steps= 135 total=77.67 worst-group=56.67
  [group rep0 forward       ] kept= 104/266 steps= 102 total=77.59 worst-group=69.92
  [group rep0 forward+swap  ] kept= 106/266 steps= 108 total=78.46 worst-group=68.22
  [group rep0 backward      ] kept= 136/266 steps= 130 total=78.40 worst-group=74.58
  [group rep0 backward+swap ] kept= 136/266 steps= 130 total=78.40 worst-group=74.58
  [group rep1 forward       ] kept= 123/266 steps= 121 total=80.18 worst-group=69.62
  [group rep1 forward+swap  ] kept= 121/266 steps= 121 total=80.64 worst-group=71.19
  [group rep1 backward      ] kept= 153/266 steps= 113 total=82.01 worst-group=69.49
  [group rep1 backward+swap ] kept= 153/266 steps= 113 total=82.01 worst-group=69.49
  [group rep2 forward       ] kept= 126/266 steps= 124 total=76.42 worst-group=64.20
  [group rep2 forward+swap  ] kept= 121/266 steps= 121 total=76.58 worst-group=65.52
  [group rep2 backward      ] kept= 142/266 steps= 124 total=76.22 worst-group=71.60
  [group rep2 backward+swap ] kept= 133/266 steps= 141 total=75.10 worst-group=65.79
[ViT-B-16] wrote waterbirds_{eval,trace,pool}
[ViT-L-14] full model: total=72.20 worst-class=69.91 worst-group=49.41 groups=[95.46, 49.41, 52.87, 90.91]
  [class rep0 forward       ] kept= 263/566 steps= 261 total=76.76 worst-group=58.68
  [class rep0 forward+swap  ] kept= 263/566 steps= 261 total=76.76 worst-group=58.68
  [class rep0 backward      ] kept= 329/566 steps= 237 total=82.56 worst-group=65.98
  [class rep0 backward+swap ] kept= 325/566 steps= 243 total=82.31 worst-group=66.39
  [class rep1 forward       ] kept= 268/566 steps= 266 total=84.93 worst-group=77.18
  [class rep1 forward+swap  ] kept= 268/566 steps= 266 total=84.93 worst-group=77.18
  [class rep1 backward      ] kept= 290/566 steps= 276 total=86.49 worst-group=66.80
  [class rep1 backward+swap ] kept= 302/566 steps= 292 total=86.49 worst-group=67.63
  [class rep2 forward       ] kept= 276/566 steps= 274 total=80.04 worst-group=65.66
  [class rep2 forward+swap  ] kept= 267/566 steps= 269 total=80.44 worst-group=66.06
  [class rep2 backward      ] kept= 296/566 steps= 270 total=85.38 worst-group=72.50
  [class rep2 backward+swap ] kept= 308/566 steps= 270 total=85.28 worst-group=73.33
  [group rep0 forward       ] kept= 277/566 steps= 275 total=79.37 worst-group=75.56
  [group rep0 forward+swap  ] kept= 267/566 steps= 273 total=78.86 worst-group=73.05
  [group rep0 backward      ] kept= 295/566 steps= 271 total=80.59 worst-group=76.35
  [group rep0 backward+swap ] kept= 301/566 steps= 271 total=80.28 worst-group=76.35
  [group rep1 forward       ] kept= 289/566 steps= 287 total=84.45 worst-group=75.17
  [group rep1 forward+swap  ] kept= 273/566 steps= 273 total=83.94 worst-group=74.90
  [group rep1 backward      ] kept= 322/566 steps= 244 total=84.86 worst-group=77.01
  [group rep1 backward+swap ] kept= 322/566 steps= 244 total=84.86 worst-group=77.01
  [group rep2 forward       ] kept= 277/566 steps= 275 total=75.97 worst-group=61.16
  [group rep2 forward+swap  ] kept= 279/566 steps= 287 total=77.39 worst-group=64.20
  [group rep2 backward      ] kept= 316/566 steps= 250 total=78.51 worst-group=65.92
  [group rep2 backward+swap ] kept= 324/566 steps= 248 total=78.10 worst-group=63.41
[ViT-L-14] wrote waterbirds_{eval,trace,pool}
[ViT-H-14] full model: total=66.55 worst-class=65.08 worst-group=40.52 groups=[88.78, 40.52, 56.56, 90.4]
  [class rep0 forward       ] kept= 402/954 steps= 400 total=77.87 worst-group=64.61
  [class rep0 forward+swap  ] kept= 400/954 steps= 400 total=78.63 worst-group=65.79
  [class rep0 backward      ] kept= 554/954 steps= 400 total=82.71 worst-group=72.63
  [class rep0 backward+swap ] kept= 560/954 steps= 400 total=82.66 worst-group=73.16
  [class rep1 forward       ] kept= 402/954 steps= 400 total=88.61 worst-group=79.67
  [class rep1 forward+swap  ] kept= 400/954 steps= 400 total=88.71 worst-group=78.84
  [class rep1 backward      ] kept= 554/954 steps= 400 total=87.60 worst-group=59.75
  [class rep1 backward+swap ] kept= 554/954 steps= 400 total=87.60 worst-group=59.75
  [class rep2 forward       ] kept= 402/954 steps= 400 total=80.70 worst-group=69.86
  [class rep2 forward+swap  ] kept= 390/954 steps= 400 total=81.50 worst-group=70.64
  [class rep2 backward      ] kept= 554/954 steps= 400 total=85.99 worst-group=81.13
  [class rep2 backward+swap ] kept= 554/954 steps= 400 total=85.99 worst-group=81.13
  [group rep0 forward       ] kept= 402/954 steps= 400 total=81.30 worst-group=78.07
  [group rep0 forward+swap  ] kept= 396/954 steps= 400 total=81.50 worst-group=78.73
  [group rep0 backward      ] kept= 554/954 steps= 400 total=84.25 worst-group=80.45
  [group rep0 backward+swap ] kept= 560/954 steps= 400 total=84.15 worst-group=80.05
  [group rep1 forward       ] kept= 402/954 steps= 400 total=88.72 worst-group=79.24
  [group rep1 forward+swap  ] kept= 402/954 steps= 400 total=88.72 worst-group=79.24
  [group rep1 backward      ] kept= 554/954 steps= 400 total=88.87 worst-group=73.31
  [group rep1 backward+swap ] kept= 558/954 steps= 400 total=88.47 worst-group=72.88
  [group rep2 forward       ] kept= 402/954 steps= 400 total=82.67 worst-group=77.15
  [group rep2 forward+swap  ] kept= 402/954 steps= 400 total=82.67 worst-group=77.15
  [group rep2 backward      ] kept= 554/954 steps= 400 total=85.16 worst-group=80.18
  [group rep2 backward+swap ] kept= 568/954 steps= 400 total=84.60 worst-group=79.79
[ViT-H-14] wrote waterbirds_{eval,trace,pool}
[RN50] full model: total=67.85 worst-class=66.05 worst-group=40.65 groups=[90.54, 40.65, 60.66, 90.91]
  [class rep0 forward       ] kept= 300/654 steps= 298 total=62.35 worst-group=39.61
  [class rep0 forward+swap  ] kept= 303/654 steps= 319 total=61.69 worst-group=36.71
  [class rep0 backward      ] kept= 397/654 steps= 257 total=70.67 worst-group=57.76
  [class rep0 backward+swap ] kept= 394/654 steps= 274 total=71.93 worst-group=60.53
  [class rep1 forward       ] kept= 294/654 steps= 292 total=56.60 worst-group=35.13
  [class rep1 forward+swap  ] kept= 297/654 steps= 303 total=56.60 worst-group=35.39
  [class rep1 backward      ] kept= 398/654 steps= 256 total=73.64 worst-group=53.42
  [class rep1 backward+swap ] kept= 404/654 steps= 266 total=73.94 worst-group=53.95
  [class rep2 forward       ] kept= 289/654 steps= 287 total=46.42 worst-group=20.45
  [class rep2 forward+swap  ] kept= 276/654 steps= 278 total=45.92 worst-group=19.13
  [class rep2 backward      ] kept= 396/654 steps= 258 total=68.60 worst-group=56.75
  [class rep2 backward+swap ] kept= 397/654 steps= 275 total=65.52 worst-group=49.15
  [group rep0 forward       ] kept= 295/654 steps= 293 total=63.67 worst-group=44.65
  [group rep0 forward+swap  ] kept= 299/654 steps= 317 total=63.11 worst-group=43.20
  [group rep0 backward      ] kept= 403/654 steps= 251 total=77.18 worst-group=69.09
  [group rep0 backward+swap ] kept= 427/654 steps= 229 total=78.15 worst-group=69.88
  [group rep1 forward       ] kept= 304/654 steps= 302 total=69.05 worst-group=61.29
  [group rep1 forward+swap  ] kept= 295/654 steps= 303 total=69.11 worst-group=61.03
  [group rep1 backward      ] kept= 410/654 steps= 244 total=80.74 worst-group=61.86
  [group rep1 backward+swap ] kept= 414/654 steps= 244 total=79.27 worst-group=58.05
  [group rep2 forward       ] kept= 298/654 steps= 296 total=63.87 worst-group=40.29
  [group rep2 forward+swap  ] kept= 293/654 steps= 295 total=64.28 worst-group=41.08
  [group rep2 backward      ] kept= 402/654 steps= 252 total=75.36 worst-group=68.69
  [group rep2 backward+swap ] kept= 400/654 steps= 262 total=76.12 worst-group=69.75
[RN50] wrote waterbirds_{eval,trace,pool}
[RN101] full model: total=61.45 worst-class=58.15 worst-group=25.10 groups=[90.04, 25.1, 55.33, 94.95]
  [class rep0 forward       ] kept= 402/1198 steps= 400 total=72.73 worst-group=54.74
  [class rep0 forward+swap  ] kept= 402/1198 steps= 400 total=72.73 worst-group=54.74
  [class rep0 backward      ] kept= 798/1198 steps= 400 total=72.38 worst-group=55.13
  [class rep0 backward+swap ] kept= 800/1198 steps= 400 total=72.78 worst-group=55.66
  [class rep1 forward       ] kept= 402/1198 steps= 400 total=79.33 worst-group=68.88
  [class rep1 forward+swap  ] kept= 396/1198 steps= 400 total=79.94 worst-group=70.13
  [class rep1 backward      ] kept= 798/1198 steps= 400 total=77.97 worst-group=62.66
  [class rep1 backward+swap ] kept= 808/1198 steps= 400 total=75.91 worst-group=56.85
  [class rep2 forward       ] kept= 402/1198 steps= 400 total=71.67 worst-group=49.28
  [class rep2 forward+swap  ] kept= 402/1198 steps= 400 total=71.67 worst-group=49.28
  [class rep2 backward      ] kept= 798/1198 steps= 400 total=70.77 worst-group=43.64
  [class rep2 backward+swap ] kept= 806/1198 steps= 400 total=71.72 worst-group=45.87
  [group rep0 forward       ] kept= 402/1198 steps= 400 total=79.62 worst-group=71.73
  [group rep0 forward+swap  ] kept= 402/1198 steps= 400 total=79.62 worst-group=71.73
  [group rep0 backward      ] kept= 798/1198 steps= 400 total=80.95 worst-group=74.15
  [group rep0 backward+swap ] kept= 802/1198 steps= 400 total=80.39 worst-group=71.61
  [group rep1 forward       ] kept= 402/1198 steps= 400 total=83.33 worst-group=73.73
  [group rep1 forward+swap  ] kept= 400/1198 steps= 400 total=81.50 worst-group=74.15
  [group rep1 backward      ] kept= 798/1198 steps= 400 total=83.03 worst-group=68.22
  [group rep1 backward+swap ] kept= 800/1198 steps= 400 total=83.13 worst-group=70.76
  [group rep2 forward       ] kept= 402/1198 steps= 400 total=79.78 worst-group=71.99
  [group rep2 forward+swap  ] kept= 396/1198 steps= 400 total=78.71 worst-group=70.28
  [group rep2 backward      ] kept= 798/1198 steps= 400 total=75.56 worst-group=63.54
  [group rep2 backward+swap ] kept= 808/1198 steps= 400 total=75.86 worst-group=63.54
[RN101] wrote waterbirds_{eval,trace,pool}
ALL DONE
